2025-05-10 00:45:13
Beginning Test, file ESMC_ArrayUTest.c, line 46
Beginning Test, file ESMC_ArrayUTest.c, line 46NUMBER_OF_PROCESSORS 4
PASS ArraySpecSet, ESMC_ArrayUTest.c, line 55
PASS Set up minIndex, ESMC_ArrayUTest.c, line 65
PASS Set up maxIndex, ESMC_ArrayUTest.c, line 76
Beginning Test, file ESMC_ArrayUTest.c, line 46
Beginning Test, file ESMC_ArrayUTest.c, line 46NUMBER_OF_PROCESSORS 4
PASS ArraySpecSet, ESMC_ArrayUTest.c, line 55
PASS Set up minIndex, ESMC_ArrayUTest.c, line 65
PASS Create 5 x 10 ESMC_DistGrid object, ESMC_ArrayUTest.c, line 84
PASS Set up maxIndex, ESMC_ArrayUTest.c, line 76
Beginning Test, file ESMC_ArrayUTest.c, line 46
PASS Create 5 x 10 ESMC_DistGrid object, ESMC_ArrayUTest.c, line 84
Beginning Test, file ESMC_ArrayUTest.c, line 46NUMBER_OF_PROCESSORS 4
PASS Create ESMC_Array object, ESMC_ArrayUTest.c, line 96
PASS ArraySpecSet, ESMC_ArrayUTest.c, line 55
PASS Set up minIndex, ESMC_ArrayUTest.c, line 65
--- ESMCI::Array::print start ---
 Base name    = array1
 Status: Base = Ready,  object = Ready
 Proxy        = no
 Root Info (Attributes):
PASS Set up maxIndex, ESMC_ArrayUTest.c, line 76
PASS Create ESMC_Array object, ESMC_ArrayUTest.c, line 96
{}Array typekind/rank: Integer*4 / 2 
~ lower class' values ~
DistGrid dimCount = 2
--- ESMCI::Array::print start ---
 Base name    = array1
deCount = 4
localDeCount = 1
~ local data in LocalArray for DE 0 ~
LocalArrayPrint: Array at address 0x191a010:
            rank = 2, typekind = 3, base_addr = 0x1b097a0
            dim[0] = 2  dim[1] = 10  
PASS Create 5 x 10 ESMC_DistGrid object, ESMC_ArrayUTest.c, line 84
 Status: Base = Ready,  object = Ready
 Proxy        = no
 Root Info (Attributes):
  Integer, *4, Dim 2, Data values:
( 1, 1) =  28281840
( 2, 1) =  0
( 1, 2) =  0
( 2, 2) =  0
( 1, 3) =  0
( 2, 3) =  0
( 1, 4) =  44
( 2, 4) =  0
( 1, 5) =  -1368850432
( 2, 5) =  -1476395008
( 1, 6) =  0
( 2, 6) =  0
( 1, 7) =  0
( 2, 7) =  0
( 1, 8) =  0
( 2, 8) =  0
( 1, 9) =  0
{}Array typekind/rank: Integer*4 / 2 
~ lower class' values ~
DistGrid dimCount = 2
deCount = 4
localDeCount = 1
~ local data in LocalArray for DE 2 ~
( 2, 9) =  0
( 1,10) =  0
( 2,10) =  0
--- ESMCI::Array::print end ---
LocalArrayPrint: Array at address 0x2869010:
            rank = 2, typekind = 3, base_addr = 0x2a2e8b0
            dim[0] = 1  dim[1] = 10  
PASS Print ESMC_Array object, ESMC_ArrayUTest.c, line 104
PASS Destroy ESMC_DistGrid object, ESMC_ArrayUTest.c, line 112
PASS Destroy ESMC_Array object, ESMC_ArrayUTest.c, line 120
PASS Create ESMC_Array object, ESMC_ArrayUTest.c, line 96
  Integer, *4, Dim 2, Data values:
( 1, 1) =  44231056
( 1, 2) =  0
( 1, 3) =  0
( 1, 4) =  0
( 1, 5) =  0
( 1, 6) =  0
( 1, 7) =  0
( 1, 8) =  0
( 1, 9) =  0
( 1,10) =  0
--- ESMCI::Array::print end ---
--- ESMCI::Array::print start ---
 Base name    = array1
 Status: Base = Ready,  object = Ready
 Proxy        = no
 Root Info (Attributes):
PASS Print ESMC_Array object, ESMC_ArrayUTest.c, line 104
PASS Destroy ESMC_DistGrid object, ESMC_ArrayUTest.c, line 112
Ending Test, file ESMC_ArrayUTest.c, line 124
{}Array typekind/rank: Integer*4 / 2 
~ lower class' values ~
DistGrid dimCount = 2
deCount = 4
localDeCount = 1
~ local data in LocalArray for DE 1 ~
PASS Destroy ESMC_Array object, ESMC_ArrayUTest.c, line 120
Ending Test, file ESMC_ArrayUTest.c, line 124
LocalArrayPrint: Array at address 0x1c61930:
            rank = 2, typekind = 3, base_addr = 0x2002880
            dim[0] = 1  dim[1] = 10  
  Integer, *4, Dim 2, Data values:
( 1, 1) =  33565024
( 1, 2) =  0
( 1, 3) =  0
( 1, 4) =  0
( 1, 5) =  0
( 1, 6) =  0
( 1, 7) =  0
( 1, 8) =  0
( 1, 9) =  0
( 1,10) =  0
--- ESMCI::Array::print end ---
PASS Print ESMC_Array object, ESMC_ArrayUTest.c, line 104
PASS Destroy ESMC_DistGrid object, ESMC_ArrayUTest.c, line 112
PASS Destroy ESMC_Array object, ESMC_ArrayUTest.c, line 120
Ending Test, file ESMC_ArrayUTest.c, line 124
Beginning Test, file ESMC_ArrayUTest.c, line 46
Beginning Test, file ESMC_ArrayUTest.c, line 46NUMBER_OF_PROCESSORS 4
PASS ArraySpecSet, ESMC_ArrayUTest.c, line 55
PASS Set up minIndex, ESMC_ArrayUTest.c, line 65
PASS Set up maxIndex, ESMC_ArrayUTest.c, line 76
PASS Create 5 x 10 ESMC_DistGrid object, ESMC_ArrayUTest.c, line 84
PASS Create ESMC_Array object, ESMC_ArrayUTest.c, line 96
--- ESMCI::Array::print start ---
 Base name    = array1
 Status: Base = Ready,  object = Ready
 Proxy        = no
 Root Info (Attributes):
{}Array typekind/rank: Integer*4 / 2 
~ lower class' values ~
DistGrid dimCount = 2
deCount = 4
localDeCount = 1
~ local data in LocalArray for DE 3 ~
LocalArrayPrint: Array at address 0xe0d930:
            rank = 2, typekind = 3, base_addr = 0x11f62a0
            dim[0] = 1  dim[1] = 10  
  Integer, *4, Dim 2, Data values:
( 1, 1) =  18834304
( 1, 2) =  0
( 1, 3) =  0
( 1, 4) =  0
( 1, 5) =  0
( 1, 6) =  0
( 1, 7) =  0
( 1, 8) =  0
( 1, 9) =  0
( 1,10) =  0
--- ESMCI::Array::print end ---
PASS Print ESMC_Array object, ESMC_ArrayUTest.c, line 104
PASS Destroy ESMC_DistGrid object, ESMC_ArrayUTest.c, line 112
PASS Destroy ESMC_Array object, ESMC_ArrayUTest.c, line 120
Ending Test, file ESMC_ArrayUTest.c, line 124
Ending Test, file ESMC_ArrayUTest.c, line 124 PET 1 Test Elapsed Time 92.088 msec.
Ending Test, file ESMC_ArrayUTest.c, line 124 PET 2 Test Elapsed Time 92.473 msec.
Ending Test, file ESMC_ArrayUTest.c, line 124 PET 0 Test Elapsed Time 92.662 msec.
Ending Test, file ESMC_ArrayUTest.c, line 124 PET 3 Test Elapsed Time 94.221 msec.
