2025-05-10 02:45:11
Name: scicomp	  Convention: customconvention2	  Purpose: custompurpose2	


