2025-05-07 23:16:40
Name: cplcomp	  Convention: customconvention2	  Purpose: custompurpose2	


