2025-05-07 23:16:40
Beginning Test, file ESMC_StateUTest.c, line 53
Beginning Test, file ESMC_StateUTest.c, line 53NUMBER_OF_PROCESSORS 4
PASS StateCreate Unit test, ESMC_StateUTest.c, line 66
PASS ArraySpecSet, ESMC_StateUTest.c, line 75
PASS Set up minIndex, ESMC_StateUTest.c, line 85
PASS Set up maxIndex, ESMC_StateUTest.c, line 96
Beginning Test, file ESMC_StateUTest.c, line 53
Beginning Test, file ESMC_StateUTest.c, line 53NUMBER_OF_PROCESSORS 4
PASS Create 5 x 10 ESMC_DistGrid object, ESMC_StateUTest.c, line 104
Beginning Test, file ESMC_StateUTest.c, line 53
Beginning Test, file ESMC_StateUTest.c, line 53NUMBER_OF_PROCESSORS 4
PASS StateCreate Unit test, ESMC_StateUTest.c, line 66
PASS ArraySpecSet, ESMC_StateUTest.c, line 75
PASS Create ESMC_Array object, ESMC_StateUTest.c, line 112
PASS Set up minIndex, ESMC_StateUTest.c, line 85
PASS Set up maxIndex, ESMC_StateUTest.c, line 96
PASS Retrieve the name of an ESMC_Array object, ESMC_StateUTest.c, line 120
Beginning Test, file ESMC_StateUTest.c, line 53
PASS Verify array object name retrieved, ESMC_StateUTest.c, line 128
PASS Initialize data an ESMC_Array object, ESMC_StateUTest.c, line 136
Beginning Test, file ESMC_StateUTest.c, line 53NUMBER_OF_PROCESSORS 4
--- ESMCI::Array::print start ---
 Base name    = array1
 Status: Base = Ready,  object = Ready
PASS StateCreate Unit test, ESMC_StateUTest.c, line 66
 Proxy        = no
 Root Info (Attributes):
PASS ArraySpecSet, ESMC_StateUTest.c, line 75
PASS Create 5 x 10 ESMC_DistGrid object, ESMC_StateUTest.c, line 104
{}Array typekind/rank: Integer*4 / 2 
~ lower class' values ~
DistGrid dimCount = 2
deCount = 4
localDeCount = 1
~ local data in LocalArray for DE 0 ~
PASS Set up minIndex, ESMC_StateUTest.c, line 85
PASS Set up maxIndex, ESMC_StateUTest.c, line 96
LocalArrayPrint: Array at address 0xd8e800:
            rank = 2, typekind = 3, base_addr = 0x15084c41bfa0
            dim[0] = 2  dim[1] = 10  
  Integer, *4, Dim 2, Data values:
( 1, 1) =  1397965136
( 2, 1) =  1701987104
( 1, 2) =  543519841
( 2, 2) =  544743477
( 1, 3) =  1159737393
( 2, 3) =  1598246227
( 1, 4) =  1953720644
( 2, 4) =  1684632135
( 1, 5) =  1784835872
( 2, 5) =  745825125
( 1, 6) =  1297302816
( 2, 6) =  1951620931
( 1, 7) =  1432712289
( 2, 7) =  1953719636
( 1, 8) =  539779886
( 2, 8) =  1701734764
( 1, 9) =  875573536
( 2, 9) =  52
( 1,10) =  0
( 2,10) =  0
--- ESMCI::Array::print end ---
PASS Print ESMC_Array object, ESMC_StateUTest.c, line 144
PASS StateCreate Unit test, ESMC_StateUTest.c, line 66
PASS Create 5 x 10 ESMC_DistGrid object, ESMC_StateUTest.c, line 104
PASS ArraySpecSet, ESMC_StateUTest.c, line 75
PASS Set up minIndex, ESMC_StateUTest.c, line 85
PASS Set up maxIndex, ESMC_StateUTest.c, line 96
PASS Create ESMC_Array object, ESMC_StateUTest.c, line 112
PASS Retrieve the name of an ESMC_Array object, ESMC_StateUTest.c, line 120
PASS Verify array object name retrieved, ESMC_StateUTest.c, line 128
PASS Initialize data an ESMC_Array object, ESMC_StateUTest.c, line 136
--- ESMCI::Array::print start ---
 Base name    = array1
 Status: Base = Ready,  object = ReadyPASS Create 5 x 10 ESMC_DistGrid object, ESMC_StateUTest.c, line 104

 Proxy        = no
 Root Info (Attributes):
PASS Create ESMC_Array object, ESMC_StateUTest.c, line 112
{}Array typekind/rank: Integer*4 / 2 
~ lower class' values ~
DistGrid dimCount = 2
deCount = 4
localDeCount = 1
~ local data in LocalArray for DE 3 ~
LocalArrayPrint: Array at address 0x1249af0:
            rank = 2, typekind = 3, base_addr = 0x153f5352bd00
            dim[0] = 1  dim[1] = 10  
PASS Add an Array to a State object, ESMC_StateUTest.c, line 151
--- ESMCI::Array::print start ---
 Base name    = array1
 Status: Base = PASS Retrieve the name of an ESMC_Array object, ESMC_StateUTest.c, line 120
PASS Verify array object name retrieved, ESMC_StateUTest.c, line 128
PASS Initialize data an ESMC_Array object, ESMC_StateUTest.c, line 136
  Integer, *4, Dim 2, Data values:
( 1, 1) =  1397931200
( 1, 2) =  5439
( 1, 3) =  544240928
( 1, 4) =  1232626029
( 1, 5) =  2019910766
( 1, 6) =  1397039148
( 1, 7) =  1398752077
( 1, 8) =  1702125940
( 1, 9) =  1936020565
( 1,10) =  744697460
--- ESMCI::Array::print end ---
PASS Get an array from a state, based on its name, ESMC_StateUTest.c, line 159
PASS Compare array stored into and array retrieved from a state, ESMC_StateUTest.c, line 167
PASS Destroy ESMC_DistGrid object, ESMC_StateUTest.c, line 175
Ready,  object = Ready
 Proxy        = no
 Root Info (Attributes):
{}PASS Create ESMC_Array object, ESMC_StateUTest.c, line 112
PASS Retrieve the name of an ESMC_Array object, ESMC_StateUTest.c, line 120
PASS Verify array object name retrieved, ESMC_StateUTest.c, line 128
PASS Print ESMC_Array object, ESMC_StateUTest.c, line 144
PASS Destroy ESMC_Array object, ESMC_StateUTest.c, line 183
Array typekind/rank: Integer*4 / 2 
~ lower class' values ~
DistGrid dimCount = 2
deCount = 4
localDeCount = 1
~ local data in LocalArray for DE 1 ~
LocalArrayPrint: Array at address 0x121e8c0:
            rank = 2, typekind = 3, base_addr = 0x14764512bd00
            dim[0] = 1  dim[1] = 10  
  Integer, *4, Dim 2, Data values:
( 1, 1) =  1158855872
( 1, 2) =  5238
( 1, 3) =  544240928
( 1, 4) =  1232626029
( 1, 5) =  2019910766
( 1, 6) =  1397039148
( 1, 7) =  1398752077
( 1, 8) =  1702125940
( 1, 9) =  1936020565
( 1,10) =  744697460
--- ESMCI::Array::print end ---
--- ESMCI::Array::print start ---
 Base name    = array1
 Status: Base = Ready,  object = Ready
 Proxy        = no
 Root Info (Attributes):
PASS Initialize data an ESMC_Array object, ESMC_StateUTest.c, line 136
PASS StateDestroy Unit test, ESMC_StateUTest.c, line 193
Ending Test, file ESMC_StateUTest.c, line 200
PASS Print ESMC_Array object, ESMC_StateUTest.c, line 144
{}Array typekind/rank: Integer*4 / 2 
~ lower class' values ~
DistGrid dimCount = 2
deCount = 4
localDeCount = 1
~ local data in LocalArray for DE 2 ~
LocalArrayPrint: Array at address 0x19ee960:
            rank = 2, typekind = 3, base_addr = 0x148ff112bd00
            dim[0] = 1  dim[1] = 10  
  Integer, *4, Dim 2, Data values:
( 1, 1) =  -250430272
( 1, 2) =  5263
( 1, 3) =  544240928
( 1, 4) =  1232626029
( 1, 5) =  2019910766
( 1, 6) =  1397039148
( 1, 7) =  1398752077
( 1, 8) =  1702125940
( 1, 9) =  1936020565
( 1,10) =  744697460
--- ESMCI::Array::print end ---
PASS Add an Array to a State object, ESMC_StateUTest.c, line 151
PASS Print ESMC_Array object, ESMC_StateUTest.c, line 144
PASS Get an array from a state, based on its name, ESMC_StateUTest.c, line 159
PASS Compare array stored into and array retrieved from a state, ESMC_StateUTest.c, line 167
PASS Destroy ESMC_DistGrid object, ESMC_StateUTest.c, line 175
PASS Destroy ESMC_Array object, ESMC_StateUTest.c, line 183
PASS Add an Array to a State object, ESMC_StateUTest.c, line 151
PASS Get an array from a state, based on its name, ESMC_StateUTest.c, line 159
PASS StateDestroy Unit test, ESMC_StateUTest.c, line 193
Ending Test, file ESMC_StateUTest.c, line 200
PASS Compare array stored into and array retrieved from a state, ESMC_StateUTest.c, line 167
PASS Destroy ESMC_DistGrid object, ESMC_StateUTest.c, line 175
PASS Add an Array to a State object, ESMC_StateUTest.c, line 151
PASS Destroy ESMC_Array object, ESMC_StateUTest.c, line 183
PASS Get an array from a state, based on its name, ESMC_StateUTest.c, line 159
PASS Compare array stored into and array retrieved from a state, ESMC_StateUTest.c, line 167
PASS StateDestroy Unit test, ESMC_StateUTest.c, line 193
Ending Test, file ESMC_StateUTest.c, line 200
PASS Destroy ESMC_DistGrid object, ESMC_StateUTest.c, line 175
PASS Destroy ESMC_Array object, ESMC_StateUTest.c, line 183
PASS StateDestroy Unit test, ESMC_StateUTest.c, line 193
Ending Test, file ESMC_StateUTest.c, line 200
Ending Test, file ESMC_StateUTest.c, line 200 PET 3 Test Elapsed Time 10.007 msec.
Ending Test, file ESMC_StateUTest.c, line 200 PET 1 Test Elapsed Time 9.966 msec.
Ending Test, file ESMC_StateUTest.c, line 200 PET 2 Test Elapsed Time 9.81 msec.
Ending Test, file ESMC_StateUTest.c, line 200 PET 0 Test Elapsed Time 10.643 msec.
