2025-05-08 03:58:57
Name: scicomp	  Convention: customconvention2	  Purpose: custompurpose2	


