2025-05-09 04:48:39
  Beginning Test, file ESMF_GeomUTest.F90, line 58
  NUMBER_OF_PROCESSORS           4
  Beginning Test, file ESMF_GeomUTest.F90, line 58
  NUMBER_OF_PROCESSORS           4
  Beginning Test, file ESMF_GeomUTest.F90, line 58
  NUMBER_OF_PROCESSORS           4
  Beginning Test, file ESMF_GeomUTest.F90, line 58
  NUMBER_OF_PROCESSORS           4
  PASS  Geom equality before assignment Test, ESMF_GeomUTest.F90, line 82
  PASS  Geom non-equality before assignment Test, ESMF_GeomUTest.F90, line 89
  PASS  Geom equality with alias test, ESMF_GeomUTest.F90, line 114
  PASS  Geom equality before assignment Test, ESMF_GeomUTest.F90, line 82
  PASS  Geom non-equality before assignment Test, ESMF_GeomUTest.F90, line 89
  PASS  Geom equality with alias test, ESMF_GeomUTest.F90, line 114
  PASS  Geom inequality with two different geoms, ESMF_GeomUTest.F90, line 144
  PASS  Geom equality before assignment Test, ESMF_GeomUTest.F90, line 82
  PASS  Geom non-equality before assignment Test, ESMF_GeomUTest.F90, line 89
  PASS  Geom equality with alias test, ESMF_GeomUTest.F90, line 114
  PASS  Geom inequality with two different geoms, ESMF_GeomUTest.F90, line 144
  PASS  Geom match with the same geoms, ESMF_GeomUTest.F90, line 169
  PASS  Geom inequality with two different geoms, ESMF_GeomUTest.F90, line 144
  PASS  Geom match with the same geoms, ESMF_GeomUTest.F90, line 169
  PASS  Geom match with different geoms with the same grid, ESMF_GeomUTest.F90, line 200
  PASS  Geom match with different geoms with different grids, ESMF_GeomUTest.F90, line 231
  PASS  Geom equality before assignment Test, ESMF_GeomUTest.F90, line 82
  PASS  Geom non-equality before assignment Test, ESMF_GeomUTest.F90, line 89
  PASS  Geom equality with alias test, ESMF_GeomUTest.F90, line 114
  PASS  Geom inequality with two different geoms, ESMF_GeomUTest.F90, line 144
  PASS  Geom match with the same geoms, ESMF_GeomUTest.F90, line 169
  PASS  Geom match with the same geoms, ESMF_GeomUTest.F90, line 169
  PASS  Geom match with different geoms with the same grid, ESMF_GeomUTest.F90, line 200
  PASS  Geom match with different geoms with different grids, ESMF_GeomUTest.F90, line 231
  Ending Test, file ESMF_GeomUTest.F90, line 242
  PASS  Geom match with different geoms with the same grid, ESMF_GeomUTest.F90, line 200
  PASS  Geom match with different geoms with different grids, ESMF_GeomUTest.F90, line 231
  Ending Test, file ESMF_GeomUTest.F90, line 242
  Ending Test, file ESMF_GeomUTest.F90, line 242
  PASS  Geom match with different geoms with the same grid, ESMF_GeomUTest.F90, line 200
  PASS  Geom match with different geoms with different grids, ESMF_GeomUTest.F90, line 231
  Ending Test, file ESMF_GeomUTest.F90, line 242
  PET           3  Test Elapsed Time   0.89600000000000102       msec.
  PET           1  Test Elapsed Time   0.91400000000000159       msec.
  PET           0  Test Elapsed Time   0.98600000000000076       msec.
  PET           2  Test Elapsed Time    1.2050000000000012       msec.
