2025-05-08 03:58:57
  Beginning Test, file ESMF_VMBarrierUTest.F90, line 66
  NUMBER_OF_PROCESSORS           4
 timing precision is:    2.5999997887993231E-007
  Beginning Test, file ESMF_VMBarrierUTest.F90, line 66
  NUMBER_OF_PROCESSORS           4
 timing precision is:    2.9000000267842552E-007
 max timing precision is:    3.8100000665508560E-007
  PASS  Timer Precision test, ESMF_VMBarrierUTest.F90, line 87
  Beginning Test, file ESMF_VMBarrierUTest.F90, line 66
  NUMBER_OF_PROCESSORS           4
 timing precision is:    3.8100000665508560E-007
 max timing precision is:    3.8100000665508560E-007
  PASS  Timer Precision test, ESMF_VMBarrierUTest.F90, line 87
  Beginning Test, file ESMF_VMBarrierUTest.F90, line 66
  NUMBER_OF_PROCESSORS           4
 timing precision is:    2.7999999474559445E-007
 max timing precision is:    3.8100000665508560E-007
  PASS  Timer Precision test, ESMF_VMBarrierUTest.F90, line 87
 max timing precision is:    3.8100000665508560E-007
  PASS  Timer Precision test, ESMF_VMBarrierUTest.F90, line 87
 slow Pet=           0 Pet=           0 time delay =    1.0000105830000052      [  -- should be >=    1.0000000000000000      --  ]
 slow Pet=           0 Pet=           1 time delay =    1.0000103829999603      [  -- should be >=    1.0000000000000000      --  ]
 slow Pet=           0 Pet=           2 time delay =    1.0000142600000004      [  -- should be >=    1.0000000000000000      --  ]
 slow Pet=           0 Pet=           3 time delay =    1.0000108429999841      [  -- should be >=    1.0000000000000000      --  ]
 slow Pet=           1 Pet=           0 time delay =    1.0000111040000093      [  -- should be >=    1.0000000000000000      --  ]
 slow Pet=           1 Pet=           1 time delay =    1.0000110929999551      [  -- should be >=    1.0000000000000000      --  ]
 slow Pet=           1 Pet=           2 time delay =    1.0000132380000082      [  -- should be >=    1.0000000000000000      --  ]
 slow Pet=           1 Pet=           3 time delay =    1.0000127870000028      [  -- should be >=    1.0000000000000000      --  ]
 slow Pet=           2 Pet=           0 time delay =    1.0000104519999695      [  -- should be >=    1.0000000000000000      --  ]
 slow Pet=           2 Pet=           1 time delay =    1.0000142090000281      [  -- should be >=    1.0000000000000000      --  ]
 slow Pet=           2 Pet=           2 time delay =    1.0000094199999694      [  -- should be >=    1.0000000000000000      --  ]
 slow Pet=           2 Pet=           3 time delay =    1.0000167350000311      [  -- should be >=    1.0000000000000000      --  ]
 slow Pet=           3 Pet=           0 time delay =    1.0000221650000185      [  -- should be >=    1.0000000000000000      --  ]
  PASS  Barrier Test, ESMF_VMBarrierUTest.F90, line 122
 slow Pet=           3 Pet=           1 time delay =    1.0000248599999964      [  -- should be >=    1.0000000000000000      --  ]
  PASS  Barrier Test, ESMF_VMBarrierUTest.F90, line 122
 slow Pet=           3 Pet=           2 time delay =    1.0000225549999868      [  -- should be >=    1.0000000000000000      --  ]
  PASS  Barrier Test, ESMF_VMBarrierUTest.F90, line 122
 slow Pet=           3 Pet=           3 time delay =    1.0000252609999620      [  -- should be >=    1.0000000000000000      --  ]
  PASS  Barrier Test, ESMF_VMBarrierUTest.F90, line 122
  Ending Test, file ESMF_VMBarrierUTest.F90, line 124
  Ending Test, file ESMF_VMBarrierUTest.F90, line 124
  Ending Test, file ESMF_VMBarrierUTest.F90, line 124
  Ending Test, file ESMF_VMBarrierUTest.F90, line 124
  PET           3  Test Elapsed Time    4000.4010000000003       msec.
  PET           1  Test Elapsed Time    4000.3790000000004       msec.
  PET           0  Test Elapsed Time    3999.9689999999996       msec.
  PET           2  Test Elapsed Time    4000.6400000000008       msec.
