2025-05-08 07:43:41
Name: unnamed000	  Convention: customconvention2	  Purpose: custompurpose2	

Custom1	Custom2	Custom3	
