2025-05-08 22:42:03
Beginning Test, file ESMC_TimeIntervalUTest.c, line 48
Beginning Test, file ESMC_TimeIntervalUTest.c, line 48NUMBER_OF_PROCESSORS 4
PASS Set a TimeInterval, ESMC_TimeIntervalUTest.c, line 57
TimeInterval ---------------------------
Beginning Test, file ESMC_TimeIntervalUTest.c, line 48
Beginning Test, file ESMC_TimeIntervalUTest.c, line 48NUMBER_OF_PROCESSORS 4
PASS Print ESMC_TimeInterval object, ESMC_TimeIntervalUTest.c, line 65
P0Y0M0DT1H0M0S
end TimeInterval -----------------------

PASS Get a TimeInterval, ESMC_TimeIntervalUTest.c, line 73
PASS Check that hour parameter is returned correctly, ESMC_TimeIntervalUTest.c, line 83
PASS Set a TimeInterval, ESMC_TimeIntervalUTest.c, line 57
TimeInterval ---------------------------
PASS Check that the integer sec. parameter is returned correctly, ESMC_TimeIntervalUTest.c, line 90
Ending Test, file ESMC_TimeIntervalUTest.c, line 96
Beginning Test, file ESMC_TimeIntervalUTest.c, line 48
Beginning Test, file ESMC_TimeIntervalUTest.c, line 48NUMBER_OF_PROCESSORS 4
P0Y0M0DT1H0M0S
end TimeInterval -----------------------

PASS Print ESMC_TimeInterval object, ESMC_TimeIntervalUTest.c, line 65
PASS Get a TimeInterval, ESMC_TimeIntervalUTest.c, line 73
PASS Check that hour parameter is returned correctly, ESMC_TimeIntervalUTest.c, line 83
PASS Check that the integer sec. parameter is returned correctly, ESMC_TimeIntervalUTest.c, line 90
PASS Set a TimeInterval, ESMC_TimeIntervalUTest.c, line 57
Ending Test, file ESMC_TimeIntervalUTest.c, line 96
TimeInterval ---------------------------
P0Y0M0DT1H0M0S
end TimeInterval -----------------------

PASS Print ESMC_TimeInterval object, ESMC_TimeIntervalUTest.c, line 65
Beginning Test, file ESMC_TimeIntervalUTest.c, line 48
Beginning Test, file ESMC_TimeIntervalUTest.c, line 48NUMBER_OF_PROCESSORS 4
PASS Get a TimeInterval, ESMC_TimeIntervalUTest.c, line 73
PASS Check that hour parameter is returned correctly, ESMC_TimeIntervalUTest.c, line 83
PASS Check that the integer sec. parameter is returned correctly, ESMC_TimeIntervalUTest.c, line 90
Ending Test, file ESMC_TimeIntervalUTest.c, line 96
PASS Set a TimeInterval, ESMC_TimeIntervalUTest.c, line 57
TimeInterval ---------------------------
P0Y0M0DT1H0M0S
end TimeInterval -----------------------

PASS Print ESMC_TimeInterval object, ESMC_TimeIntervalUTest.c, line 65
PASS Get a TimeInterval, ESMC_TimeIntervalUTest.c, line 73
PASS Check that hour parameter is returned correctly, ESMC_TimeIntervalUTest.c, line 83
PASS Check that the integer sec. parameter is returned correctly, ESMC_TimeIntervalUTest.c, line 90
Ending Test, file ESMC_TimeIntervalUTest.c, line 96
Ending Test, file ESMC_TimeIntervalUTest.c, line 96 PET 3 Test Elapsed Time 97.042 msec.
Ending Test, file ESMC_TimeIntervalUTest.c, line 96 PET 0 Test Elapsed Time 97.397 msec.
Ending Test, file ESMC_TimeIntervalUTest.c, line 96 PET 1 Test Elapsed Time 97.601 msec.
Ending Test, file ESMC_TimeIntervalUTest.c, line 96 PET 2 Test Elapsed Time 97.241 msec.
