2025-05-08 22:42:03
  Beginning Test, file src/Superstructure/InfoAPI/tests/ESMF_InfoDescribeUTest.F90, line 52
  Beginning Test, file src/Superstructure/InfoAPI/tests/ESMF_InfoDescribeUTest.F90, line 52
  Beginning Test, file src/Superstructure/InfoAPI/tests/ESMF_InfoDescribeUTest.F90, line 52
  NUMBER_OF_PROCESSORS 4
  Beginning Test, file src/Superstructure/InfoAPI/tests/ESMF_InfoDescribeUTest.F90, line 52
  NUMBER_OF_PROCESSORS 4
  NUMBER_OF_PROCESSORS 4
  NUMBER_OF_PROCESSORS 4
  PASS  No double initialization, src/Superstructure/InfoAPI/tests/ESMF_InfoDescribeUTest.F90, line 72
  PASS  No double initialization, src/Superstructure/InfoAPI/tests/ESMF_InfoDescribeUTest.F90, line 72
  PASS  No double initialization, src/Superstructure/InfoAPI/tests/ESMF_InfoDescribeUTest.F90, line 72
  PASS  No double initialization, src/Superstructure/InfoAPI/tests/ESMF_InfoDescribeUTest.F90, line 72
  PASS  Initialize/Destroy, src/Superstructure/InfoAPI/tests/ESMF_InfoDescribeUTest.F90, line 86
  PASS  Initialize/Destroy, src/Superstructure/InfoAPI/tests/ESMF_InfoDescribeUTest.F90, line 86
  PASS  Initialize/Destroy, src/Superstructure/InfoAPI/tests/ESMF_InfoDescribeUTest.F90, line 86
  PASS  Initialize/Destroy, src/Superstructure/InfoAPI/tests/ESMF_InfoDescribeUTest.F90, line 86
  PASS  Initialize behavior, src/Superstructure/InfoAPI/tests/ESMF_InfoDescribeUTest.F90, line 111
  PASS  Initialize behavior, src/Superstructure/InfoAPI/tests/ESMF_InfoDescribeUTest.F90, line 111
  PASS  Initialize behavior, src/Superstructure/InfoAPI/tests/ESMF_InfoDescribeUTest.F90, line 111
  PASS  Initialize behavior, src/Superstructure/InfoAPI/tests/ESMF_InfoDescribeUTest.F90, line 111
  PASS  Mesh is enabled, src/Superstructure/InfoAPI/tests/ESMF_InfoDescribeUTest.F90, line 147
  PASS  Mesh is enabled, src/Superstructure/InfoAPI/tests/ESMF_InfoDescribeUTest.F90, line 147
  PASS  Mesh is enabled, src/Superstructure/InfoAPI/tests/ESMF_InfoDescribeUTest.F90, line 147
  PASS  Test getting info from ESMF_Geom, src/Superstructure/InfoAPI/tests/ESMF_InfoDescribeUTest.F90, line 175
  PASS  Test getting info from ESMF_Geom, src/Superstructure/InfoAPI/tests/ESMF_InfoDescribeUTest.F90, line 175
  PASS  Mesh is enabled, src/Superstructure/InfoAPI/tests/ESMF_InfoDescribeUTest.F90, line 147
  PASS  Test getting info from ESMF_Geom, src/Superstructure/InfoAPI/tests/ESMF_InfoDescribeUTest.F90, line 175
  Ending Test, file src/Superstructure/InfoAPI/tests/ESMF_InfoDescribeUTest.F90, line 183
  Ending Test, file src/Superstructure/InfoAPI/tests/ESMF_InfoDescribeUTest.F90, line 183
  Ending Test, file src/Superstructure/InfoAPI/tests/ESMF_InfoDescribeUTest.F90, line 183
  PASS  Test getting info from ESMF_Geom, src/Superstructure/InfoAPI/tests/ESMF_InfoDescribeUTest.F90, line 175
  Ending Test, file src/Superstructure/InfoAPI/tests/ESMF_InfoDescribeUTest.F90, line 183
  PET 0  Test Elapsed Time   45.6900000000000119  msec.
  PET 1  Test Elapsed Time   46.1739999999999640  msec.
  PET 2  Test Elapsed Time   46.8839999999999790  msec.
  PET 3  Test Elapsed Time   46.6489999999999654  msec.
