2025-05-08 22:42:03
  Beginning Test, file ESMF_VMScatterUTest.F90, line 67
  Beginning Test, file ESMF_VMScatterUTest.F90, line 67
  NUMBER_OF_PROCESSORS 4
  Beginning Test, file ESMF_VMScatterUTest.F90, line 67
  NUMBER_OF_PROCESSORS 4
  Beginning Test, file ESMF_VMScatterUTest.F90, line 67
  NUMBER_OF_PROCESSORS 4
  NUMBER_OF_PROCESSORS 4
  PASS  Scatter() Test for Integer, ESMF_VMScatterUTest.F90, line 109
  PASS  Scatter() Test for Integer, ESMF_VMScatterUTest.F90, line 109
  PASS  Scatter() Test for Integer, ESMF_VMScatterUTest.F90, line 109
  PASS  Scatter() Test for Integer, ESMF_VMScatterUTest.F90, line 109
  PASS  Verifying array1 data after Scatter() Test for Interger, ESMF_VMScatterUTest.F90, line 120
  PASS  Verifying array1 data after Scatter() Test for Interger, ESMF_VMScatterUTest.F90, line 120
  PASS  Verifying array1 data after Scatter() Test for Interger, ESMF_VMScatterUTest.F90, line 120
 contents after scatter:
 2  array1:  201
 2  array1:  202
 2  array1:  203
 2  array1:  204
 2  array1:  205
 2  array1:  206
 2  array1:  207
 2  array1:  208
  PASS  Verifying array2 data after Scatter() Test for Interger, ESMF_VMScatterUTest.F90, line 136
 contents after scatter:
 2  array2:  5
 2  array2:  6
  PASS  Verifying array1 data after Scatter() Test for Interger, ESMF_VMScatterUTest.F90, line 120
 contents after scatter:
 3  array1:  301
 3  array1:  302
 3  array1:  303
 3  array1:  304
 3  array1:  305
 3  array1:  306
 3  array1:  307
 3  array1:  308
  PASS  Verifying array2 data after Scatter() Test for Interger, ESMF_VMScatterUTest.F90, line 136
 contents after scatter:
 1  array1:  101
 1  array1:  102
 1  array1:  103
 1  array1:  104
 1  array1:  105
 1  array1:  106
 1  array1:  107
 1  array1:  108
  PASS  Verifying array2 data after Scatter() Test for Interger, ESMF_VMScatterUTest.F90, line 136
 contents after scatter:
 1  array2:  3
 1  array2:  4
 contents after scatter:
 0  array1:  1
 0  array1:  2
 0  array1:  3
 0  array1:  4
 0  array1:  5
 0  array1:  6
 0  array1:  7
 0  array1:  8
  PASS  Verifying array2 data after Scatter() Test for Interger, ESMF_VMScatterUTest.F90, line 136
 contents after scatter:
 0  array2:  1
 0  array2:  2
 contents after scatter:
 3  array2:  7
 3  array2:  8
  PASS  Scatter() Test for ESMF_KIND_R8, ESMF_VMScatterUTest.F90, line 152
  PASS  Scatter() Test for ESMF_KIND_R8, ESMF_VMScatterUTest.F90, line 152
  PASS  Verifying farray1 data after Scatter() Test for ESMF_KIND_R8, ESMF_VMScatterUTest.F90, line 163
  PASS  Scatter() Test for ESMF_KIND_R8, ESMF_VMScatterUTest.F90, line 152
  PASS  Verifying farray1 data after Scatter() Test for ESMF_KIND_R8, ESMF_VMScatterUTest.F90, line 163
 contents after scatter:
  PASS  Scatter() Test for ESMF_KIND_R8, ESMF_VMScatterUTest.F90, line 152
  PASS  Verifying farray1 data after Scatter() Test for ESMF_KIND_R8, ESMF_VMScatterUTest.F90, line 163
  PASS  Verifying farray1 data after Scatter() Test for ESMF_KIND_R8, ESMF_VMScatterUTest.F90, line 163
 contents after scatter:
 contents after scatter:
 contents after scatter:
 1  farray1:    1.0100000000000000E+02
 1  farray1:    1.0200000000000000E+02
 2  farray1:    2.0100000000000000E+02
 2  farray1:    2.0200000000000000E+02
 2  farray1:    2.0300000000000000E+02
 2  farray1:    2.0400000000000000E+02
 2  farray1:    2.0500000000000000E+02
 2  farray1:    2.0600000000000000E+02
 2  farray1:    2.0700000000000000E+02
 0  farray1:    1.0000000000000000
 0  farray1:    2.0000000000000000
 0  farray1:    3.0000000000000000
 0  farray1:    4.0000000000000000
 0  farray1:    5.0000000000000000
 0  farray1:    6.0000000000000000
 0  farray1:    7.0000000000000000
 0  farray1:    8.0000000000000000
 2  farray1:    2.0800000000000000E+02
  PASS  Verifying farray2 data after Scatter() Test for ESMF_KIND_R8, ESMF_VMScatterUTest.F90, line 180
 contents after scatter:
 3  farray1:    3.0100000000000000E+02
 3  farray1:    3.0200000000000000E+02
 3  farray1:    3.0300000000000000E+02
 3  farray1:    3.0400000000000000E+02
 3  farray1:    3.0500000000000000E+02
 3  farray1:    3.0600000000000000E+02
 3  farray1:    3.0700000000000000E+02
 3  farray1:    3.0800000000000000E+02
  PASS  Verifying farray2 data after Scatter() Test for ESMF_KIND_R8, ESMF_VMScatterUTest.F90, line 180
 1  farray1:    1.0300000000000000E+02
 1  farray1:    1.0400000000000000E+02
 1  farray1:    1.0500000000000000E+02
 1  farray1:    1.0600000000000000E+02
 1  farray1:    1.0700000000000000E+02
 1  farray1:    1.0800000000000000E+02
  PASS  Verifying farray2 data after Scatter() Test for ESMF_KIND_R8, ESMF_VMScatterUTest.F90, line 180
 contents after scatter:
  PASS  Verifying farray2 data after Scatter() Test for ESMF_KIND_R8, ESMF_VMScatterUTest.F90, line 180
 contents after scatter:
 0  farray2:    1.0000000000000000
 0  farray2:    2.0000000000000000
  PASS  Scatter() Test for ESMF_KIND_R4, ESMF_VMScatterUTest.F90, line 196
 2  farray2:    5.0000000000000000
 2  farray2:    6.0000000000000000
  PASS  Scatter() Test for ESMF_KIND_R4, ESMF_VMScatterUTest.F90, line 196
  PASS  Verifying f4array1 data after Scatter() Test for ESMF_KIND_R4, ESMF_VMScatterUTest.F90, line 207
 contents after scatter:
 2  f4array1:    2.0100000E+02
 2  f4array1:    2.0200000E+02
 2  f4array1:    2.0300000E+02
 2  f4array1:    2.0400000E+02
 2  f4array1:    2.0500000E+02
 2  f4array1:    2.0600000E+02
 2  f4array1:    2.0700000E+02
 2  f4array1:    2.0800000E+02
  PASS  Verifying f4array2 data after Scatter() Test for ESMF_KIND_R4, ESMF_VMScatterUTest.F90, line 224
 contents after scatter:
 2  f4array2:    5.0000000
 2  f4array2:    6.0000000
  PASS  ScatterV() Test for Integer, ESMF_VMScatterUTest.F90, line 273
  PASS  Verifying array1 data after ScatterV() Test for Interger, ESMF_VMScatterUTest.F90, line 284
 contents after scatter:
 2  array1:  201
 2  array1:  202
 2  array1:  203
 2  array1:  204
 2  array1:  205
 2  array1:  206
 2  array1:  207
 2  array1:  208
 contents after scatter:
 3  farray2:    7.0000000000000000
 3  farray2:    8.0000000000000000
  PASS  Scatter() Test for ESMF_KIND_R4, ESMF_VMScatterUTest.F90, line 196
  PASS  Verifying f4array1 data after Scatter() Test for ESMF_KIND_R4, ESMF_VMScatterUTest.F90, line 207
 contents after scatter:
 3  f4array1:    3.0100000E+02
 3  f4array1:    3.0200000E+02
 3  f4array1:    3.0300000E+02
 3  f4array1:    3.0400000E+02
 3  f4array1:    3.0500000E+02
 3  f4array1:    3.0600000E+02
 3  f4array1:    3.0700000E+02
 3  f4array1:    3.0800000E+02
  PASS  Verifying f4array2 data after Scatter() Test for ESMF_KIND_R4, ESMF_VMScatterUTest.F90, line 224
 contents after scatter:
 3  f4array2:    7.0000000
 3  f4array2:    8.0000000
  PASS  ScatterV() Test for Integer, ESMF_VMScatterUTest.F90, line 273
  PASS  Verifying array1 data after ScatterV() Test for Interger, ESMF_VMScatterUTest.F90, line 284
 contents after scatter:
 3  array1:  301
 3  array1:  302
 3  array1:  303
 3  array1:  304
 3  array1:  305
 3  array1:  306
 3  array1:  307
 3  array1:  308
  PASS  Verifying f4array1 data after Scatter() Test for ESMF_KIND_R4, ESMF_VMScatterUTest.F90, line 207
 contents after scatter:
 0  f4array1:    1.0000000
 0  f4array1:    2.0000000
 0  f4array1:    3.0000000
 0  f4array1:    4.0000000
 0  f4array1:    5.0000000
 0  f4array1:    6.0000000
 0  f4array1:    7.0000000
 0  f4array1:    8.0000000
  PASS  Verifying f4array2 data after Scatter() Test for ESMF_KIND_R4, ESMF_VMScatterUTest.F90, line 224
 contents after scatter:
 0  f4array2:    1.0000000
 0  f4array2:    2.0000000
  PASS  ScatterV() Test for Integer, ESMF_VMScatterUTest.F90, line 273
  PASS  Verifying array1 data after ScatterV() Test for Interger, ESMF_VMScatterUTest.F90, line 284
 contents after scatter:
 0  array1:  1
 0  array1:  2
 0  array1:  3
 0  array1:  4
 0  array1:  5
 0  array1:  6
 0  array1:  7
 0  array1:  8
 1  farray2:    3.0000000000000000
 1  farray2:    4.0000000000000000
  PASS  Scatter() Test for ESMF_KIND_R4, ESMF_VMScatterUTest.F90, line 196
  PASS  Verifying f4array1 data after Scatter() Test for ESMF_KIND_R4, ESMF_VMScatterUTest.F90, line 207
 contents after scatter:
 1  f4array1:    1.0100000E+02
 1  f4array1:    1.0200000E+02
 1  f4array1:    1.0300000E+02
 1  f4array1:    1.0400000E+02
 1  f4array1:    1.0500000E+02
 1  f4array1:    1.0600000E+02
 1  f4array1:    1.0700000E+02
 1  f4array1:    1.0800000E+02
  PASS  Verifying f4array2 data after Scatter() Test for ESMF_KIND_R4, ESMF_VMScatterUTest.F90, line 224
 contents after scatter:
 1  f4array2:    3.0000000
 1  f4array2:    4.0000000
  PASS  ScatterV() Test for Integer, ESMF_VMScatterUTest.F90, line 273
  PASS  Verifying array1 data after ScatterV() Test for Interger, ESMF_VMScatterUTest.F90, line 284
 contents after scatter:
 1  array1:  101
 1  array1:  102
 1  array1:  103
 1  array1:  104
 1  array1:  105
 1  array1:  106
 1  array1:  107
 1  array1:  108
  PASS  Verifying array2 data after ScatterV() Test for Interger, ESMF_VMScatterUTest.F90, line 300
  PASS  Verifying array2 data after ScatterV() Test for Interger, ESMF_VMScatterUTest.F90, line 300
 contents after scatter:
 3  array2:  7
 3  array2:  8
  PASS  Verifying array2 data after ScatterV() Test for Interger, ESMF_VMScatterUTest.F90, line 300
 contents after scatter:
 2  array2:  5
 2  array2:  6
  PASS  Verifying array2 data after ScatterV() Test for Interger, ESMF_VMScatterUTest.F90, line 300
 contents after scatter:
 1  array2:  3
 1  array2:  4
 contents after scatter:
 0  array2:  1
 0  array2:  2
  PASS  ScatterV() Test for ESMF_KIND_R8, ESMF_VMScatterUTest.F90, line 318
  PASS  ScatterV() Test for ESMF_KIND_R8, ESMF_VMScatterUTest.F90, line 318
  PASS  Verifying farray1 data after ScatterV() Test for ESMF_KIND_R8, ESMF_VMScatterUTest.F90, line 329
  PASS  ScatterV() Test for ESMF_KIND_R8, ESMF_VMScatterUTest.F90, line 318
  PASS  Verifying farray1 data after ScatterV() Test for ESMF_KIND_R8, ESMF_VMScatterUTest.F90, line 329
  PASS  ScatterV() Test for ESMF_KIND_R8, ESMF_VMScatterUTest.F90, line 318
  PASS  Verifying farray1 data after ScatterV() Test for ESMF_KIND_R8, ESMF_VMScatterUTest.F90, line 329
 contents after scatter:
 1  farray1:    1.0100000000000000E+02
 1  farray1:    1.0200000000000000E+02
 1  farray1:    1.0300000000000000E+02
 1  farray1:    1.0400000000000000E+02
 1  farray1:    1.0500000000000000E+02
 1  farray1:    1.0600000000000000E+02
 1  farray1:    1.0700000000000000E+02
 1  farray1:    1.0800000000000000E+02
  PASS  Verifying farray2 data after ScatterV() Test for ESMF_KIND_R8, ESMF_VMScatterUTest.F90, line 346
 contents after scatter:
 1  farray2:    3.0000000000000000
 1  farray2:    4.0000000000000000
 contents after scatter:
 0  farray1:    1.0000000000000000
 0  farray1:    2.0000000000000000
 0  farray1:    3.0000000000000000
 0  farray1:    4.0000000000000000
 0  farray1:    5.0000000000000000
 0  farray1:    6.0000000000000000
 0  farray1:    7.0000000000000000
 0  farray1:    8.0000000000000000
  PASS  Verifying farray2 data after ScatterV() Test for ESMF_KIND_R8, ESMF_VMScatterUTest.F90, line 346
 contents after scatter:
 0  farray2:    1.0000000000000000
 0  farray2:    2.0000000000000000
 contents after scatter:
 2  farray1:    2.0100000000000000E+02
 2  farray1:    2.0200000000000000E+02
 2  farray1:    2.0300000000000000E+02
 2  farray1:    2.0400000000000000E+02
 2  farray1:    2.0500000000000000E+02
 2  farray1:    2.0600000000000000E+02
 2  farray1:    2.0700000000000000E+02
 2  farray1:    2.0800000000000000E+02
  PASS  Verifying farray2 data after ScatterV() Test for ESMF_KIND_R8, ESMF_VMScatterUTest.F90, line 346
 contents after scatter:
 2  farray2:    5.0000000000000000
 2  farray2:    6.0000000000000000
  PASS  Verifying farray1 data after ScatterV() Test for ESMF_KIND_R8, ESMF_VMScatterUTest.F90, line 329
 contents after scatter:
 3  farray1:    3.0100000000000000E+02
 3  farray1:    3.0200000000000000E+02
 3  farray1:    3.0300000000000000E+02
 3  farray1:    3.0400000000000000E+02
 3  farray1:    3.0500000000000000E+02
 3  farray1:    3.0600000000000000E+02
 3  farray1:    3.0700000000000000E+02
 3  farray1:    3.0800000000000000E+02
  PASS  Verifying farray2 data after ScatterV() Test for ESMF_KIND_R8, ESMF_VMScatterUTest.F90, line 346
 contents after scatter:
 3  farray2:    7.0000000000000000
 3  farray2:    8.0000000000000000
  PASS  ScatterV() Test for ESMF_KIND_R4, ESMF_VMScatterUTest.F90, line 363
  PASS  ScatterV() Test for ESMF_KIND_R4, ESMF_VMScatterUTest.F90, line 363
  PASS  ScatterV() Test for ESMF_KIND_R4, ESMF_VMScatterUTest.F90, line 363
  PASS  ScatterV() Test for ESMF_KIND_R4, ESMF_VMScatterUTest.F90, line 363
  PASS  Verifying f4array1 data after ScatterV() Test for ESMF_KIND_R4, ESMF_VMScatterUTest.F90, line 374
  PASS  Verifying f4array1 data after ScatterV() Test for ESMF_KIND_R4, ESMF_VMScatterUTest.F90, line 374
 contents after scatter:
 2  f4array1:    2.0100000E+02
  PASS  Verifying f4array1 data after ScatterV() Test for ESMF_KIND_R4, ESMF_VMScatterUTest.F90, line 374
 contents after scatter:
 1  f4array1:    1.0100000E+02
 1  f4array1:    1.0200000E+02
  PASS  Verifying f4array1 data after ScatterV() Test for ESMF_KIND_R4, ESMF_VMScatterUTest.F90, line 374
 contents after scatter:
 0  f4array1:    1.0000000
 0  f4array1:    2.0000000
 0  f4array1:    3.0000000
 0  f4array1:    4.0000000
 0  f4array1:    5.0000000
 contents after scatter:
 3  f4array1:    3.0100000E+02
 3  f4array1:    3.0200000E+02
 3  f4array1:    3.0300000E+02
 3  f4array1:    3.0400000E+02
 3  f4array1:    3.0500000E+02
 3  f4array1:    3.0600000E+02
 1  f4array1:    1.0300000E+02
 1  f4array1:    1.0400000E+02
 1  f4array1:    1.0500000E+02
 1  f4array1:    1.0600000E+02
 1  f4array1:    1.0700000E+02
 1  f4array1:    1.0800000E+02
  PASS  Verifying f4array2 data after ScatterV() Test for ESMF_KIND_R4, ESMF_VMScatterUTest.F90, line 391
 3  f4array1:    3.0700000E+02
 3  f4array1:    3.0800000E+02
  PASS  Verifying f4array2 data after ScatterV() Test for ESMF_KIND_R4, ESMF_VMScatterUTest.F90, line 391
 0  f4array1:    6.0000000
 0  f4array1:    7.0000000
 0  f4array1:    8.0000000
  PASS  Verifying f4array2 data after ScatterV() Test for ESMF_KIND_R4, ESMF_VMScatterUTest.F90, line 391
 2  f4array1:    2.0200000E+02
 2  f4array1:    2.0300000E+02
 2  f4array1:    2.0400000E+02
 2  f4array1:    2.0500000E+02
 2  f4array1:    2.0600000E+02
 2  f4array1:    2.0700000E+02
 2  f4array1:    2.0800000E+02
  PASS  Verifying f4array2 data after ScatterV() Test for ESMF_KIND_R4, ESMF_VMScatterUTest.F90, line 391
 contents after scatter:
 2  f4array2:    5.0000000
 2  f4array2:    6.0000000
  Ending Test, file ESMF_VMScatterUTest.F90, line 410
 contents after scatter:
 1  f4array2:    3.0000000
 1  f4array2:    4.0000000
 contents after scatter:
 0  f4array2:    1.0000000
 0  f4array2:    2.0000000
  Ending Test, file ESMF_VMScatterUTest.F90, line 410
 contents after scatter:
 3  f4array2:    7.0000000
 3  f4array2:    8.0000000
  Ending Test, file ESMF_VMScatterUTest.F90, line 410
  Ending Test, file ESMF_VMScatterUTest.F90, line 410
  PET 3  Test Elapsed Time   45.5990000000000251  msec.
  PET 0  Test Elapsed Time   45.4910000000000068  msec.
  PET 1  Test Elapsed Time   45.5020000000000167  msec.
  PET 2  Test Elapsed Time   45.4090000000000060  msec.
