2025-05-10 02:41:59
Name: MyArrayBundle	  Convention: customconvention2	  Purpose: custompurpose2	


