2025-05-08 01:54:16
Beginning Test, file ESMC_TraceRegionUTest.c, line 40
Beginning Test, file ESMC_TraceRegionUTest.c, line 40NUMBER_OF_PROCESSORS 4
Beginning Test, file ESMC_TraceRegionUTest.c, line 40
Beginning Test, file ESMC_TraceRegionUTest.c, line 40NUMBER_OF_PROCESSORS 4
Beginning Test, file ESMC_TraceRegionUTest.c, line 40
Beginning Test, file ESMC_TraceRegionUTest.c, line 40NUMBER_OF_PROCESSORS 4
PASS TraceRegionEnter, ESMC_TraceRegionUTest.c, line 48
PASS TraceRegionExit, ESMC_TraceRegionUTest.c, line 56
Ending Test, file ESMC_TraceRegionUTest.c, line 60
PASS TraceRegionEnter, ESMC_TraceRegionUTest.c, line 48
PASS TraceRegionExit, ESMC_TraceRegionUTest.c, line 56
Ending Test, file ESMC_TraceRegionUTest.c, line 60
PASS TraceRegionEnter, ESMC_TraceRegionUTest.c, line 48
PASS TraceRegionExit, ESMC_TraceRegionUTest.c, line 56
Ending Test, file ESMC_TraceRegionUTest.c, line 60
Beginning Test, file ESMC_TraceRegionUTest.c, line 40
Beginning Test, file ESMC_TraceRegionUTest.c, line 40NUMBER_OF_PROCESSORS 4
PASS TraceRegionEnter, ESMC_TraceRegionUTest.c, line 48
PASS TraceRegionExit, ESMC_TraceRegionUTest.c, line 56
Ending Test, file ESMC_TraceRegionUTest.c, line 60
Ending Test, file ESMC_TraceRegionUTest.c, line 60 PET 1 Test Elapsed Time 0.714 msec.
Ending Test, file ESMC_TraceRegionUTest.c, line 60 PET 0 Test Elapsed Time 1.181 msec.
Ending Test, file ESMC_TraceRegionUTest.c, line 60 PET 2 Test Elapsed Time 1.559 msec.
Ending Test, file ESMC_TraceRegionUTest.c, line 60 PET 3 Test Elapsed Time 1.563 msec.
