2025-05-08 00:59:25
Beginning Test, file ESMC_MeshVTKUTest.c, line 63
Beginning Test, file ESMC_MeshVTKUTest.c, line 63NUMBER_OF_PROCESSORS 6
Beginning Test, file ESMC_MeshVTKUTest.c, line 63
Beginning Test, file ESMC_MeshVTKUTest.c, line 63NUMBER_OF_PROCESSORS 6
PASS MeshCreate, ESMC_MeshVTKUTest.c, line 80
PASS MeshCreate, ESMC_MeshVTKUTest.c, line 80
Beginning Test, file ESMC_MeshVTKUTest.c, line 63
Beginning Test, file ESMC_MeshVTKUTest.c, line 63NUMBER_OF_PROCESSORS 6
PASS MeshVTKHeader, ESMC_MeshVTKUTest.c, line 89
Beginning Test, file ESMC_MeshVTKUTest.c, line 63
PASS MeshVTKHeader, ESMC_MeshVTKUTest.c, line 89
PASS MeshVTKHeader, ESMC_MeshVTKUTest.c, line 110
Beginning Test, file ESMC_MeshVTKUTest.c, line 63NUMBER_OF_PROCESSORS 6
PASS MeshCreate, ESMC_MeshVTKUTest.c, line 80
Beginning Test, file ESMC_MeshVTKUTest.c, line 63
Beginning Test, file ESMC_MeshVTKUTest.c, line 63NUMBER_OF_PROCESSORS 6
PASS MeshVTKHeader, ESMC_MeshVTKUTest.c, line 110
PASS MeshCreate, ESMC_MeshVTKUTest.c, line 80
Beginning Test, file ESMC_MeshVTKUTest.c, line 63
Beginning Test, file ESMC_MeshVTKUTest.c, line 63NUMBER_OF_PROCESSORS 6
PASS MeshVTKHeader, ESMC_MeshVTKUTest.c, line 89
PASS MeshCreate, ESMC_MeshVTKUTest.c, line 80
PASS MeshVTKHeader, ESMC_MeshVTKUTest.c, line 89
PASS MeshVTKBody, ESMC_MeshVTKUTest.c, line 129
PASS MeshVTKHeader, ESMC_MeshVTKUTest.c, line 110
PASS MeshVTKHeader, ESMC_MeshVTKUTest.c, line 110
PASS MeshVTKHeader, ESMC_MeshVTKUTest.c, line 89
PASS MeshCreate, ESMC_MeshVTKUTest.c, line 80
PASS MeshVTKHeader, ESMC_MeshVTKUTest.c, line 110
PASS MeshVTKBody, ESMC_MeshVTKUTest.c, line 129
PASS MeshVTKHeader, ESMC_MeshVTKUTest.c, line 89
PASS MeshAddNodes, ESMC_MeshVTKUTest.c, line 158
PASS MeshGetNodeCount, ESMC_MeshVTKUTest.c, line 178
PASS MeshVTKBody, ESMC_MeshVTKUTest.c, line 129
PASS MeshVTKHeader, ESMC_MeshVTKUTest.c, line 110
PASS MeshVTKBody, ESMC_MeshVTKUTest.c, line 129
PASS MeshVTKBody, ESMC_MeshVTKUTest.c, line 129
PASS MeshAddNodes, ESMC_MeshVTKUTest.c, line 158
PASS MeshGetNodeCount, ESMC_MeshVTKUTest.c, line 178
PASS MeshAddNodes, ESMC_MeshVTKUTest.c, line 158
PASS MeshGetNodeCount, ESMC_MeshVTKUTest.c, line 178
PASS MeshVTKBody, ESMC_MeshVTKUTest.c, line 129
PASS MeshAddNodes, ESMC_MeshVTKUTest.c, line 158
PASS MeshAddNodes, ESMC_MeshVTKUTest.c, line 158
PASS MeshGetNodeCount, ESMC_MeshVTKUTest.c, line 178
PASS MeshGetNodeCount, ESMC_MeshVTKUTest.c, line 178
PASS MeshAddNodes, ESMC_MeshVTKUTest.c, line 158
PASS MeshGetNodeCount, ESMC_MeshVTKUTest.c, line 178
PASS MeshAddElements, ESMC_MeshVTKUTest.c, line 187
PASS MeshGetElementCount, ESMC_MeshVTKUTest.c, line 207
PASS MeshAddElements, ESMC_MeshVTKUTest.c, line 187
PASS MeshAddElements, ESMC_MeshVTKUTest.c, line 187
PASS MeshGetElementCount, ESMC_MeshVTKUTest.c, line 207
PASS MeshGetOwnedElementCount, ESMC_MeshVTKUTest.c, line 228
PASS MeshAddElements, ESMC_MeshVTKUTest.c, line 187
PASS MeshGetElementCount, ESMC_MeshVTKUTest.c, line 207
PASS MeshGetOwnedElementCount, ESMC_MeshVTKUTest.c, line 228
PASS MeshGetOwnedElementCount, ESMC_MeshVTKUTest.c, line 228
PASS MeshGetOwnedNodeCount, ESMC_MeshVTKUTest.c, line 249
PASS MeshGetElementCount, ESMC_MeshVTKUTest.c, line 207
PASS MeshGetOwnedElementCount, ESMC_MeshVTKUTest.c, line 228
PASS MeshGetOwnedNodeCount, ESMC_MeshVTKUTest.c, line 249
PASS MeshGetOwnedNodeCount, ESMC_MeshVTKUTest.c, line 249
PASS MeshGetOwnedNodeCount, ESMC_MeshVTKUTest.c, line 249
PASS MeshAddElements, ESMC_MeshVTKUTest.c, line 187
PASS MeshAddElements, ESMC_MeshVTKUTest.c, line 187
PASS MeshGetElementCount, ESMC_MeshVTKUTest.c, line 207
PASS MeshGetElementCount, ESMC_MeshVTKUTest.c, line 207
PASS MeshGetOwnedElementCount, ESMC_MeshVTKUTest.c, line 228
PASS MeshGetOwnedNodeCount, ESMC_MeshVTKUTest.c, line 249
PASS MeshGetOwnedElementCount, ESMC_MeshVTKUTest.c, line 228
PASS MeshGetOwnedNodeCount, ESMC_MeshVTKUTest.c, line 249
PASS MeshWrite, ESMC_MeshVTKUTest.c, line 269
PASS MeshWrite, ESMC_MeshVTKUTest.c, line 269
PASS MeshFreeMemory, ESMC_MeshVTKUTest.c, line 279
PASS MeshDestroy, ESMC_MeshVTKUTest.c, line 288
Ending Test, file ESMC_MeshVTKUTest.c, line 303
PASS MeshFreeMemory, ESMC_MeshVTKUTest.c, line 279
PASS MeshDestroy, ESMC_MeshVTKUTest.c, line 288
Ending Test, file ESMC_MeshVTKUTest.c, line 303
PASS MeshWrite, ESMC_MeshVTKUTest.c, line 269
PASS MeshWrite, ESMC_MeshVTKUTest.c, line 269
PASS MeshFreeMemory, ESMC_MeshVTKUTest.c, line 279
PASS MeshDestroy, ESMC_MeshVTKUTest.c, line 288
Ending Test, file ESMC_MeshVTKUTest.c, line 303
PASS MeshWrite, ESMC_MeshVTKUTest.c, line 269
PASS MeshFreeMemory, ESMC_MeshVTKUTest.c, line 279
PASS MeshWrite, ESMC_MeshVTKUTest.c, line 269
PASS MeshDestroy, ESMC_MeshVTKUTest.c, line 288
Ending Test, file ESMC_MeshVTKUTest.c, line 303
PASS MeshFreeMemory, ESMC_MeshVTKUTest.c, line 279
PASS MeshDestroy, ESMC_MeshVTKUTest.c, line 288
Ending Test, file ESMC_MeshVTKUTest.c, line 303
PASS MeshFreeMemory, ESMC_MeshVTKUTest.c, line 279
PASS MeshDestroy, ESMC_MeshVTKUTest.c, line 288
Ending Test, file ESMC_MeshVTKUTest.c, line 303
Ending Test, file ESMC_MeshVTKUTest.c, line 303 PET 0 Test Elapsed Time 46.617 msec.
Ending Test, file ESMC_MeshVTKUTest.c, line 303 PET 5 Test Elapsed Time 47.762 msec.
Ending Test, file ESMC_MeshVTKUTest.c, line 303 PET 3 Test Elapsed Time 47.5 msec.
Ending Test, file ESMC_MeshVTKUTest.c, line 303 PET 4 Test Elapsed Time 49.329 msec.
Ending Test, file ESMC_MeshVTKUTest.c, line 303 PET 1 Test Elapsed Time 49.738 msec.
Ending Test, file ESMC_MeshVTKUTest.c, line 303 PET 2 Test Elapsed Time 49.569 msec.
