2025-05-08 00:59:25
 ESMF_Finalize: Error finalizing VM: Unable to deallocate memory 
 ESMF_Finalize: Error finalizing VM: Unable to deallocate memory 
 ESMF_Finalize: Error finalizing VM: Unable to deallocate memory 
 ESMF_Finalize: Error finalizing VM: Unable to deallocate memory 
  Beginning Test, file ./ESMF_SciCompCreateUTest.F90, line 59
  NUMBER_OF_PROCESSORS 4
  PASS  Testing SciComp IsCreated for uncreated object, ./ESMF_SciCompCreateUTe
 st.F90, line 67
  PASS  Testing SciComp IsCreated for uncreated object, ./ESMF_SciCompCreateUTe
 st.F90, line 74
  PASS  Creating a Science Component Test, ./ESMF_SciCompCreateUTest.F90, line 
 82
  PASS  Testing SciComp IsCreated for created object, ./ESMF_SciCompCreateUTest
 .F90, line 89
  PASS  Testing SciComp IsCreated for created object, ./ESMF_SciCompCreateUTest
 .F90, line 96
  PASS  SciComp equality before assignment Test, ./ESMF_SciCompCreateUTest.F90,
  line 103
  PASS  SciComp assignment and equality Test, ./ESMF_SciCompCreateUTest.F90, li
 ne 112
  PASS  SciCompDestroy Test, ./ESMF_SciCompCreateUTest.F90, line 119
  PASS  Testing SciComp IsCreated for destroyed object, ./ESMF_SciCompCreateUTe
 st.F90, line 126
  PASS  Testing SciComp IsCreated for destroyed object, ./ESMF_SciCompCreateUTe
 st.F90, line 133
  PASS  SciComp equality after destroy Test, ./ESMF_SciCompCreateUTest.F90, lin
 e 141
  PASS  SciComp non-equality after destroy Test, ./ESMF_SciCompCreateUTest.F90,
  line 149
  PASS  Double SciCompDestroy through alias Test, ./ESMF_SciCompCreateUTest.F90
 , line 160
  PASS  Getting a Component name Test, ./ESMF_SciCompCreateUTest.F90, line 169
  PASS  Creating a Component Test, ./ESMF_SciCompCreateUTest.F90, line 179
  PASS  SciCompDestroy Test, ./ESMF_SciCompCreateUTest.F90, line 187
  PASS  Creating a Component Test, ./ESMF_SciCompCreateUTest.F90, line 198
  PASS  Validating a Component Test, ./ESMF_SciCompCreateUTest.F90, line 209
  PASS  Getting a Component name Test, ./ESMF_SciCompCreateUTest.F90, line 220
 cname = Atmosphere                                                            
                                                                               
                                                                               
                               
 bname = Atmosphere                                                            
                                                                               
                                                                               
                               
  PASS  Verifying the correct Component name was returned Test, ./ESMF_SciCompC
 reateUTest.F90, line 231
  PASS  Setting  a Science Component name Test, ./ESMF_SciCompCreateUTest.F90, 
 line 241
 Science Component:
  Component name = CAM
  PASS  Printing a Component Test, ./ESMF_SciCompCreateUTest.F90, line 252
  PASS  Destroying a Component Test, ./ESMF_SciCompCreateUTest.F90, line 265
  Ending Test, file ./ESMF_SciCompCreateUTest.F90, line 267
  Failure in Finalizing ESMF
  PET 3  Test Elapsed Time  1.9642610000000226  msec.
  Beginning Test, file ./ESMF_SciCompCreateUTest.F90, line 59
  NUMBER_OF_PROCESSORS 4
  PASS  Testing SciComp IsCreated for uncreated object, ./ESMF_SciCompCreateUTe
 st.F90, line 67
  PASS  Testing SciComp IsCreated for uncreated object, ./ESMF_SciCompCreateUTe
 st.F90, line 74
  PASS  Creating a Science Component Test, ./ESMF_SciCompCreateUTest.F90, line 
 82
  PASS  Testing SciComp IsCreated for created object, ./ESMF_SciCompCreateUTest
 .F90, line 89
  PASS  Testing SciComp IsCreated for created object, ./ESMF_SciCompCreateUTest
 .F90, line 96
  PASS  SciComp equality before assignment Test, ./ESMF_SciCompCreateUTest.F90,
  line 103
  PASS  SciComp assignment and equality Test, ./ESMF_SciCompCreateUTest.F90, li
 ne 112
  PASS  SciCompDestroy Test, ./ESMF_SciCompCreateUTest.F90, line 119
  PASS  Testing SciComp IsCreated for destroyed object, ./ESMF_SciCompCreateUTe
 st.F90, line 126
  PASS  Testing SciComp IsCreated for destroyed object, ./ESMF_SciCompCreateUTe
 st.F90, line 133
  PASS  SciComp equality after destroy Test, ./ESMF_SciCompCreateUTest.F90, lin
 e 141
  PASS  SciComp non-equality after destroy Test, ./ESMF_SciCompCreateUTest.F90,
  line 149
  PASS  Double SciCompDestroy through alias Test, ./ESMF_SciCompCreateUTest.F90
 , line 160
  PASS  Getting a Component name Test, ./ESMF_SciCompCreateUTest.F90, line 169
  PASS  Creating a Component Test, ./ESMF_SciCompCreateUTest.F90, line 179
  PASS  SciCompDestroy Test, ./ESMF_SciCompCreateUTest.F90, line 187
  PASS  Creating a Component Test, ./ESMF_SciCompCreateUTest.F90, line 198
  PASS  Validating a Component Test, ./ESMF_SciCompCreateUTest.F90, line 209
  PASS  Getting a Component name Test, ./ESMF_SciCompCreateUTest.F90, line 220
 cname = Atmosphere                                                            
                                                                               
                                                                               
                               
 bname = Atmosphere                                                            
                                                                               
                                                                               
                               
  PASS  Verifying the correct Component name was returned Test, ./ESMF_SciCompC
 reateUTest.F90, line 231
  PASS  Setting  a Science Component name Test, ./ESMF_SciCompCreateUTest.F90, 
 line 241
 Science Component:
  Component name = CAM
  PASS  Printing a Component Test, ./ESMF_SciCompCreateUTest.F90, line 252
  PASS  Destroying a Component Test, ./ESMF_SciCompCreateUTest.F90, line 265
  Ending Test, file ./ESMF_SciCompCreateUTest.F90, line 267
  Failure in Finalizing ESMF
  PET 1  Test Elapsed Time  1.9152110000000277  msec.
  Beginning Test, file ./ESMF_SciCompCreateUTest.F90, line 59
  NUMBER_OF_PROCESSORS 4
  PASS  Testing SciComp IsCreated for uncreated object, ./ESMF_SciCompCreateUTe
 st.F90, line 67
  PASS  Testing SciComp IsCreated for uncreated object, ./ESMF_SciCompCreateUTe
 st.F90, line 74
  PASS  Creating a Science Component Test, ./ESMF_SciCompCreateUTest.F90, line 
 82
  PASS  Testing SciComp IsCreated for created object, ./ESMF_SciCompCreateUTest
 .F90, line 89
  PASS  Testing SciComp IsCreated for created object, ./ESMF_SciCompCreateUTest
 .F90, line 96
  PASS  SciComp equality before assignment Test, ./ESMF_SciCompCreateUTest.F90,
  line 103
  PASS  SciComp assignment and equality Test, ./ESMF_SciCompCreateUTest.F90, li
 ne 112
  PASS  SciCompDestroy Test, ./ESMF_SciCompCreateUTest.F90, line 119
  PASS  Testing SciComp IsCreated for destroyed object, ./ESMF_SciCompCreateUTe
 st.F90, line 126
  PASS  Testing SciComp IsCreated for destroyed object, ./ESMF_SciCompCreateUTe
 st.F90, line 133
  PASS  SciComp equality after destroy Test, ./ESMF_SciCompCreateUTest.F90, lin
 e 141
  PASS  SciComp non-equality after destroy Test, ./ESMF_SciCompCreateUTest.F90,
  line 149
  PASS  Double SciCompDestroy through alias Test, ./ESMF_SciCompCreateUTest.F90
 , line 160
  PASS  Getting a Component name Test, ./ESMF_SciCompCreateUTest.F90, line 169
  PASS  Creating a Component Test, ./ESMF_SciCompCreateUTest.F90, line 179
  PASS  SciCompDestroy Test, ./ESMF_SciCompCreateUTest.F90, line 187
  PASS  Creating a Component Test, ./ESMF_SciCompCreateUTest.F90, line 198
  PASS  Validating a Component Test, ./ESMF_SciCompCreateUTest.F90, line 209
  PASS  Getting a Component name Test, ./ESMF_SciCompCreateUTest.F90, line 220
 cname = Atmosphere                                                            
                                                                               
                                                                               
                               
 bname = Atmosphere                                                            
                                                                               
                                                                               
                               
  PASS  Verifying the correct Component name was returned Test, ./ESMF_SciCompC
 reateUTest.F90, line 231
  PASS  Setting  a Science Component name Test, ./ESMF_SciCompCreateUTest.F90, 
 line 241
 Science Component:
  Component name = CAM
  PASS  Printing a Component Test, ./ESMF_SciCompCreateUTest.F90, line 252
  PASS  Destroying a Component Test, ./ESMF_SciCompCreateUTest.F90, line 265
  Ending Test, file ./ESMF_SciCompCreateUTest.F90, line 267
  Failure in Finalizing ESMF
  PET 2  Test Elapsed Time  1.9189310000000126  msec.
  Beginning Test, file ./ESMF_SciCompCreateUTest.F90, line 59
  NUMBER_OF_PROCESSORS 4
  PASS  Testing SciComp IsCreated for uncreated object, ./ESMF_SciCompCreateUTe
 st.F90, line 67
  PASS  Testing SciComp IsCreated for uncreated object, ./ESMF_SciCompCreateUTe
 st.F90, line 74
  PASS  Creating a Science Component Test, ./ESMF_SciCompCreateUTest.F90, line 
 82
  PASS  Testing SciComp IsCreated for created object, ./ESMF_SciCompCreateUTest
 .F90, line 89
  PASS  Testing SciComp IsCreated for created object, ./ESMF_SciCompCreateUTest
 .F90, line 96
  PASS  SciComp equality before assignment Test, ./ESMF_SciCompCreateUTest.F90,
  line 103
  PASS  SciComp assignment and equality Test, ./ESMF_SciCompCreateUTest.F90, li
 ne 112
  PASS  SciCompDestroy Test, ./ESMF_SciCompCreateUTest.F90, line 119
  PASS  Testing SciComp IsCreated for destroyed object, ./ESMF_SciCompCreateUTe
 st.F90, line 126
  PASS  Testing SciComp IsCreated for destroyed object, ./ESMF_SciCompCreateUTe
 st.F90, line 133
  PASS  SciComp equality after destroy Test, ./ESMF_SciCompCreateUTest.F90, lin
 e 141
  PASS  SciComp non-equality after destroy Test, ./ESMF_SciCompCreateUTest.F90,
  line 149
  PASS  Double SciCompDestroy through alias Test, ./ESMF_SciCompCreateUTest.F90
 , line 160
  PASS  Getting a Component name Test, ./ESMF_SciCompCreateUTest.F90, line 169
  PASS  Creating a Component Test, ./ESMF_SciCompCreateUTest.F90, line 179
  PASS  SciCompDestroy Test, ./ESMF_SciCompCreateUTest.F90, line 187
  PASS  Creating a Component Test, ./ESMF_SciCompCreateUTest.F90, line 198
  PASS  Validating a Component Test, ./ESMF_SciCompCreateUTest.F90, line 209
  PASS  Getting a Component name Test, ./ESMF_SciCompCreateUTest.F90, line 220
 cname = Atmosphere                                                            
                                                                               
                                                                               
                               
 bname = Atmosphere                                                            
                                                                               
                                                                               
                               
  PASS  Verifying the correct Component name was returned Test, ./ESMF_SciCompC
 reateUTest.F90, line 231
  PASS  Setting  a Science Component name Test, ./ESMF_SciCompCreateUTest.F90, 
 line 241
 Science Component:
  Component name = CAM
  PASS  Printing a Component Test, ./ESMF_SciCompCreateUTest.F90, line 252
  PASS  Destroying a Component Test, ./ESMF_SciCompCreateUTest.F90, line 265
  Ending Test, file ./ESMF_SciCompCreateUTest.F90, line 267
  Failure in Finalizing ESMF
  PET 0  Test Elapsed Time  1.9618319999999967  msec.
