2025-05-08 01:27:40
m()
 stdout inside mygcomp_register_exh() from localPet= 0
 stdout inside mygcomp_setvm()
 stdout inside mygcomp_register_exh() from localPet= 0
 stdout inside mygcomp_setvm()
 stdout inside mygcomp_register_exh() from localPet= 0
 stdout inside mygcomp_setvm()
 stdout inside mygcomp_register_exh() from localPet= 0
 stdout inside mygcomp_setvm()
 stdout inside mygcomp_register_exh() from localPet= 0
 stdout inside mygcomp_setvm()
 stdout inside mygcomp_register_exh() from localPet= 0
 stdout inside mygcomp_setvm()
 stdout inside mygcomp_register_exh() from localPet= 0
 stdout inside mygcomp_setvm()
 stdout inside mygcomp_register_exh() from localPet= 0
 stdout inside mygcomp_setvm()
 stdout inside mygcomp_register_exh() from localPet= 0
 stdout inside mygcomp_setvm()
 stdout inside mygcomp_register_exh() from localPet= 0
 stdout inside mygcomp_setvm()
 stdout inside mygcomp_register_exh() from localPet= 0
 stdout inside mygcomp_setvm()
 stdout inside mygcomp_register_exh() from localPet= 0
 stdout inside mygcomp_setvm()
 stdout inside mygcomp_register_exh() from localPet= 0
 stdout inside mygcomp_setvm()
 stdout inside mygcomp_register_exh() from localPet= 0
 stdout inside mygcomp_setvm()
 stdout inside mygcomp_register_exh() from localPet= 0
 stdout inside mygcomp_setvm()
 stdout inside mygcomp_register_exh() from localPet= 0
 stdout inside mygcomp_setvm()
 stdout inside mygcomp_register_exh() from localPet= 0
 stdout inside mygcomp_setvm()
 stdout inside mygcomp_register_exh() from localPet= 0
 stdout inside mygcomp_setvm()
 stdout inside mygcomp_register_exh() from localPet= 0
 stdout inside mygcomp_setvm()
 stdout inside mygcomp_register_exh() from localPet= 0
 stdout inside mygcomp_setvm()
 stdout inside mygcomp_register_exh() from localPet= 0
 stdout inside mygcomp_setvm()
 stdout inside mygcomp_register_exh() from localPet= 0
 stdout inside mygcomp_setvm()
 stdout inside mygcomp_register_exh() from localPet= 0
 stdout inside mygcomp_setvm()
 stdout inside mygcomp_register_exh() from localPet= 0
 stdout inside mygcomp_setvm()
 stdout inside mygcomp_register_exh() from localPet= 0
 stdout inside mygcomp_setvm()
 stdout inside mygcomp_register_exh() from localPet= 0
 stdout inside mygcomp_setvm()
 stdout inside mygcomp_register_exh() from localPet= 0
 stdout inside mygcomp_setvm()
 stdout inside mygcomp_register_exh() from localPet= 0
 stdout inside mygcomp_setvm()
 stdout inside mygcomp_register_exh() from localPet= 0
 stdout inside mygcomp_setvm()
 stdout inside mygcomp_register_exh() from localPet= 0
 stdout inside mygcomp_setvm()
 stdout inside mygcomp_register_exh() from localPet= 0
 stdout inside mygcomp_setvm()
 stdout inside mygcomp_register_exh() from localPet= 0
 stdout inside mygcomp_setvm()
 stdout inside mygcomp_register_exh() from localPet= 0
 stdout inside mygcomp_setvm()
 stdout inside mygcomp_register_exh() from localPet= 0
 stdout inside mygcomp_setvm()
 stdout inside mygcomp_register_exh() from localPet= 0
 stdout inside mygcomp_setvm()
 stdout inside mygcomp_register_exh() from localPet= 0
 stdout inside mygcomp_setvm()
 stdout inside mygcomp_register_exh() from localPet= 0
 stdout inside mygcomp_setvm()
 stdout inside mygcomp_register_exh() from localPet= 0
 stdout inside mygcomp_setvm()
 stdout inside mygcomp_register_exh() from localPet= 0
 stdout inside mygcomp_setvm()
 stdout inside mygcomp_register_exh() from localPet= 0
 stdout inside mygcomp_setvm()
 stdout inside mygcomp_register_exh() from localPet= 0
 stdout inside mygcomp_setvm()
 stdout inside mygcomp_register_exh() from localPet= 0
 stdout inside mygcomp_setvm()
 stdout inside mygcomp_register_exh() from localPet= 0
 stdout inside mygcomp_setvm()
 stdout inside mygcomp_register_exh() from localPet= 0
 stdout inside mygcomp_setvm()
 stdout inside mygcomp_register_exh() from localPet= 0
 stdout inside mygcomp_setvm()
 stdout inside mygcomp_register_exh() from localPet= 0
 stdout inside mygcomp_setvm()
 stdout inside mygcomp_register_exh() from localPet= 0
 stdout inside mygcomp_setvm()
 stdout inside mygcomp_register_exh() from localPet= 0
 stdout inside mygcomp_setvm()
 stdout inside mygcomp_register_exh() from localPet= 0
 stdout inside mygcomp_setvm()
 stdout inside mygcomp_register_exh() from localPet= 0
 stdout inside mygcomp_setvm()
 stdout inside mygcomp_register_exh() from localPet= 0
 stdout inside mygcomp_setvm()
 stdout inside mygcomp_register_exh() from localPet= 0
 stdout inside mygcomp_setvm()
 stdout inside mygcomp_register_exh() from localPet= 0
 stdout inside mygcomp_setvm()
 stdout inside mygcomp_register_exh() from localPet= 0
 stdout inside mygcomp_setvm()
 stdout inside mygcomp_register_exh() from localPet= 0
 stdout inside mygcomp_setvm()
 stdout inside mygcomp_register_exh() from localPet= 0
 stdout inside mygcomp_setvm()
 stdout inside mygcomp_register_exh() from localPet= 0
 stdout inside mygcomp_setvm()
 stdout inside mygcomp_register_exh() from localPet= 0
 stdout inside mygcomp_setvm()
 stdout inside mygcomp_register_exh() from localPet= 0
 stdout inside mygcomp_setvm()
 stdout inside mygcomp_register_exh() from localPet= 0
 stdout inside mygcomp_setvm()
 stdout inside mygcomp_register_exh() from localPet= 0
 stdout inside mygcomp_setvm()
 stdout inside mygcomp_register_exh() from localPet= 0
 stdout inside mygcomp_setvm()
 stdout inside mygcomp_register_exh() from localPet= 0
 stdout inside mygcomp_setvm()
 stdout inside mygcomp_register_exh() from localPet= 0
 stdout inside mygcomp_setvm()
 stdout inside mygcomp_register_exh() from localPet= 0
 stdout inside mygcomp_setvm()
 stdout inside mygcomp_register_exh() from localPet= 0
 stdout inside mygcomp_setvm()
 stdout inside mygcomp_register_exh() from localPet= 0
 stdout inside mygcomp_setvm()
 stdout inside mygcomp_register_exh() from localPet= 0
 stdout inside mygcomp_setvm()
 stdout inside mygcomp_register_exh() from localPet= 0
 stdout inside mygcomp_setvm()
 stdout inside mygcomp_register_exh() from localPet= 0
 stdout inside mygcomp_setvm()
 stdout inside mygcomp_register_exh() from localPet= 0
 stdout inside mygcomp_setvm()
 stdout inside mygcomp_register_exh() from localPet= 0
 stdout inside mygcomp_setvm()
 stdout inside mygcomp_register_exh() from localPet= 0
 stdout inside mygcomp_setvm()
 stdout inside mygcomp_register_exh() from localPet= 0
 stdout inside mygcomp_setvm()
 stdout inside mygcomp_register_exh() from localPet= 0
 stdout inside mygcomp_setvm()
 stdout inside mygcomp_register_exh() from localPet= 0
 stdout inside mygcomp_setvm()
 stdout inside mygcomp_register_exh() from localPet= 0
 stdout inside mygcomp_setvm()
 stdout inside mygcomp_register_exh() from localPet= 0
 stdout inside mygcomp_setvm()
 stdout inside mygcomp_register_exh() from localPet= 0
 stdout inside mygcomp_setvm()
 stdout inside mygcomp_register_exh() from localPet= 0
 stdout inside mygcomp_setvm()
 stdout inside mygcomp_register_exh() from localPet= 0
 stdout inside mygcomp_setvm()
 stdout inside mygcomp_register_exh() from localPet= 0
 stdout inside mygcomp_setvm()
 stdout inside mygcomp_register_exh() from localPet= 0
 stdout inside mygcomp_setvm()
 stdout inside mygcomp_register_exh() from localPet= 0
 stdout inside mygcomp_setvm()
 stdout inside mygcomp_register_exh() from localPet= 0
 stdout inside mygcomp_setvm()
 stdout inside mygcomp_register_exh() from localPet= 0
 stdout inside mygcomp_setvm()
 stdout inside mygcomp_register_exh() from localPet= 0
 stdout inside mygcomp_setvm()
 stdout inside mygcomp_register_exh() from localPet= 0
 stdout inside mygcomp_setvm()
 stdout inside mygcomp_register_exh() from localPet= 0
 stdout inside mygcomp_setvm()
 stdout inside mygcomp_register_exh() from localPet= 0
 stdout inside mygcomp_setvm()
 stdout inside mygcomp_register_exh() from localPet= 0
 stdout inside mygcomp_setvm()
 stdout inside mygcomp_register_exh() from localPet= 0
 stdout inside mygcomp_setvm()
 stdout inside mygcomp_register_exh() from localPet= 0
 stdout inside mygcomp_setvm()
 stdout inside mygcomp_register_exh() from localPet= 0
 stdout inside mygcomp_setvm()
 stdout inside mygcomp_register_exh() from localPet= 0
 stdout inside mygcomp_setvm()
 stdout inside myg