2025-05-10 03:59:20
  Beginning Test, file ESMF_LogErrPerfUTest.F90, line 55
  NUMBER_OF_PROCESSORS            4
  PASS  Performance of ESMF_LogFoundError() 1000x Test, ESMF_LogErrPerfUTest.F90, line 64
  PASS  Performance of ESMF_LogFoundError() 10000x Test, ESMF_LogErrPerfUTest.F90, line 72
  PASS  Performance of ESMF_LogFoundError() 100000x Test, ESMF_LogErrPerfUTest.F90, line 80
  PASS  Performance of ESMF_LogFoundError() 1000000x Test, ESMF_LogErrPerfUTest.F90, line 88
  PASS  Threshold check for ESMF_LogFoundError() 1000000x Test, ESMF_LogErrPerfUTest.F90, line 100
  Ending Test, file ESMF_LogErrPerfUTest.F90, line 107
  PET            2  Test Elapsed Time     9.267091751098633       msec.
  Beginning Test, file ESMF_LogErrPerfUTest.F90, line 55
  NUMBER_OF_PROCESSORS            4
  PASS  Performance of ESMF_LogFoundError() 1000x Test, ESMF_LogErrPerfUTest.F90, line 64
  PASS  Performance of ESMF_LogFoundError() 10000x Test, ESMF_LogErrPerfUTest.F90, line 72
  PASS  Performance of ESMF_LogFoundError() 100000x Test, ESMF_LogErrPerfUTest.F90, line 80
  PASS  Performance of ESMF_LogFoundError() 1000000x Test, ESMF_LogErrPerfUTest.F90, line 88
  PASS  Threshold check for ESMF_LogFoundError() 1000000x Test, ESMF_LogErrPerfUTest.F90, line 100
  Ending Test, file ESMF_LogErrPerfUTest.F90, line 107
  PET            0  Test Elapsed Time     9.347200393676758       msec.
  Beginning Test, file ESMF_LogErrPerfUTest.F90, line 55
  NUMBER_OF_PROCESSORS            4
  PASS  Performance of ESMF_LogFoundError() 1000x Test, ESMF_LogErrPerfUTest.F90, line 64
  PASS  Performance of ESMF_LogFoundError() 10000x Test, ESMF_LogErrPerfUTest.F90, line 72
  PASS  Performance of ESMF_LogFoundError() 100000x Test, ESMF_LogErrPerfUTest.F90, line 80
  PASS  Performance of ESMF_LogFoundError() 1000000x Test, ESMF_LogErrPerfUTest.F90, line 88
  PASS  Threshold check for ESMF_LogFoundError() 1000000x Test, ESMF_LogErrPerfUTest.F90, line 100
  Ending Test, file ESMF_LogErrPerfUTest.F90, line 107
  PET            1  Test Elapsed Time     9.344100952148438       msec.
  Beginning Test, file ESMF_LogErrPerfUTest.F90, line 55
  NUMBER_OF_PROCESSORS            4
  PASS  Performance of ESMF_LogFoundError() 1000x Test, ESMF_LogErrPerfUTest.F90, line 64
  PASS  Performance of ESMF_LogFoundError() 10000x Test, ESMF_LogErrPerfUTest.F90, line 72
  PASS  Performance of ESMF_LogFoundError() 100000x Test, ESMF_LogErrPerfUTest.F90, line 80
  PASS  Performance of ESMF_LogFoundError() 1000000x Test, ESMF_LogErrPerfUTest.F90, line 88
  PASS  Threshold check for ESMF_LogFoundError() 1000000x Test, ESMF_LogErrPerfUTest.F90, line 100
  Ending Test, file ESMF_LogErrPerfUTest.F90, line 107
  PET            3  Test Elapsed Time     9.421110153198242       msec.
