2025-05-10 03:59:20
   3
 stdout inside mygcomp_run() from localPet=            3
 stdout inside mygcomp_run() from localPet=            3
 stdout inside mygcomp_run() from localPet=            3
 stdout inside mygcomp_final() from localPet=            3
 stdout inside mygcomp_init() from localPet=            3
 stdout inside mygcomp_run() from localPet=            3
 stdout inside mygcomp_run() from localPet=            3
 stdout inside mygcomp_run() from localPet=            3
 stdout inside mygcomp_final() from localPet=            3
 stdout inside mygcomp_init() from localPet=            3
 stdout inside mygcomp_run() from localPet=            3
 stdout inside mygcomp_run() from localPet=            3
 stdout inside mygcomp_run() from localPet=            3
 stdout inside mygcomp_final() from localPet=            3
 stdout inside mygcomp_init() from localPet=            3
 stdout inside mygcomp_run() from localPet=            3
 stdout inside mygcomp_run() from localPet=            3
 stdout inside mygcomp_run() from localPet=            3
 stdout inside mygcomp_final() from localPet=            3
 stdout inside mygcomp_init() from localPet=            3
 stdout inside mygcomp_run() from localPet=            3
 stdout inside mygcomp_run() from localPet=            3
 stdout inside mygcomp_run() from localPet=            3
 stdout inside mygcomp_final() from localPet=            3
 stdout inside mygcomp_init() from localPet=            3
 stdout inside mygcomp_run() from localPet=            3
 stdout inside mygcomp_run() from localPet=            3
 stdout inside mygcomp_run() from localPet=            3
 stdout inside mygcomp_final() from localPet=            3
 stdout inside mygcomp_init() from localPet=            3
 stdout inside mygcomp_run() from localPet=            3
 stdout inside mygcomp_run() from localPet=            3
 stdout inside mygcomp_run() from localPet=            3
 stdout inside mygcomp_final() from localPet=            3
 stdout inside mygcomp_init() from localPet=            3
 stdout inside mygcomp_run() from localPet=            3
 stdout inside mygcomp_run() from localPet=            3
 stdout inside mygcomp_run() from localPet=            3
 stdout inside mygcomp_final() from localPet=            3
 stdout inside mygcomp_init() from localPet=            3
 stdout inside mygcomp_run() from localPet=            3
 stdout inside mygcomp_run() from localPet=            3
 stdout inside mygcomp_run() from localPet=            3
 stdout inside mygcomp_final() from localPet=            3
 stdout inside mygcomp_init() from localPet=            3
 stdout inside mygcomp_run() from localPet=            3
 stdout inside mygcomp_run() from localPet=            3
 stdout inside mygcomp_run() from localPet=            3
 stdout inside mygcomp_final() from localPet=            3
 stdout inside mygcomp_init() from localPet=            3
 stdout inside mygcomp_run() from localPet=            3
 stdout inside mygcomp_run() from localPet=            3
 stdout inside mygcomp_run() from localPet=            3
 stdout inside mygcomp_final() from localPet=            3
 stdout inside mygcomp_init() from localPet=            3
 stdout inside mygcomp_run() from localPet=            3
 stdout inside mygcomp_run() from localPet=            3
 stdout inside mygcomp_run() from localPet=            3
 stdout inside mygcomp_final() from localPet=            3
 stdout inside mygcomp_init() from localPet=            3
 stdout inside mygcomp_run() from localPet=            3
 stdout inside mygcomp_run() from localPet=            3
 stdout inside mygcomp_run() from localPet=            3
 stdout inside mygcomp_final() from localPet=            3
 stdout inside mygcomp_init() from localPet=            3
 stdout inside mygcomp_run() from localPet=            3
 stdout inside mygcomp_run() from localPet=            3
 stdout inside mygcomp_run() from localPet=            3
 stdout inside mygcomp_final() from localPet=            3
 stdout inside mygcomp_init() from localPet=            3
 stdout inside mygcomp_run() from localPet=            3
 s   1
 stdout inside mygcomp_run() from localPet=            1
 stdout inside mygcomp_run() from localPet=            1
 stdout inside mygcomp_run() from localPet=            1
 stdout inside mygcomp_final() from localPet=            1
 stdout inside mygcomp_init() from localPet=            1
 stdout inside mygcomp_run() from localPet=            1
 stdout inside mygcomp_run() from localPet=            1
 stdout inside mygcomp_run() from localPet=            1
 stdout inside mygcomp_final() from localPet=            1
 stdout inside mygcomp_init() from localPet=            1
 stdout inside mygcomp_run() from localPet=            1
 stdout inside mygcomp_run() from localPet=            1
 stdout inside mygcomp_run() from localPet=            1
 stdout inside mygcomp_final() from localPet=            1
 stdout inside mygcomp_init() from localPet=            1
 stdout inside mygcomp_run() from localPet=            1
 stdout inside mygcomp_run() from localPet=            1
 stdout inside mygcomp_run() from localPet=            1
 stdout inside mygcomp_final() from localPet=            1
 stdout inside mygcomp_init() from localPet=            1
 stdout inside mygcomp_run() from localPet=            1
 stdout inside mygcomp_run() from localPet=            1
 stdout inside mygcomp_run() from localPet=            1
 stdout inside mygcomp_final() from localPet=            1
 stdout inside mygcomp_init() from localPet=            1
 stdout inside mygcomp_run() from localPet=            1
 stdout inside mygcomp_run() from localPet=            1
 stdout inside mygcomp_run() from localPet=            1
 stdout inside mygcomp_final() from localPet=            1
 stdout inside mygcomp_init() from localPet=            1
 stdout inside mygcomp_run() from localPet=            1
 stdout inside mygcomp_run() from localPet=            1
 stdout inside mygcomp_run() from localPet=            1
 stdout inside mygcomp_final() from localPet=            1
 stdout inside mygcomp_init() from localPet=            1
 stdout inside mygcomp_run() from localPet=            1
 stdout inside mygcomp_run() from localPet=            1
 stdout inside mygcomp_run() from localPet=            1
 stdout inside mygcomp_final() from localPet=            1
 stdout inside mygcomp_init() from localPet=            1
 stdout inside mygcomp_run() from localPet=            1
 stdout inside mygcomp_run() from localPet=            1
 stdout inside mygcomp_run() from localPet=            1
 stdout inside mygcomp_final() from localPet=            1
 stdout inside mygcomp_init() from localPet=            1
 stdout inside mygcomp_run() from localPet=            1
 stdout inside mygcomp_run() from localPet=            1
 stdout inside mygcomp_run() from localPet=            1
 stdout inside mygcomp_final() from localPet=            1
 stdout inside mygcomp_init() from localPet=            1
 stdout inside mygcomp_run() from localPet=            1
 stdout inside mygcomp_run() from localPet=            1
 stdout inside mygcomp_run() from localPet=            1
 stdout inside mygcomp_final() from localPet=            1
 stdout inside mygcomp_init() from localPet=            1
 stdout inside mygcomp_run() from localPet=            1
 stdout inside mygcomp_run() from localPet=            1
 stdout inside mygcomp_run() from localPet=            1
 stdout inside mygcomp_final() from localPet=            1
 stdout inside mygcomp_init() from localPet=            1
 stdout inside mygcomp_run() from localPet=            1
 stdout inside mygcomp_run() from localPet=            1
 stdout inside mygcomp_run() from localPet=            1
 stdout inside mygcomp_final() from localPet=            1
 stdout inside mygcomp_init() from localPet=            1
 stdout inside mygcomp_run() from localPet=            1
 stdout inside mygcomp_run() from localPet=            1
 stdout inside mygcomp_run() from localPet=            1
 stdout inside mygcomp_final() from localPet=            1
 stdout inside mygcomp_init() from localPet=            1
 stdout inside mygcomp_run() from localPet=            1
 s   2
 stdout inside mygcomp_run() from localPet=            2
 stdout inside mygcomp_run() from localPet=            2
 stdout inside mygcomp_run() from localPet=            2
 stdout inside mygcomp_final() from localPet=            2
 stdout inside mygcomp_init() from localPet=            2
 stdout inside mygcomp_run() from localPet=            2
 stdout inside mygcomp_run() from localPet=            2
 stdout inside mygcomp_run() from localPet=            2
 stdout inside mygcomp_final() from localPet=            2
 stdout inside mygcomp_init() from localPet=            2
 stdout inside mygcomp_run() from localPet=            2
 stdout inside mygcomp_run() from localPet=            2
 stdout inside mygcomp_run() from localPet=            2
 stdout inside mygcomp_final() from localPet=            2
 stdout inside mygcomp_init() from localPet=            2
 stdout inside mygcomp_run() from localPet=            2
 stdout inside mygcomp_run() from localPet=            2
 stdout inside mygcomp_run() from localPet=            2
 stdout inside mygcomp_final() from localPet=            2
 stdout inside mygcomp_init() from localPet=            2
 stdout inside mygcomp_run() from localPet=            2
 stdout inside mygcomp_run() from localPet=            2
 stdout inside mygcomp_run() from localPet=            2
 stdout inside mygcomp_final() from localPet=            2
 stdout inside mygcomp_init() from localPet=            2
 stdout inside mygcomp_run() from localPet=            2
 stdout inside mygcomp_run() from localPet=            2
 stdout inside mygcomp_run() from localPet=            2
 stdout inside mygcomp_final() from localPet=            2
 stdout inside mygcomp_init() from localPet=            2
 stdout inside mygcomp_run() from localPet=            2
 stdout inside mygcomp_run() from localPet=            2
 stdout inside mygcomp_run() from localPet=            2
 stdout inside mygcomp_final() from localPet=            2
 stdout inside mygcomp_init() from localPet=            2
 stdout inside mygcomp_run() from localPet=            2
 stdout inside mygcomp_run() from localPet=            2
 stdout inside mygcomp_run() from localPet=            2
 stdout inside mygcomp_final() from localPet=            2
 stdout inside mygcomp_init() from localPet=            2
 stdout inside mygcomp_run() from localPet=            2
 stdout inside mygcomp_run() from localPet=            2
 stdout inside mygcomp_run() from localPet=            2
 stdout inside mygcomp_final() from localPet=            2
 stdout inside mygcomp_init() from localPet=            2
 stdout inside mygcomp_run() from localPet=            2
 stdout inside mygcomp_run() from localPet=            2
 stdout inside mygcomp_run() from localPet=            2
 stdout inside mygcomp_final() from localPet=            2
 stdout inside mygcomp_init() from localPet=            2
 stdout inside mygcomp_run() from localPet=            2
 stdout inside mygcomp_run() from localPet=            2
 stdout inside mygcomp_run() from localPet=            2
 stdout inside mygcomp_final() from localPet=            2
 stdout inside mygcomp_init() from localPet=            2
 stdout inside mygcomp_run() from localPet=            2
 stdout inside mygcomp_run() from localPet=            2
 stdout inside mygcomp_run() from localPet=            2
 stdout inside mygcomp_final() from localPet=            2
 stdout inside mygcomp_init() from localPet=            2
 stdout inside mygcomp_run() from localPet=            2
 stdout inside mygcomp_run() from localPet=            2
 stdout inside mygcomp_run() from localPet=            2
 stdout inside mygcomp_final() from localPet=            2
 stdout inside mygcomp_init() from localPet=            2
 stdout inside mygcomp_run() from localPet=            2
 stdout inside mygcomp_run() from localPet=            2
 stdout inside mygcomp_run() from localPet=            2
 stdout inside mygcomp_final() from localPet=            2
 stdout inside mygcomp_init() from localPet=            2
 stdout inside mygcomp_run() from localPet=            2
 s