2025-05-09 07:39:50
Name: Array002	  Convention: customconvention2	  Purpose: custompurpose2	

Custom1	Custom2	Custom3	
