2025-05-09 07:39:50
Beginning Test, file ESMC_FieldSMMFromFileUTest.c, line 41
Beginning Test, file ESMC_FieldSMMFromFileUTest.c, line 41NUMBER_OF_PROCESSORS 4
Beginning Test, file ESMC_FieldSMMFromFileUTest.c, line 41
Beginning Test, file ESMC_FieldSMMFromFileUTest.c, line 41NUMBER_OF_PROCESSORS 4
Beginning Test, file ESMC_FieldSMMFromFileUTest.c, line 41
Beginning Test, file ESMC_FieldSMMFromFileUTest.c, line 41NUMBER_OF_PROCESSORS 4
Beginning Test, file ESMC_FieldSMMFromFileUTest.c, line 41
Beginning Test, file ESMC_FieldSMMFromFileUTest.c, line 41NUMBER_OF_PROCESSORS 4
PASS ESMC_FieldRegridStoreFile test, ESMC_FieldSMMFromFileUTest.c, line 202
PASS ESMC_FieldSMMStore from File test, ESMC_FieldSMMFromFileUTest.c, line 224
PASS ESMC_FieldRegridStoreFile test, ESMC_FieldSMMFromFileUTest.c, line 202
PASS ESMC_FieldSMMStore From File validation, ESMC_FieldSMMFromFileUTest.c, line 244
PASS ESMC_FieldRegridRelease, ESMC_FieldSMMFromFileUTest.c, line 274
PASS ESMC_FieldRegridStoreFile test, ESMC_FieldSMMFromFileUTest.c, line 202
PASS ESMC_FieldSMMStore from File test, ESMC_FieldSMMFromFileUTest.c, line 224
PASS ESMC_FieldSMMStore From File validation, ESMC_FieldSMMFromFileUTest.c, line 244
PASS ESMC_FieldRegridRelease, ESMC_FieldSMMFromFileUTest.c, line 274
PASS ESMC_FieldRegridStoreFile test, ESMC_FieldSMMFromFileUTest.c, line 202
PASS ESMC_FieldSMMStore from File test, ESMC_FieldSMMFromFileUTest.c, line 224
PASS ESMC_FieldSMMStore From File validation, ESMC_FieldSMMFromFileUTest.c, line 244
PASS ESMC_FieldRegridRelease, ESMC_FieldSMMFromFileUTest.c, line 274
PASS ESMC_FieldSMMStore from File test, ESMC_FieldSMMFromFileUTest.c, line 224
PASS ESMC_FieldSMMStore From File validation, ESMC_FieldSMMFromFileUTest.c, line 244
PASS ESMC_FieldRegridRelease, ESMC_FieldSMMFromFileUTest.c, line 274
Ending Test, file ESMC_FieldSMMFromFileUTest.c, line 289
Ending Test, file ESMC_FieldSMMFromFileUTest.c, line 289
Ending Test, file ESMC_FieldSMMFromFileUTest.c, line 289
Ending Test, file ESMC_FieldSMMFromFileUTest.c, line 289
Ending Test, file ESMC_FieldSMMFromFileUTest.c, line 289 PET 1 Test Elapsed Time 31.912 msec.
Ending Test, file ESMC_FieldSMMFromFileUTest.c, line 289 PET 3 Test Elapsed Time 31.764 msec.
Ending Test, file ESMC_FieldSMMFromFileUTest.c, line 289 PET 0 Test Elapsed Time 32.804 msec.
Ending Test, file ESMC_FieldSMMFromFileUTest.c, line 289 PET 2 Test Elapsed Time 32.705 msec.
