2025-05-09 04:50:11
Name: LocStream002	  Convention: customconvention2	  Purpose: custompurpose2	

Custom1	Custom2	Custom3	
