2025-05-08 09:40:22
  Beginning Test, file ESMF_AttributeUpdateRemoveOnlyUTest.F90, line 533
  NUMBER_OF_PROCESSORS           4
  Beginning Test, file ESMF_AttributeUpdateRemoveOnlyUTest.F90, line 533
  Beginning Test, file ESMF_AttributeUpdateRemoveOnlyUTest.F90, line 533
  NUMBER_OF_PROCESSORS           4
  Beginning Test, file ESMF_AttributeUpdateRemoveOnlyUTest.F90, line 533
  NUMBER_OF_PROCESSORS           4
  NUMBER_OF_PROCESSORS           4
  PASS  Getting an updated deleted Attribute value from a Field test, ESMF_AttributeUpdateRemoveOnlyUTest.F90, line 621
  PASS  Getting an updated deleted Attribute value from a Field test, ESMF_AttributeUpdateRemoveOnlyUTest.F90, line 621
  PASS  Getting an updated deleted Attribute value from a Field test, ESMF_AttributeUpdateRemoveOnlyUTest.F90, line 621
  PASS  Getting an updated deleted Attribute value from a Field test, ESMF_AttributeUpdateRemoveOnlyUTest.F90, line 621
  Ending Test, file ESMF_AttributeUpdateRemoveOnlyUTest.F90, line 646
  Ending Test, file ESMF_AttributeUpdateRemoveOnlyUTest.F90, line 646
  Ending Test, file ESMF_AttributeUpdateRemoveOnlyUTest.F90, line 646
  Ending Test, file ESMF_AttributeUpdateRemoveOnlyUTest.F90, line 646
[WARNING] yaksa: 10 leaked handle pool objects
[WARNING] yaksa: 10 leaked handle pool objects
[WARNING] yaksa: 10 leaked handle pool objects
  PET           0  Test Elapsed Time    3.6309999999999953       msec.
  PET           3  Test Elapsed Time    3.5800000000000001       msec.
  PET           2  Test Elapsed Time    3.6530000000000036       msec.
[WARNING] yaksa: 10 leaked handle pool objects
  PET           1  Test Elapsed Time    3.6959999999999980       msec.
