2025-05-10 02:41:49
Beginning Test, file ESMC_TestUTest.c, line 32
Beginning Test, file ESMC_TestUTest.c, line 32NUMBER_OF_PROCESSORS 4
PASS Use of ESMC_Test(), true, ESMC_TestUTest.c, line 39
Ending Test, file ESMC_TestUTest.c, line 43
Beginning Test, file ESMC_TestUTest.c, line 32
Beginning Test, file ESMC_TestUTest.c, line 32NUMBER_OF_PROCESSORS 4
PASS Use of ESMC_Test(), true, ESMC_TestUTest.c, line 39
Ending Test, file ESMC_TestUTest.c, line 43
Beginning Test, file ESMC_TestUTest.c, line 32
Beginning Test, file ESMC_TestUTest.c, line 32NUMBER_OF_PROCESSORS 4
PASS Use of ESMC_Test(), true, ESMC_TestUTest.c, line 39
Ending Test, file ESMC_TestUTest.c, line 43
Beginning Test, file ESMC_TestUTest.c, line 32
Beginning Test, file ESMC_TestUTest.c, line 32NUMBER_OF_PROCESSORS 4
PASS Use of ESMC_Test(), true, ESMC_TestUTest.c, line 39
Ending Test, file ESMC_TestUTest.c, line 43
Ending Test, file ESMC_TestUTest.c, line 43 PET 0 Test Elapsed Time 20.714 msec.
Ending Test, file ESMC_TestUTest.c, line 43 PET 2 Test Elapsed Time 20.848 msec.
Ending Test, file ESMC_TestUTest.c, line 43 PET 1 Test Elapsed Time 20.316 msec.
Ending Test, file ESMC_TestUTest.c, line 43 PET 3 Test Elapsed Time 20.505 msec.
