2025-05-08 03:51:13
cePthreads()
 stdout inside mygcomp_register_exh() from localPet=            0
 stdout inside mygcomp_setvmForcePthreads()
 stdout inside mygcomp_register_exh() from localPet=            0
 stdout inside mygcomp_setvmForcePthreads()
 stdout inside mygcomp_register_exh() from localPet=            0
 stdout inside mygcomp_setvmForcePthreads()
 stdout inside mygcomp_register_exh() from localPet=            0
 stdout inside mygcomp_setvmForcePthreads()
 stdout inside mygcomp_register_exh() from localPet=            0
 stdout inside mygcomp_setvmForcePthreads()
 stdout inside mygcomp_register_exh() from localPet=            0
 stdout inside mygcomp_setvmForcePthreads()
 stdout inside mygcomp_register_exh() from localPet=            0
 stdout inside mygcomp_setvmForcePthreads()
 stdout inside mygcomp_register_exh() from localPet=            0
 stdout inside mygcomp_setvmForcePthreads()
 stdout inside mygcomp_register_exh() from localPet=            0
 stdout inside mygcomp_setvmForcePthreads()
 stdout inside mygcomp_register_exh() from localPet=            0
 stdout inside mygcomp_setvmForcePthreads()
 stdout inside mygcomp_register_exh() from localPet=            0
 stdout inside mygcomp_setvmForcePthreads()
 stdout inside mygcomp_register_exh() from localPet=            0
 stdout inside mygcomp_setvmForcePthreads()
 stdout inside mygcomp_register_exh() from localPet=            0
 stdout inside mygcomp_setvmForcePthreads()
 stdout inside mygcomp_register_exh() from localPet=            0
 stdout inside mygcomp_setvmForcePthreads()
 stdout inside mygcomp_register_exh() from localPet=            0
 stdout inside mygcomp_setvmForcePthreads()
 stdout inside mygcomp_register_exh() from localPet=            0
 stdout inside mygcomp_setvmForcePthreads()
 stdout inside mygcomp_register_exh() from localPet=            0
 stdout inside mygcomp_setvmForcePthreads()
 stdout inside mygcomp_register_exh() from localPet=            0
 stdout inside mygcomp_setvmForcePthreads()
 stdout inside mygcomp_register_exh() from localPet=            0
 stdout inside mygcomp_setvmForcePthreads()
 stdout inside mygcomp_register_exh() from localPet=            0
 stdout inside mygcomp_setvmForcePthreads()
 stdout inside mygcomp_register_exh() from localPet=            0
 stdout inside mygcomp_setvmForcePthreads()
 stdout inside mygcomp_register_exh() from localPet=            0
 stdout inside mygcomp_setvmForcePthreads()
 stdout inside mygcomp_register_exh() from localPet=            0
 stdout inside mygcomp_setvmForcePthreads()
 stdout inside mygcomp_register_exh() from localPet=            0
 stdout inside mygcomp_setvmForcePthreads()
 stdout inside mygcomp_register_exh() from localPet=            0
 stdout inside mygcomp_setvmForcePthreads()
 stdout inside mygcomp_register_exh() from localPet=            0
 stdout inside mygcomp_setvmForcePthreads()
 stdout inside mygcomp_register_exh() from localPet=            0
 stdout inside mygcomp_setvmForcePthreads()
 stdout inside mygcomp_register_exh() from localPet=            0
 stdout inside mygcomp_setvmForcePthreads()
 stdout inside mygcomp_register_exh() from localPet=            0
 stdout inside mygcomp_setvmForcePthreads()
 stdout inside mygcomp_register_exh() from localPet=            0
 stdout inside mygcomp_setvmForcePthreads()
 stdout inside mygcomp_register_exh() from localPet=            0
 stdout inside mygcomp_setvmForcePthreads()
 stdout inside mygcomp_register_exh() from localPet=            0
 stdout inside mygcomp_setvmForcePthreads()
 stdout inside mygcomp_register_exh() from localPet=            0
 stdout inside mygcomp_setvmForcePthreads()
 stdout inside mygcomp_register_exh() from localPet=            0
 stdout inside mygcomp_setvmForcePthreads()
 stdout inside mygcomp_register_exh() from localPet=            0
 stdout inside mygcomp_setvmForcePthreads()
 stdout inside mygcomp_register_exh() from localPet=            0
 stdout inside mygcomp_setvmForcePthreads()
 stdout inside mygcomp_register_exh() from localPet=            0
 stdout inside mygcomp_setvmForcePthreads()
 stdout inside mygcomp_register_exh() from localPet=            0
 stdout inside mygcomp_setvmForcePthreads()
 stdout inside mygcomp_register_exh() from localPet=            0
 stdout inside mygcomp_setvmForcePthreads()
 stdout inside mygcomp_register_exh() from localPet=            0
 stdout inside mygcomp_setvmForcePthreads()
 stdout inside mygcomp_register_exh() from localPet=            0
 stdout inside mygcomp_setvmForcePthreads()
 stdout inside mygcomp_register_exh() from localPet=            0
 stdout inside mygcomp_setvmForcePthreads()
 stdout inside mygcomp_register_exh() from localPet=            0
 stdout inside mygcomp_setvmForcePthreads()
 stdout inside mygcomp_register_exh() from localPet=            0
 stdout inside mygcomp_setvmForcePthreads()
 stdout inside mygcomp_register_exh() from localPet=            0
 stdout inside mygcomp_setvmForcePthreads()
 stdout inside mygcomp_register_exh() from localPet=            0
 stdout inside mygcomp_setvmForcePthreads()
 stdout inside mygcomp_register_exh() from localPet=            0
 stdout inside mygcomp_setvmForcePthreads()
 stdout inside mygcomp_register_exh() from localPet=            0
 stdout inside mygcomp_setvmForcePthreads()
 stdout inside mygcomp_register_exh() from localPet=            0
 stdout inside mygcomp_setvmForcePthreads()
 stdout inside mygcomp_register_exh() from localPet=            0
 stdout inside mygcomp_setvmForcePthreads()
 stdout inside mygcomp_register_exh() from localPet=            0
 stdout inside mygcomp_setvmForcePthreads()
 stdout inside mygcomp_register_exh() from localPet=            0
 stdout inside mygcomp_setvmForcePthreads()
 stdout inside mygcomp_register_exh() from localPet=            0
 stdout inside mygcomp_setvmForcePthreads()
 stdout inside mygcomp_register_exh() from localPet=            0
 stdout inside mygcomp_setvmForcePthreads()
 stdout inside mygcomp_register_exh() from localPet=            0
 stdout inside mygcomp_setvmForcePthreads()
 stdout inside mygcomp_register_exh() from localPet=            0
 stdout inside mygcomp_setvmForcePthreads()
 stdout inside mygcomp_register_exh() from localPet=            0
 stdout inside mygcomp_setvmForcePthreads()
 stdout inside mygcomp_register_exh() from localPet=            0
 stdout inside mygcomp_setvmForcePthreads()
 stdout inside mygcomp_register_exh() from localPet=            0
 stdout inside mygcomp_setvmForcePthreads()
 stdout inside mygcomp_register_exh() from localPet=            0
 stdout inside mygcomp_setvmForcePthreads()
 stdout inside mygcomp_register_exh() from localPet=            0
 stdout inside mygcomp_setvmForcePthreads()
 stdout inside mygcomp_register_exh() from localPet=            0
 stdout inside mygcomp_setvmForcePthreads()
 stdout inside mygcomp_register_exh() from localPet=            0
 stdout inside mygcomp_setvmForcePthreads()
 stdout inside mygcomp_register_exh() from localPet=            0
 stdout inside mygcomp_setvmForcePthreads()
 stdout inside mygcomp_register_exh() from localPet=            0
 stdout inside mygcomp_setvmForcePthreads()
 stdout inside mygcomp_register_exh() from localPet=            0
 stdout inside mygcomp_setvmForcePthreads()
 stdout inside mygcomp_register_exh() from localPet=            0
 stdout inside mygcomp_setvmForcePthreads()
 stdout inside mygcomp_register_exh() from localPet=            0
 stdout inside mygcomp_setvmForcePthreads()
 stdout inside mygcomp_register_exh() from localPet=            0
 stdout inside mygcomp_setvmForcePthreads()
 stdout inside mygcomp_register_exh() from localPet=            0
 stdout inside mygcomp_setvmForcePthreads()
 stdout inside mygcomp_register_exh() from localPet=            0
 stdout inside mygcomp_setvmForcePthreads()
 stdout inside mygcomp_register_exh() from localPet=            0
 stdout inside mygcomp_setvmForcePthreads()
 stdout inside mygcomp_register_exh() from localPet=            0
 stdout inside mygcomp_setvmForcePthreads()
 stdout inside mygcomp_register_exh() from localPet=            0
 stdout inside mygcomp_setvmForcePthreads()
 stdout inside mygcomp_register_exh() f