2025-05-07 23:13:27
  Beginning Test, file ./ESMF_TimeUTest.F90, line 104
  NUMBER_OF_PROCESSORS 4
  PASS  Set Time Initialization Test, ./ESMF_TimeUTest.F90, line 134
  PASS  Get Time Test 1, ./ESMF_TimeUTest.F90, line 146
  PASS  Get Time Test - hours without all coarser time units, ./ESMF_TimeUTest.
 F90, line 160
  PASS  Get Time Test - real-valued time variables with int-valued date variabl
 es, ./ESMF_TimeUTest.F90, line 180
  PASS  Get Time Test - mix of coarser int-valued and finer real-valued time va
 riables, ./ESMF_TimeUTest.F90, line 197
  PASS  Get Time Test - mix of coarser real-valued and finer int-valued time va
 riables, ./ESMF_TimeUTest.F90, line 214
  PASS  Get Time Test - too short string, ./ESMF_TimeUTest.F90, line 224
  PASS  Compare initialized and uninitialized Times Test 1, ./ESMF_TimeUTest.F9
 0, line 250
  PASS  Compare initialized and uninitialized Times Test 2, ./ESMF_TimeUTest.F9
 0, line 260
  PASS  Compare initialized and uninitialized Times Test 3, ./ESMF_TimeUTest.F9
 0, line 270
  PASS  Compare initialized and uninitialized Times Test 4, ./ESMF_TimeUTest.F9
 0, line 280
  PASS  Compare initialized and uninitialized Times Test 5, ./ESMF_TimeUTest.F9
 0, line 290
  PASS  Compare initialized and uninitialized Times Test 6, ./ESMF_TimeUTest.F9
 0, line 300
  PASS  Get String Time Test 2, ./ESMF_TimeUTest.F90, line 314
  PASS  Get String Time Test 3, ./ESMF_TimeUTest.F90, line 330
  PASS  Set End Time Initialization Test, ./ESMF_TimeUTest.F90, line 342
  PASS  Time Is Same CalendarTest, ./ESMF_TimeUTest.F90, line 352
  PASS  Time Get day of the year test, ./ESMF_TimeUTest.F90, line 362
  PASS  Time Get floating point day of the year test, ./ESMF_TimeUTest.F90, lin
 e 372
  PASS  Time Get day of the week test, ./ESMF_TimeUTest.F90, line 383
  PASS  Time Get middle of the month test, ./ESMF_TimeUTest.F90, line 395
  PASS  Set Julian Time Initialization Test, ./ESMF_TimeUTest.F90, line 406
  PASS  Time Is Same Julian CalendarTest, ./ESMF_TimeUTest.F90, line 416
  PASS  Julian Time Get day of the year test, ./ESMF_TimeUTest.F90, line 426
  PASS  Time Get day of the week test, ./ESMF_TimeUTest.F90, line 436
  PASS  Julian Time Get middle of the month test, ./ESMF_TimeUTest.F90, line 44
 8
  PASS  Set Time Initialization Test, ./ESMF_TimeUTest.F90, line 459
  PASS  Assign one time to another test, ./ESMF_TimeUTest.F90, line 472
  PASS  Time == operator Test, ./ESMF_TimeUTest.F90, line 483
  PASS  Time == operator Test, ./ESMF_TimeUTest.F90, line 493
  PASS  Time /= operator Test, ./ESMF_TimeUTest.F90, line 503
  PASS  Time /= operator Test, ./ESMF_TimeUTest.F90, line 513
  PASS  Time > operator Test, ./ESMF_TimeUTest.F90, line 523
  PASS  Time > operator Test, ./ESMF_TimeUTest.F90, line 533
  PASS  Time > operator Test, ./ESMF_TimeUTest.F90, line 543
  PASS  Time <= operator Test, ./ESMF_TimeUTest.F90, line 553
  PASS  Time <= operator Test, ./ESMF_TimeUTest.F90, line 563
  PASS  Time <= operator Test, ./ESMF_TimeUTest.F90, line 573
  PASS  Time > operator Test, ./ESMF_TimeUTest.F90, line 583
  PASS  Time < operator Test, ./ESMF_TimeUTest.F90, line 593
  PASS  Time < operator Test, ./ESMF_TimeUTest.F90, line 603
  PASS  Time >= operator Test, ./ESMF_TimeUTest.F90, line 613
  PASS  Time >= operator Test, ./ESMF_TimeUTest.F90, line 623
  PASS  Time >= operator Test, ./ESMF_TimeUTest.F90, line 633
  PASS  Set End Time Initialization Test, ./ESMF_TimeUTest.F90, line 644
  PASS  Set Time Initialization Test w/Defaults 1, ./ESMF_TimeUTest.F90, line 6
 59
  PASS  Set Time Initialization Test w/Defaults 2, ./ESMF_TimeUTest.F90, line 6
 72
  PASS  Set Time Initialization Test w/Defaults 3, ./ESMF_TimeUTest.F90, line 6
 85
  PASS  Set Time Initialization Test w/Defaults 4, ./ESMF_TimeUTest.F90, line 6
 98
  PASS  Set Time Initialization Test w/Defaults 5, ./ESMF_TimeUTest.F90, line 7
 11
  PASS  Set Time Initialization Test w/Defaults 6, ./ESMF_TimeUTest.F90, line 7
 27
  PASS  Set Time Initialization Test w/ESMF_CALKIND_NOCALENDAR, ./ESMF_TimeUTes
 t.F90, line 742
  PASS  Time Is Same CalendarTest, ./ESMF_TimeUTest.F90, line 751
  PASS  Set End Time with mm=0 Initialization Test, ./ESMF_TimeUTest.F90, line 
 761
  PASS  Set End Time with dd=0 Initialization Test, ./ESMF_TimeUTest.F90, line 
 771
  PASS  Test driving No-Leap calendar with seconds only, ./ESMF_TimeUTest.F90, 
 line 783
  PASS  Test driving 360-Day calendar with seconds only, ./ESMF_TimeUTest.F90, 
 line 795
  PASS  Set Millisecond Time Initialization Test, ./ESMF_TimeUTest.F90, line 80
 8
  PASS  Set Microsecond Time Initialization Test, ./ESMF_TimeUTest.F90, line 81
 9
  PASS  Set Rational Fraction Time Initialization Test 1, ./ESMF_TimeUTest.F90,
  line 830
  PASS  Set Rational Fraction Time Initialization Test 2, ./ESMF_TimeUTest.F90,
  line 841
  PASS  Set Millisecond Time Interval Initialization Test, ./ESMF_TimeUTest.F90
 , line 851
  PASS  Set Rational Fraction Time Interval Initialization Test, ./ESMF_TimeUTe
 st.F90, line 861
  PASS  Difference between two fractional Times Test 2, ./ESMF_TimeUTest.F90, l
 ine 874
  PASS  Difference between two fractional Times Test 2, ./ESMF_TimeUTest.F90, l
 ine 889
  PASS  Adding fractional Time and Timeinterval Test, ./ESMF_TimeUTest.F90, lin
 e 904
  PASS  Subtracting fractional Time and Timeinterval Test, ./ESMF_TimeUTest.F90
 , line 920
  PASS  Fractional time1 > time2 Test, ./ESMF_TimeUTest.F90, line 930
  PASS  Fractional time4 > time5 Test, ./ESMF_TimeUTest.F90, line 940
  PASS  Fractional time2 < time3 Test, ./ESMF_TimeUTest.F90, line 950
  PASS  Fractional time2 < time5 Test, ./ESMF_TimeUTest.F90, line 960
  PASS  Fractional time3 == time3 Test, ./ESMF_TimeUTest.F90, line 970
  PASS  Fractional time1 /= time2 Test, ./ESMF_TimeUTest.F90, line 980
  PASS  Fractional time1 >= time2 Test, ./ESMF_TimeUTest.F90, line 990
  PASS  Fractional time1 <= time3 Test, ./ESMF_TimeUTest.F90, line 1000
  PASS  Set/Get Real (s_r8) Time on Julian Day calendar Test, ./ESMF_TimeUTest.
 F90, line 1019
  PASS  Set/Get Real (m_r8) Time on Julian Day calendar Test, ./ESMF_TimeUTest.
 F90, line 1037
  PASS  Set/Get Real (R8) Time on Julian Day calendar Test, ./ESMF_TimeUTest.F9
 0, line 1066
  PASS  Set/Get Real (R8) Time on Modified Julian Day calendar Test, ./ESMF_Tim
 eUTest.F90, line 1097
  PASS  Adding Time and real fractional days Timeinterval Test, ./ESMF_TimeUTes
 t.F90, line 1116
  PASS  Test subtracting two times, resulting in a real fractional days Timeint
 erval, ./ESMF_TimeUTest.F90, line 1130
  PASS  Subtracting real fractional Time and real fractional days Timeinterval 
 Test, ./ESMF_TimeUTest.F90, line 1151
  PASS  Test subtracting two times, producing equal Timeinterval used in previo
 us test, ./ESMF_TimeUTest.F90, line 1168
  PASS  Time Is Leap Year Test 1, ./ESMF_TimeUTest.F90, line 1181
  PASS  Time Is Leap Year Test 2, ./ESMF_TimeUTest.F90, line 1193
  PASS  Time Is Leap Year Test 3, ./ESMF_TimeUTest.F90, line 1204
  PASS  Time Is Leap Year Test 4, ./ESMF_TimeUTest.F90, line 1216
  PASS  Setting just a calendar in an uninitialized Time object., ./ESMF_TimeUT
 est.F90, line 1235
  Ending Test, file ./ESMF_TimeUTest.F90, line 1247
  PET 1  Test Elapsed Time  8.29339400000001  msec.
  Beginning Test, file ./ESMF_TimeUTest.F90, line 104
  NUMBER_OF_PROCESSORS 4
  PASS  Set Time Initialization Test, ./ESMF_TimeUTest.F90, line 134
  PASS  Get Time Test 1, ./ESMF_TimeUTest.F90, line 146
  PASS  Get Time Test - hours without all coarser time units, ./ESMF_TimeUTest.
 F90, line 160
  PASS  Get Time Test - real-valued time variables with int-valued date variabl
 es, ./ESMF_TimeUTest.F90, line 180
  PASS  Get Time Test - mix of coarser int-valued and finer real-valued time va
 riables, ./ESMF_TimeUTest.F90, line 197
  PASS  Get Time Test - mix of coarser real-valued and finer int-valued time va
 riables, ./ESMF_TimeUTest.F90, line 214
  PASS  Get Time Test - too short string, ./ESMF_TimeUTest.F90, line 224
  PASS  Compare initialized and uninitialized Times Test 1, ./ESMF_TimeUTest.F9
 0, line 250
  PASS  Compare initialized and uninitialized Times Test 2, ./ESMF_TimeUTest.F9
 0, line 260
  PASS  Compare initialized and uninitialized Times Test 3, ./ESMF_TimeUTest.F9
 0, line 270
  PASS  Compare initialized and uninitialized Times Test 4, ./ESMF_TimeUTest.F9
 0, line 280
  PASS  Compare initialized and uninitialized Times Test 5, ./ESMF_TimeUTest.F9
 0, line 290
  PASS  Compare initialized and uninitialized Times Test 6, ./ESMF_TimeUTest.F9
 0, line 300
  PASS  Get String Time Test 2, ./ESMF_TimeUTest.F90, line 314
  PASS  Get String Time Test 3, ./ESMF_TimeUTest.F90, line 330
  PASS  Set End Time Initialization Test, ./ESMF_TimeUTest.F90, line 342
  PASS  Time Is Same CalendarTest, ./ESMF_TimeUTest.F90, line 352
  PASS  Time Get day of the year test, ./ESMF_TimeUTest.F90, line 362
  PASS  Time Get floating point day of the year test, ./ESMF_TimeUTest.F90, lin
 e 372
  PASS  Time Get day of the week test, ./ESMF_TimeUTest.F90, line 383
  PASS  Time Get middle of the month test, ./ESMF_TimeUTest.F90, line 395
  PASS  Set Julian Time Initialization Test, ./ESMF_TimeUTest.F90, line 406
  PASS  Time Is Same Julian CalendarTest, ./ESMF_TimeUTest.F90, line 416
  PASS  Julian Time Get day of the year test, ./ESMF_TimeUTest.F90, line 426
  PASS  Time Get day of the week test, ./ESMF_TimeUTest.F90, line 436
  PASS  Julian Time Get middle of the month test, ./ESMF_TimeUTest.F90, line 44
 8
  PASS  Set Time Initialization Test, ./ESMF_TimeUTest.F90, line 459
  PASS  Assign one time to another test, ./ESMF_TimeUTest.F90, line 472
  PASS  Time == operator Test, ./ESMF_TimeUTest.F90, line 483
  PASS  Time == operator Test, ./ESMF_TimeUTest.F90, line 493
  PASS  Time /= operator Test, ./ESMF_TimeUTest.F90, line 503
  PASS  Time /= operator Test, ./ESMF_TimeUTest.F90, line 513
  PASS  Time > operator Test, ./ESMF_TimeUTest.F90, line 523
  PASS  Time > operator Test, ./ESMF_TimeUTest.F90, line 533
  PASS  Time > operator Test, ./ESMF_TimeUTest.F90, line 543
  PASS  Time <= operator Test, ./ESMF_TimeUTest.F90, line 553
  PASS  Time <= operator Test, ./ESMF_TimeUTest.F90, line 563
  PASS  Time <= operator Test, ./ESMF_TimeUTest.F90, line 573
  PASS  Time > operator Test, ./ESMF_TimeUTest.F90, line 583
  PASS  Time < operator Test, ./ESMF_TimeUTest.F90, line 593
  PASS  Time < operator Test, ./ESMF_TimeUTest.F90, line 603
  PASS  Time >= operator Test, ./ESMF_TimeUTest.F90, line 613
  PASS  Time >= operator Test, ./ESMF_TimeUTest.F90, line 623
  PASS  Time >= operator Test, ./ESMF_TimeUTest.F90, line 633
  PASS  Set End Time Initialization Test, ./ESMF_TimeUTest.F90, line 644
  PASS  Set Time Initialization Test w/Defaults 1, ./ESMF_TimeUTest.F90, line 6
 59
  PASS  Set Time Initialization Test w/Defaults 2, ./ESMF_TimeUTest.F90, line 6
 72
  PASS  Set Time Initialization Test w/Defaults 3, ./ESMF_TimeUTest.F90, line 6
 85
  PASS  Set Time Initialization Test w/Defaults 4, ./ESMF_TimeUTest.F90, line 6
 98
  PASS  Set Time Initialization Test w/Defaults 5, ./ESMF_TimeUTest.F90, line 7
 11
  PASS  Set Time Initialization Test w/Defaults 6, ./ESMF_TimeUTest.F90, line 7
 27
  PASS  Set Time Initialization Test w/ESMF_CALKIND_NOCALENDAR, ./ESMF_TimeUTes
 t.F90, line 742
  PASS  Time Is Same CalendarTest, ./ESMF_TimeUTest.F90, line 751
  PASS  Set End Time with mm=0 Initialization Test, ./ESMF_TimeUTest.F90, line 
 761
  PASS  Set End Time with dd=0 Initialization Test, ./ESMF_TimeUTest.F90, line 
 771
  PASS  Test driving No-Leap calendar with seconds only, ./ESMF_TimeUTest.F90, 
 line 783
  PASS  Test driving 360-Day calendar with seconds only, ./ESMF_TimeUTest.F90, 
 line 795
  PASS  Set Millisecond Time Initialization Test, ./ESMF_TimeUTest.F90, line 80
 8
  PASS  Set Microsecond Time Initialization Test, ./ESMF_TimeUTest.F90, line 81
 9
  PASS  Set Rational Fraction Time Initialization Test 1, ./ESMF_TimeUTest.F90,
  line 830
  PASS  Set Rational Fraction Time Initialization Test 2, ./ESMF_TimeUTest.F90,
  line 841
  PASS  Set Millisecond Time Interval Initialization Test, ./ESMF_TimeUTest.F90
 , line 851
  PASS  Set Rational Fraction Time Interval Initialization Test, ./ESMF_TimeUTe
 st.F90, line 861
  PASS  Difference between two fractional Times Test 2, ./ESMF_TimeUTest.F90, l
 ine 874
  PASS  Difference between two fractional Times Test 2, ./ESMF_TimeUTest.F90, l
 ine 889
  PASS  Adding fractional Time and Timeinterval Test, ./ESMF_TimeUTest.F90, lin
 e 904
  PASS  Subtracting fractional Time and Timeinterval Test, ./ESMF_TimeUTest.F90
 , line 920
  PASS  Fractional time1 > time2 Test, ./ESMF_TimeUTest.F90, line 930
  PASS  Fractional time4 > time5 Test, ./ESMF_TimeUTest.F90, line 940
  PASS  Fractional time2 < time3 Test, ./ESMF_TimeUTest.F90, line 950
  PASS  Fractional time2 < time5 Test, ./ESMF_TimeUTest.F90, line 960
  PASS  Fractional time3 == time3 Test, ./ESMF_TimeUTest.F90, line 970
  PASS  Fractional time1 /= time2 Test, ./ESMF_TimeUTest.F90, line 980
  PASS  Fractional time1 >= time2 Test, ./ESMF_TimeUTest.F90, line 990
  PASS  Fractional time1 <= time3 Test, ./ESMF_TimeUTest.F90, line 1000
  PASS  Set/Get Real (s_r8) Time on Julian Day calendar Test, ./ESMF_TimeUTest.
 F90, line 1019
  PASS  Set/Get Real (m_r8) Time on Julian Day calendar Test, ./ESMF_TimeUTest.
 F90, line 1037
  PASS  Set/Get Real (R8) Time on Julian Day calendar Test, ./ESMF_TimeUTest.F9
 0, line 1066
  PASS  Set/Get Real (R8) Time on Modified Julian Day calendar Test, ./ESMF_Tim
 eUTest.F90, line 1097
  PASS  Adding Time and real fractional days Timeinterval Test, ./ESMF_TimeUTes
 t.F90, line 1116
  PASS  Test subtracting two times, resulting in a real fractional days Timeint
 erval, ./ESMF_TimeUTest.F90, line 1130
  PASS  Subtracting real fractional Time and real fractional days Timeinterval 
 Test, ./ESMF_TimeUTest.F90, line 1151
  PASS  Test subtracting two times, producing equal Timeinterval used in previo
 us test, ./ESMF_TimeUTest.F90, line 1168
  PASS  Time Is Leap Year Test 1, ./ESMF_TimeUTest.F90, line 1181
  PASS  Time Is Leap Year Test 2, ./ESMF_TimeUTest.F90, line 1193
  PASS  Time Is Leap Year Test 3, ./ESMF_TimeUTest.F90, line 1204
  PASS  Time Is Leap Year Test 4, ./ESMF_TimeUTest.F90, line 1216
  PASS  Setting just a calendar in an uninitialized Time object., ./ESMF_TimeUT
 est.F90, line 1235
  Ending Test, file ./ESMF_TimeUTest.F90, line 1247
  PET 2  Test Elapsed Time  8.818623999999996  msec.
  Beginning Test, file ./ESMF_TimeUTest.F90, line 104
  NUMBER_OF_PROCESSORS 4
  PASS  Set Time Initialization Test, ./ESMF_TimeUTest.F90, line 134
  PASS  Get Time Test 1, ./ESMF_TimeUTest.F90, line 146
  PASS  Get Time Test - hours without all coarser time units, ./ESMF_TimeUTest.
 F90, line 160
  PASS  Get Time Test - real-valued time variables with int-valued date variabl
 es, ./ESMF_TimeUTest.F90, line 180
  PASS  Get Time Test - mix of coarser int-valued and finer real-valued time va
 riables, ./ESMF_TimeUTest.F90, line 197
  PASS  Get Time Test - mix of coarser real-valued and finer int-valued time va
 riables, ./ESMF_TimeUTest.F90, line 214
  PASS  Get Time Test - too short string, ./ESMF_TimeUTest.F90, line 224
  PASS  Compare initialized and uninitialized Times Test 1, ./ESMF_TimeUTest.F9
 0, line 250
  PASS  Compare initialized and uninitialized Times Test 2, ./ESMF_TimeUTest.F9
 0, line 260
  PASS  Compare initialized and uninitialized Times Test 3, ./ESMF_TimeUTest.F9
 0, line 270
  PASS  Compare initialized and uninitialized Times Test 4, ./ESMF_TimeUTest.F9
 0, line 280
  PASS  Compare initialized and uninitialized Times Test 5, ./ESMF_TimeUTest.F9
 0, line 290
  PASS  Compare initialized and uninitialized Times Test 6, ./ESMF_TimeUTest.F9
 0, line 300
  PASS  Get String Time Test 2, ./ESMF_TimeUTest.F90, line 314
  PASS  Get String Time Test 3, ./ESMF_TimeUTest.F90, line 330
  PASS  Set End Time Initialization Test, ./ESMF_TimeUTest.F90, line 342
  PASS  Time Is Same CalendarTest, ./ESMF_TimeUTest.F90, line 352
  PASS  Time Get day of the year test, ./ESMF_TimeUTest.F90, line 362
  PASS  Time Get floating point day of the year test, ./ESMF_TimeUTest.F90, lin
 e 372
  PASS  Time Get day of the week test, ./ESMF_TimeUTest.F90, line 383
  PASS  Time Get middle of the month test, ./ESMF_TimeUTest.F90, line 395
  PASS  Set Julian Time Initialization Test, ./ESMF_TimeUTest.F90, line 406
  PASS  Time Is Same Julian CalendarTest, ./ESMF_TimeUTest.F90, line 416
  PASS  Julian Time Get day of the year test, ./ESMF_TimeUTest.F90, line 426
  PASS  Time Get day of the week test, ./ESMF_TimeUTest.F90, line 436
  PASS  Julian Time Get middle of the month test, ./ESMF_TimeUTest.F90, line 44
 8
  PASS  Set Time Initialization Test, ./ESMF_TimeUTest.F90, line 459
  PASS  Assign one time to another test, ./ESMF_TimeUTest.F90, line 472
  PASS  Time == operator Test, ./ESMF_TimeUTest.F90, line 483
  PASS  Time == operator Test, ./ESMF_TimeUTest.F90, line 493
  PASS  Time /= operator Test, ./ESMF_TimeUTest.F90, line 503
  PASS  Time /= operator Test, ./ESMF_TimeUTest.F90, line 513
  PASS  Time > operator Test, ./ESMF_TimeUTest.F90, line 523
  PASS  Time > operator Test, ./ESMF_TimeUTest.F90, line 533
  PASS  Time > operator Test, ./ESMF_TimeUTest.F90, line 543
  PASS  Time <= operator Test, ./ESMF_TimeUTest.F90, line 553
  PASS  Time <= operator Test, ./ESMF_TimeUTest.F90, line 563
  PASS  Time <= operator Test, ./ESMF_TimeUTest.F90, line 573
  PASS  Time > operator Test, ./ESMF_TimeUTest.F90, line 583
  PASS  Time < operator Test, ./ESMF_TimeUTest.F90, line 593
  PASS  Time < operator Test, ./ESMF_TimeUTest.F90, line 603
  PASS  Time >= operator Test, ./ESMF_TimeUTest.F90, line 613
  PASS  Time >= operator Test, ./ESMF_TimeUTest.F90, line 623
  PASS  Time >= operator Test, ./ESMF_TimeUTest.F90, line 633
  PASS  Set End Time Initialization Test, ./ESMF_TimeUTest.F90, line 644
  PASS  Set Time Initialization Test w/Defaults 1, ./ESMF_TimeUTest.F90, line 6
 59
  PASS  Set Time Initialization Test w/Defaults 2, ./ESMF_TimeUTest.F90, line 6
 72
  PASS  Set Time Initialization Test w/Defaults 3, ./ESMF_TimeUTest.F90, line 6
 85
  PASS  Set Time Initialization Test w/Defaults 4, ./ESMF_TimeUTest.F90, line 6
 98
  PASS  Set Time Initialization Test w/Defaults 5, ./ESMF_TimeUTest.F90, line 7
 11
  PASS  Set Time Initialization Test w/Defaults 6, ./ESMF_TimeUTest.F90, line 7
 27
  PASS  Set Time Initialization Test w/ESMF_CALKIND_NOCALENDAR, ./ESMF_TimeUTes
 t.F90, line 742
  PASS  Time Is Same CalendarTest, ./ESMF_TimeUTest.F90, line 751
  PASS  Set End Time with mm=0 Initialization Test, ./ESMF_TimeUTest.F90, line 
 761
  PASS  Set End Time with dd=0 Initialization Test, ./ESMF_TimeUTest.F90, line 
 771
  PASS  Test driving No-Leap calendar with seconds only, ./ESMF_TimeUTest.F90, 
 line 783
  PASS  Test driving 360-Day calendar with seconds only, ./ESMF_TimeUTest.F90, 
 line 795
  PASS  Set Millisecond Time Initialization Test, ./ESMF_TimeUTest.F90, line 80
 8
  PASS  Set Microsecond Time Initialization Test, ./ESMF_TimeUTest.F90, line 81
 9
  PASS  Set Rational Fraction Time Initialization Test 1, ./ESMF_TimeUTest.F90,
  line 830
  PASS  Set Rational Fraction Time Initialization Test 2, ./ESMF_TimeUTest.F90,
  line 841
  PASS  Set Millisecond Time Interval Initialization Test, ./ESMF_TimeUTest.F90
 , line 851
  PASS  Set Rational Fraction Time Interval Initialization Test, ./ESMF_TimeUTe
 st.F90, line 861
  PASS  Difference between two fractional Times Test 2, ./ESMF_TimeUTest.F90, l
 ine 874
  PASS  Difference between two fractional Times Test 2, ./ESMF_TimeUTest.F90, l
 ine 889
  PASS  Adding fractional Time and Timeinterval Test, ./ESMF_TimeUTest.F90, lin
 e 904
  PASS  Subtracting fractional Time and Timeinterval Test, ./ESMF_TimeUTest.F90
 , line 920
  PASS  Fractional time1 > time2 Test, ./ESMF_TimeUTest.F90, line 930
  PASS  Fractional time4 > time5 Test, ./ESMF_TimeUTest.F90, line 940
  PASS  Fractional time2 < time3 Test, ./ESMF_TimeUTest.F90, line 950
  PASS  Fractional time2 < time5 Test, ./ESMF_TimeUTest.F90, line 960
  PASS  Fractional time3 == time3 Test, ./ESMF_TimeUTest.F90, line 970
  PASS  Fractional time1 /= time2 Test, ./ESMF_TimeUTest.F90, line 980
  PASS  Fractional time1 >= time2 Test, ./ESMF_TimeUTest.F90, line 990
  PASS  Fractional time1 <= time3 Test, ./ESMF_TimeUTest.F90, line 1000
  PASS  Set/Get Real (s_r8) Time on Julian Day calendar Test, ./ESMF_TimeUTest.
 F90, line 1019
  PASS  Set/Get Real (m_r8) Time on Julian Day calendar Test, ./ESMF_TimeUTest.
 F90, line 1037
  PASS  Set/Get Real (R8) Time on Julian Day calendar Test, ./ESMF_TimeUTest.F9
 0, line 1066
  PASS  Set/Get Real (R8) Time on Modified Julian Day calendar Test, ./ESMF_Tim
 eUTest.F90, line 1097
  PASS  Adding Time and real fractional days Timeinterval Test, ./ESMF_TimeUTes
 t.F90, line 1116
  PASS  Test subtracting two times, resulting in a real fractional days Timeint
 erval, ./ESMF_TimeUTest.F90, line 1130
  PASS  Subtracting real fractional Time and real fractional days Timeinterval 
 Test, ./ESMF_TimeUTest.F90, line 1151
  PASS  Test subtracting two times, producing equal Timeinterval used in previo
 us test, ./ESMF_TimeUTest.F90, line 1168
  PASS  Time Is Leap Year Test 1, ./ESMF_TimeUTest.F90, line 1181
  PASS  Time Is Leap Year Test 2, ./ESMF_TimeUTest.F90, line 1193
  PASS  Time Is Leap Year Test 3, ./ESMF_TimeUTest.F90, line 1204
  PASS  Time Is Leap Year Test 4, ./ESMF_TimeUTest.F90, line 1216
  PASS  Setting just a calendar in an uninitialized Time object., ./ESMF_TimeUT
 est.F90, line 1235
  Ending Test, file ./ESMF_TimeUTest.F90, line 1247
  PET 0  Test Elapsed Time  8.865084000000022  msec.
  Beginning Test, file ./ESMF_TimeUTest.F90, line 104
  NUMBER_OF_PROCESSORS 4
  PASS  Set Time Initialization Test, ./ESMF_TimeUTest.F90, line 134
  PASS  Get Time Test 1, ./ESMF_TimeUTest.F90, line 146
  PASS  Get Time Test - hours without all coarser time units, ./ESMF_TimeUTest.
 F90, line 160
  PASS  Get Time Test - real-valued time variables with int-valued date variabl
 es, ./ESMF_TimeUTest.F90, line 180
  PASS  Get Time Test - mix of coarser int-valued and finer real-valued time va
 riables, ./ESMF_TimeUTest.F90, line 197
  PASS  Get Time Test - mix of coarser real-valued and finer int-valued time va
 riables, ./ESMF_TimeUTest.F90, line 214
  PASS  Get Time Test - too short string, ./ESMF_TimeUTest.F90, line 224
  PASS  Compare initialized and uninitialized Times Test 1, ./ESMF_TimeUTest.F9
 0, line 250
  PASS  Compare initialized and uninitialized Times Test 2, ./ESMF_TimeUTest.F9
 0, line 260
  PASS  Compare initialized and uninitialized Times Test 3, ./ESMF_TimeUTest.F9
 0, line 270
  PASS  Compare initialized and uninitialized Times Test 4, ./ESMF_TimeUTest.F9
 0, line 280
  PASS  Compare initialized and uninitialized Times Test 5, ./ESMF_TimeUTest.F9
 0, line 290
  PASS  Compare initialized and uninitialized Times Test 6, ./ESMF_TimeUTest.F9
 0, line 300
  PASS  Get String Time Test 2, ./ESMF_TimeUTest.F90, line 314
  PASS  Get String Time Test 3, ./ESMF_TimeUTest.F90, line 330
  PASS  Set End Time Initialization Test, ./ESMF_TimeUTest.F90, line 342
  PASS  Time Is Same CalendarTest, ./ESMF_TimeUTest.F90, line 352
  PASS  Time Get day of the year test, ./ESMF_TimeUTest.F90, line 362
  PASS  Time Get floating point day of the year test, ./ESMF_TimeUTest.F90, lin
 e 372
  PASS  Time Get day of the week test, ./ESMF_TimeUTest.F90, line 383
  PASS  Time Get middle of the month test, ./ESMF_TimeUTest.F90, line 395
  PASS  Set Julian Time Initialization Test, ./ESMF_TimeUTest.F90, line 406
  PASS  Time Is Same Julian CalendarTest, ./ESMF_TimeUTest.F90, line 416
  PASS  Julian Time Get day of the year test, ./ESMF_TimeUTest.F90, line 426
  PASS  Time Get day of the week test, ./ESMF_TimeUTest.F90, line 436
  PASS  Julian Time Get middle of the month test, ./ESMF_TimeUTest.F90, line 44
 8
  PASS  Set Time Initialization Test, ./ESMF_TimeUTest.F90, line 459
  PASS  Assign one time to another test, ./ESMF_TimeUTest.F90, line 472
  PASS  Time == operator Test, ./ESMF_TimeUTest.F90, line 483
  PASS  Time == operator Test, ./ESMF_TimeUTest.F90, line 493
  PASS  Time /= operator Test, ./ESMF_TimeUTest.F90, line 503
  PASS  Time /= operator Test, ./ESMF_TimeUTest.F90, line 513
  PASS  Time > operator Test, ./ESMF_TimeUTest.F90, line 523
  PASS  Time > operator Test, ./ESMF_TimeUTest.F90, line 533
  PASS  Time > operator Test, ./ESMF_TimeUTest.F90, line 543
  PASS  Time <= operator Test, ./ESMF_TimeUTest.F90, line 553
  PASS  Time <= operator Test, ./ESMF_TimeUTest.F90, line 563
  PASS  Time <= operator Test, ./ESMF_TimeUTest.F90, line 573
  PASS  Time > operator Test, ./ESMF_TimeUTest.F90, line 583
  PASS  Time < operator Test, ./ESMF_TimeUTest.F90, line 593
  PASS  Time < operator Test, ./ESMF_TimeUTest.F90, line 603
  PASS  Time >= operator Test, ./ESMF_TimeUTest.F90, line 613
  PASS  Time >= operator Test, ./ESMF_TimeUTest.F90, line 623
  PASS  Time >= operator Test, ./ESMF_TimeUTest.F90, line 633
  PASS  Set End Time Initialization Test, ./ESMF_TimeUTest.F90, line 644
  PASS  Set Time Initialization Test w/Defaults 1, ./ESMF_TimeUTest.F90, line 6
 59
  PASS  Set Time Initialization Test w/Defaults 2, ./ESMF_TimeUTest.F90, line 6
 72
  PASS  Set Time Initialization Test w/Defaults 3, ./ESMF_TimeUTest.F90, line 6
 85
  PASS  Set Time Initialization Test w/Defaults 4, ./ESMF_TimeUTest.F90, line 6
 98
  PASS  Set Time Initialization Test w/Defaults 5, ./ESMF_TimeUTest.F90, line 7
 11
  PASS  Set Time Initialization Test w/Defaults 6, ./ESMF_TimeUTest.F90, line 7
 27
  PASS  Set Time Initialization Test w/ESMF_CALKIND_NOCALENDAR, ./ESMF_TimeUTes
 t.F90, line 742
  PASS  Time Is Same CalendarTest, ./ESMF_TimeUTest.F90, line 751
  PASS  Set End Time with mm=0 Initialization Test, ./ESMF_TimeUTest.F90, line 
 761
  PASS  Set End Time with dd=0 Initialization Test, ./ESMF_TimeUTest.F90, line 
 771
  PASS  Test driving No-Leap calendar with seconds only, ./ESMF_TimeUTest.F90, 
 line 783
  PASS  Test driving 360-Day calendar with seconds only, ./ESMF_TimeUTest.F90, 
 line 795
  PASS  Set Millisecond Time Initialization Test, ./ESMF_TimeUTest.F90, line 80
 8
  PASS  Set Microsecond Time Initialization Test, ./ESMF_TimeUTest.F90, line 81
 9
  PASS  Set Rational Fraction Time Initialization Test 1, ./ESMF_TimeUTest.F90,
  line 830
  PASS  Set Rational Fraction Time Initialization Test 2, ./ESMF_TimeUTest.F90,
  line 841
  PASS  Set Millisecond Time Interval Initialization Test, ./ESMF_TimeUTest.F90
 , line 851
  PASS  Set Rational Fraction Time Interval Initialization Test, ./ESMF_TimeUTe
 st.F90, line 861
  PASS  Difference between two fractional Times Test 2, ./ESMF_TimeUTest.F90, l
 ine 874
  PASS  Difference between two fractional Times Test 2, ./ESMF_TimeUTest.F90, l
 ine 889
  PASS  Adding fractional Time and Timeinterval Test, ./ESMF_TimeUTest.F90, lin
 e 904
  PASS  Subtracting fractional Time and Timeinterval Test, ./ESMF_TimeUTest.F90
 , line 920
  PASS  Fractional time1 > time2 Test, ./ESMF_TimeUTest.F90, line 930
  PASS  Fractional time4 > time5 Test, ./ESMF_TimeUTest.F90, line 940
  PASS  Fractional time2 < time3 Test, ./ESMF_TimeUTest.F90, line 950
  PASS  Fractional time2 < time5 Test, ./ESMF_TimeUTest.F90, line 960
  PASS  Fractional time3 == time3 Test, ./ESMF_TimeUTest.F90, line 970
  PASS  Fractional time1 /= time2 Test, ./ESMF_TimeUTest.F90, line 980
  PASS  Fractional time1 >= time2 Test, ./ESMF_TimeUTest.F90, line 990
  PASS  Fractional time1 <= time3 Test, ./ESMF_TimeUTest.F90, line 1000
  PASS  Set/Get Real (s_r8) Time on Julian Day calendar Test, ./ESMF_TimeUTest.
 F90, line 1019
  PASS  Set/Get Real (m_r8) Time on Julian Day calendar Test, ./ESMF_TimeUTest.
 F90, line 1037
  PASS  Set/Get Real (R8) Time on Julian Day calendar Test, ./ESMF_TimeUTest.F9
 0, line 1066
  PASS  Set/Get Real (R8) Time on Modified Julian Day calendar Test, ./ESMF_Tim
 eUTest.F90, line 1097
  PASS  Adding Time and real fractional days Timeinterval Test, ./ESMF_TimeUTes
 t.F90, line 1116
  PASS  Test subtracting two times, resulting in a real fractional days Timeint
 erval, ./ESMF_TimeUTest.F90, line 1130
  PASS  Subtracting real fractional Time and real fractional days Timeinterval 
 Test, ./ESMF_TimeUTest.F90, line 1151
  PASS  Test subtracting two times, producing equal Timeinterval used in previo
 us test, ./ESMF_TimeUTest.F90, line 1168
  PASS  Time Is Leap Year Test 1, ./ESMF_TimeUTest.F90, line 1181
  PASS  Time Is Leap Year Test 2, ./ESMF_TimeUTest.F90, line 1193
  PASS  Time Is Leap Year Test 3, ./ESMF_TimeUTest.F90, line 1204
  PASS  Time Is Leap Year Test 4, ./ESMF_TimeUTest.F90, line 1216
  PASS  Setting just a calendar in an uninitialized Time object., ./ESMF_TimeUT
 est.F90, line 1235
  Ending Test, file ./ESMF_TimeUTest.F90, line 1247
  PET 3  Test Elapsed Time  9.68756500000001  msec.
