2025-05-07 21:43:55
Name: cplcomp	  Convention: customconvention2	  Purpose: custompurpose2	


