2025-05-08 04:11:24
Name: scicomp	  Convention: customconvention2	  Purpose: custompurpose2	


