2025-05-08 04:11:24
  Beginning Test, file ESMF_InfoGetInterfaceArrayUTest.F90, line 61
  NUMBER_OF_PROCESSORS           4
  Beginning Test, file ESMF_InfoGetInterfaceArrayUTest.F90, line 61
  NUMBER_OF_PROCESSORS           4
  Beginning Test, file ESMF_InfoGetInterfaceArrayUTest.F90, line 61
  NUMBER_OF_PROCESSORS           4
  Beginning Test, file ESMF_InfoGetInterfaceArrayUTest.F90, line 61
  NUMBER_OF_PROCESSORS           4
  PASS  Get and manipulate an Array attribute, ESMF_InfoGetInterfaceArrayUTest.F
 90, line 117
  PASS  Deleting a host object and using a handle/view, ESMF_InfoGetInterfaceArr
 ayUTest.F90, line 142
  Ending Test, file ESMF_InfoGetInterfaceArrayUTest.F90, line 149
  PASS  Get and manipulate an Array attribute, ESMF_InfoGetInterfaceArrayUTest.F
 90, line 117
  PASS  Get and manipulate an Array attribute, ESMF_InfoGetInterfaceArrayUTest.F
 90, line 117
  PASS  Deleting a host object and using a handle/view, ESMF_InfoGetInterfaceArr
 ayUTest.F90, line 142
  Ending Test, file ESMF_InfoGetInterfaceArrayUTest.F90, line 149
  PASS  Deleting a host object and using a handle/view, ESMF_InfoGetInterfaceArr
 ayUTest.F90, line 142
  Ending Test, file ESMF_InfoGetInterfaceArrayUTest.F90, line 149
  PASS  Get and manipulate an Array attribute, ESMF_InfoGetInterfaceArrayUTest.F
 90, line 117
  PASS  Deleting a host object and using a handle/view, ESMF_InfoGetInterfaceArr
 ayUTest.F90, line 142
  Ending Test, file ESMF_InfoGetInterfaceArrayUTest.F90, line 149
  PET           3  Test Elapsed Time    6.49900000000000       msec.
  PET           1  Test Elapsed Time    6.55100000000000       msec.
  PET           2  Test Elapsed Time    6.58800000000000       msec.
  PET           0  Test Elapsed Time    6.83100000000000       msec.
