2025-05-07 23:00:48
Beginning Test, file ESMC_TestUTest.c, line 32
Beginning Test, file ESMC_TestUTest.c, line 32
Beginning Test, file ESMC_TestUTest.c, line 32NUMBER_OF_PROCESSORS 4
Beginning Test, file ESMC_TestUTest.c, line 32
Beginning Test, file ESMC_TestUTest.c, line 32NUMBER_OF_PROCESSORS 4
Beginning Test, file ESMC_TestUTest.c, line 32NUMBER_OF_PROCESSORS 4
PASS Use of ESMC_Test(), true, ESMC_TestUTest.c, line 39
Beginning Test, file ESMC_TestUTest.c, line 32
PASS Use of ESMC_Test(), true, ESMC_TestUTest.c, line 39
Ending Test, file ESMC_TestUTest.c, line 43
PASS Use of ESMC_Test(), true, ESMC_TestUTest.c, line 39
Ending Test, file ESMC_TestUTest.c, line 43
Ending Test, file ESMC_TestUTest.c, line 43
Beginning Test, file ESMC_TestUTest.c, line 32NUMBER_OF_PROCESSORS 4
PASS Use of ESMC_Test(), true, ESMC_TestUTest.c, line 39
Ending Test, file ESMC_TestUTest.c, line 43
Ending Test, file ESMC_TestUTest.c, line 43 PET 1 Test Elapsed Time 52.602 msec.
Ending Test, file ESMC_TestUTest.c, line 43 PET 2 Test Elapsed Time 53.588 msec.
Ending Test, file ESMC_TestUTest.c, line 43 PET 0 Test Elapsed Time 53.83 msec.
Ending Test, file ESMC_TestUTest.c, line 43 PET 3 Test Elapsed Time 54.688 msec.
