2025-05-07 23:58:14
Beginning Test, file ESMC_ClockUTest.c, line 48
Beginning Test, file ESMC_ClockUTest.c, line 48NUMBER_OF_PROCESSORS 4
PASS Create ESMC_Calendar object, ESMC_ClockUTest.c, line 71
Beginning Test, file ESMC_ClockUTest.c, line 48
Beginning Test, file ESMC_ClockUTest.c, line 48NUMBER_OF_PROCESSORS 4
Beginning Test, file ESMC_ClockUTest.c, line 48
Beginning Test, file ESMC_ClockUTest.c, line 48NUMBER_OF_PROCESSORS 4
Beginning Test, file ESMC_ClockUTest.c, line 48
Beginning Test, file ESMC_ClockUTest.c, line 48NUMBER_OF_PROCESSORS 4
PASS Create ESMC_Calendar object, ESMC_ClockUTest.c, line 71
PASS Set Start Time, ESMC_ClockUTest.c, line 79
PASS Set Start Time, ESMC_ClockUTest.c, line 79
PASS Set Stop Time, ESMC_ClockUTest.c, line 87
PASS Create ESMC_Calendar object, ESMC_ClockUTest.c, line 71
PASS Set Stop Time, ESMC_ClockUTest.c, line 87
PASS Create ESMC_Calendar object, ESMC_ClockUTest.c, line 71
PASS Set a TimeInterval, ESMC_ClockUTest.c, line 95
PASS Set a TimeInterval, ESMC_ClockUTest.c, line 95
PASS Set Start Time, ESMC_ClockUTest.c, line 79
PASS Set Start Time, ESMC_ClockUTest.c, line 79
Clock ----------------------------------
name = TEST_CLOCK
timeStep = 
TimeInterval ---------------------------
P0Y0M0DT1H0M0S
end TimeInterval -----------------------

startTime = 
Time -----------------------------------
2006-01-01T00:00:00Clock ----------------------------------
name = TEST_CLOCK
timeStep = 
TimeInterval ---------------------------
P0Y0M0DT1H0M0S
end TimeInterval -----------------------

startTime = 
Time -----------------------------------
2006-01-01T00:00:00
end Time -------------------------------

stopTime = 
Time -----------------------------------
2006-01-01T01:00:00
end Time -------------------------------

stopTimeEnabled = true
refTime = 
Time -----------------------------------
2006-01-01T00:00:00
end Time -------------------------------

currTime = 
Time -----------------------------------
2006-01-01T00:00:00
end Time -------------------------------

prevTime = PASS Create ESMC_Clock object, ESMC_ClockUTest.c, line 103
PASS Set Stop Time, ESMC_ClockUTest.c, line 87
PASS Set a TimeInterval, ESMC_ClockUTest.c, line 95
PASS Set Stop Time, ESMC_ClockUTest.c, line 87
PASS Set a TimeInterval, ESMC_ClockUTest.c, line 95
PASS Create ESMC_Clock object, ESMC_ClockUTest.c, line 103

end Time -------------------------------

stopTime = 
Time -----------------------------------
2006-01-01T01:00:00
end Time -------------------------------

stopTimeEnabled = true
refTime = 
Time -----------------------------------
2006-01-01T00:00:00
end Time -------------------------------

currTime = 
Time -----------------------------------
2006-01-01T00:00:00
end Time -------------------------------

prevTime = 
Time -----------------------------------
2006-01-01T00:00:00
end Time -------------------------------

advanceCount = 0
direction = 1
userChangedDirection = false
alarmCount = 0
alarmList = 
end Clock ------------------------------


Time -----------------------------------
2006-01-01T00:00:00
end Time -------------------------------

advanceCount = 0
direction = 1
userChangedDirection = false
PASS Create ESMC_Clock object, ESMC_ClockUTest.c, line 103
PASS Create ESMC_Clock object, ESMC_ClockUTest.c, line 103
PASS Print ESMC_Clock object, ESMC_ClockUTest.c, line 111
alarmCount = 0
alarmList = 
end Clock ------------------------------

Clock ----------------------------------
name = TEST_CLOCK
timeStep = 
TimeInterval ---------------------------
Clock ----------------------------------
name = TEST_CLOCK
timeStep = 
TimeInterval ---------------------------
PASS Get ESMC_Clock object current time and advance count, ESMC_ClockUTest.c, line 119
P0Y0M0DT1H0M0S
end TimeInterval -----------------------

startTime = 
P0Y0M0DT1H0M0S
end TimeInterval -----------------------

startTime = 
Time -----------------------------------
Time -----------------------------------
PASS Print ESMC_Clock object, ESMC_ClockUTest.c, line 111
2006-01-01T00:00:00
end Time -------------------------------

stopTime = 
Time -----------------------------------
2006-01-01T00:00:00
end Time -------------------------------

stopTime = 
Time -----------------------------------
PASS Advance the Clock object, ESMC_ClockUTest.c, line 127
2006-01-01T01:00:00
end Time -------------------------------

stopTimeEnabled = true
refTime = 
2006-01-01T01:00:00
end Time -------------------------------

stopTimeEnabled = true
refTime = 
Time -----------------------------------
PASS Get ESMC_Clock object current time and advance count, ESMC_ClockUTest.c, line 136
Time -----------------------------------
2006-01-01T00:00:00
end Time -------------------------------

currTime = 
Time -----------------------------------
2006-01-01T00:00:00
end Time -------------------------------

currTime = 
Time -----------------------------------
2006-01-01T00:00:00PASS Get ESMC_Clock object current time and advance count, ESMC_ClockUTest.c, line 119
2006-01-01T00:00:00
end Time -------------------------------

prevTime = 
Time -----------------------------------

end Time -------------------------------

prevTime = 
Time -----------------------------------
2006-01-01T00:00:00
end Time -------------------------------

PASS Get currSimTime in seconds and in hours, ESMC_ClockUTest.c, line 144
2006-01-01T00:00:00
end Time -------------------------------

advanceCount = 0
direction = 1
userChangedDirection = false
alarmCount = 0
alarmList = 
end Clock ------------------------------
advanceCount = 0
direction = 1
userChangedDirection = false
alarmCount = 0
alarmList = 
end Clock ------------------------------

PASS Verify that currSimTime in second units, ESMC_ClockUTest.c, line 151

PASS Advance the Clock object, ESMC_ClockUTest.c, line 127
PASS Verify that currSimTime in hour units, ESMC_ClockUTest.c, line 159
PASS Get ESMC_Clock object current time and advance count, ESMC_ClockUTest.c, line 136
PASS Print ESMC_Clock object, ESMC_ClockUTest.c, line 111
PASS Print ESMC_Clock object, ESMC_ClockUTest.c, line 111
PASS Destroy ESMC_Clock object, ESMC_ClockUTest.c, line 168
PASS Destroy ESMC_Calendar object, ESMC_ClockUTest.c, line 176
PASS Get currSimTime in seconds and in hours, ESMC_ClockUTest.c, line 144
PASS Verify that currSimTime in second units, ESMC_ClockUTest.c, line 151
PASS Verify that currSimTime in hour units, ESMC_ClockUTest.c, line 159
PASS Destroy ESMC_Clock object, ESMC_ClockUTest.c, line 168
PASS Get ESMC_Clock object current time and advance count, ESMC_ClockUTest.c, line 119
PASS Advance the Clock object, ESMC_ClockUTest.c, line 127
PASS Get ESMC_Clock object current time and advance count, ESMC_ClockUTest.c, line 136
PASS Get ESMC_Clock object current time and advance count, ESMC_ClockUTest.c, line 119
PASS Advance the Clock object, ESMC_ClockUTest.c, line 127
PASS Get ESMC_Clock object current time and advance count, ESMC_ClockUTest.c, line 136
Ending Test, file ESMC_ClockUTest.c, line 287
PASS Destroy ESMC_Calendar object, ESMC_ClockUTest.c, line 176
PASS Get currSimTime in seconds and in hours, ESMC_ClockUTest.c, line 144
PASS Get currSimTime in seconds and in hours, ESMC_ClockUTest.c, line 144
Ending Test, file ESMC_ClockUTest.c, line 287
PASS Verify that currSimTime in second units, ESMC_ClockUTest.c, line 151
PASS Verify that currSimTime in second units, ESMC_ClockUTest.c, line 151
PASS Verify that currSimTime in hour units, ESMC_ClockUTest.c, line 159
PASS Verify that currSimTime in hour units, ESMC_ClockUTest.c, line 159
PASS Destroy ESMC_Clock object, ESMC_ClockUTest.c, line 168
PASS Destroy ESMC_Clock object, ESMC_ClockUTest.c, line 168
PASS Destroy ESMC_Calendar object, ESMC_ClockUTest.c, line 176
PASS Destroy ESMC_Calendar object, ESMC_ClockUTest.c, line 176
Ending Test, file ESMC_ClockUTest.c, line 287
Ending Test, file ESMC_ClockUTest.c, line 287
Ending Test, file ESMC_ClockUTest.c, line 287 PET 3 Test Elapsed Time 1.04 msec.
result = 0
Ending Test, file ESMC_ClockUTest.c, line 287 PET 0 Test Elapsed Time 1.169 msec.
result = 0
Ending Test, file ESMC_ClockUTest.c, line 287 PET 1 Test Elapsed Time 1.268 msec.
result = 0
Ending Test, file ESMC_ClockUTest.c, line 287 PET 2 Test Elapsed Time 1.294 msec.
result = 0
