2025-05-08 04:00:46
gister_exh() from localPet=            0
 stdout inside mygcomp_setvm()
 stdout inside mygcomp_register_exh() from localPet=            0
 stdout inside mygcomp_setvm()
 stdout inside mygcomp_register_exh() from localPet=            0
 stdout inside mygcomp_setvm()
 stdout inside mygcomp_register_exh() from localPet=            0
 stdout inside mygcomp_setvm()
 stdout inside mygcomp_register_exh() from localPet=            0
 stdout inside mygcomp_setvm()
 stdout inside mygcomp_register_exh() from localPet=            0
 stdout inside mygcomp_setvm()
 stdout inside mygcomp_register_exh() from localPet=            0
 stdout inside mygcomp_setvm()
 stdout inside mygcomp_register_exh() from localPet=            0
 stdout inside mygcomp_setvm()
 stdout inside mygcomp_register_exh() from localPet=            0
 stdout inside mygcomp_setvm()
 stdout inside mygcomp_register_exh() from localPet=            0
 stdout inside mygcomp_setvm()
 stdout inside mygcomp_register_exh() from localPet=            0
 stdout inside mygcomp_setvm()
 stdout inside mygcomp_register_exh() from localPet=            0
 stdout inside mygcomp_setvm()
 stdout inside mygcomp_register_exh() from localPet=            0
 stdout inside mygcomp_setvm()
 stdout inside mygcomp_register_exh() from localPet=            0
 stdout inside mygcomp_setvm()
 stdout inside mygcomp_register_exh() from localPet=            0
 stdout inside mygcomp_setvm()
 stdout inside mygcomp_register_exh() from localPet=            0
 stdout inside mygcomp_setvm()
 stdout inside mygcomp_register_exh() from localPet=            0
 stdout inside mygcomp_setvm()
 stdout inside mygcomp_register_exh() from localPet=            0
 stdout inside mygcomp_setvm()
 stdout inside mygcomp_register_exh() from localPet=            0
 stdout inside mygcomp_setvm()
 stdout inside mygcomp_register_exh() from localPet=            0
 stdout inside mygcomp_setvm()
 stdout inside mygcomp_register_exh() from localPet=            0
 stdout inside mygcomp_setvm()
 stdout inside mygcomp_register_exh() from localPet=            0
 stdout inside mygcomp_setvm()
 stdout inside mygcomp_register_exh() from localPet=            0
 stdout inside mygcomp_setvm()
 stdout inside mygcomp_register_exh() from localPet=            0
 stdout inside mygcomp_setvm()
 stdout inside mygcomp_register_exh() from localPet=            0
 stdout inside mygcomp_setvm()
 stdout inside mygcomp_register_exh() from localPet=            0
 stdout inside mygcomp_setvm()
 stdout inside mygcomp_register_exh() from localPet=            0
 stdout inside mygcomp_setvm()
 stdout inside mygcomp_register_exh() from localPet=            0
 stdout inside mygcomp_setvm()
 stdout inside mygcomp_register_exh() from localPet=            0
 stdout inside mygcomp_setvm()
 stdout inside mygcomp_register_exh() from localPet=            0
 stdout inside mygcomp_setvm()
 stdout inside mygcomp_register_exh() from localPet=            0
 stdout inside mygcomp_setvm()
 stdout inside mygcomp_register_exh() from localPet=            0
 stdout inside mygcomp_setvm()
 stdout inside mygcomp_register_exh() from localPet=            0
 stdout inside mygcomp_setvm()
 stdout inside mygcomp_register_exh() from localPet=            0
 stdout inside mygcomp_setvm()
 stdout inside mygcomp_register_exh() from localPet=            0
 stdout inside mygcomp_setvm()
 stdout inside mygcomp_register_exh() from localPet=            0
 stdout inside mygcomp_setvm()
 stdout inside mygcomp_register_exh() from localPet=            0
 stdout inside mygcomp_setvm()
 stdout inside mygcomp_register_exh() from localPet=            0
 stdout inside mygcomp_setvm()
 stdout inside mygcomp_register_exh() from localPet=            0
 stdout inside mygcomp_setvm()
 stdout inside mygcomp_register_exh() from localPet=            0
 stdout inside mygcomp_setvm()
 stdout inside mygcomp_register_exh() from localPet=            0
 stdout inside mygcomp_setvm()
 stdout inside mygcomp_register_exh() from localPet=            0
 stdout inside mygcomp_setvm()
 stdout inside mygcomp_register_exh() from loca