2025-05-08 03:58:15
  Beginning Test, file ESMF_StateCreateUTest.F90, line 107
  NUMBER_OF_PROCESSORS           1
  PASS  Creating an empty State Test, ESMF_StateCreateUTest.F90, line 118
  PASS  State equality before assignment Test, ESMF_StateCreateUTest.F90, line 125
  PASS  State assignment and equality Test, ESMF_StateCreateUTest.F90, line 134
  PASS  StateDestroy Test, ESMF_StateCreateUTest.F90, line 141
  PASS  State equality after destroy Test, ESMF_StateCreateUTest.F90, line 149
  PASS  State non-equality after destroy Test, ESMF_StateCreateUTest.F90, line 157
  PASS  Double StateDestroy through alias Test, ESMF_StateCreateUTest.F90, line 164
  PASS  Creating an empty State Test, ESMF_StateCreateUTest.F90, line 174
 ESMF_StatePrint: (pet 0):
  State name: Atmosphere Import
     status: Import State, object count: 0
 Base name    = Atmosphere Import
 Status: Base = Ready,  object = Ready
 Proxy        = no
 Root Info (Attributes):
{}  PASS  Printing an empty State Test, ESMF_StateCreateUTest.F90, line 183
  PASS  Logging an empty State Test, ESMF_StateCreateUTest.F90, line 192
 testName: Atmosphere Import
  PASS  Getting name from an empty State Test, ESMF_StateCreateUTest.F90, line 202
  PASS  Attach user method to an empty State Test, ESMF_StateCreateUTest.F90, line 211
  PASS  Attach existing user method to an empty State Test, ESMF_StateCreateUTest.F90, line 220
  PASS  Attach user method to an empty State Test, ESMF_StateCreateUTest.F90, line 230
  PASS  Removing user method from empty State Test, ESMF_StateCreateUTest.F90, line 239
  PASS  Removing non-existing user method from empty State Test, ESMF_StateCreateUTest.F90, line 249
 Hi from myUserMethod
 ESMF_StatePrint: (pet 0):
  State name: Atmosphere Import
     status: Import State, object count: 0
 Base name    = Atmosphere Import
 Status: Base = Ready,  object = Ready
 Proxy        = no
 Root Info (Attributes):
{}  PASS  Executing user method in an empty State Test, ESMF_StateCreateUTest.F90, line 259
  PASS  Destroying an empty State Test, ESMF_StateCreateUTest.F90, line 269
  PASS  Container Create Test, ESMF_StateCreateUTest.F90, line 282
  PASS  Container Add si Test, ESMF_StateCreateUTest.F90, line 296
Container::print() multipmap:item=0 key=testField1 value=0x47fd50
Container::print()      list:item=0 key=testField1 value=0x47fd50
  PASS  Container Print Test, ESMF_StateCreateUTest.F90, line 303
  PASS  Container Get item Test, ESMF_StateCreateUTest.F90, line 311
 string in siwOut: test this string                                                                                                                                                                                                                                                
 string in si: test this string                                                                                                                                                                                                                                                
  PASS  Verify Container Get item Test, ESMF_StateCreateUTest.F90, line 320
  PASS  Container Get item Test, ESMF_StateCreateUTest.F90, line 330
 string in siw%si: test this string                                                                                                                                                                                                                                                
  PASS  Container Destroy Test, ESMF_StateCreateUTest.F90, line 341
  PASS  Creating an empty export State Test, ESMF_StateCreateUTest.F90, line 358
  PASS  Creating an empty bundle for State Test, ESMF_StateCreateUTest.F90, line 367
  PASS  Adding a FieldBundle to a State, ESMF_StateCreateUTest.F90, line 375
  PASS  Creating an empty arraybundle for State Test, ESMF_StateCreateUTest.F90, line 383
  PASS  Adding an ArrayBundle to a State, ESMF_StateCreateUTest.F90, line 391
 ESMF_StatePrint: (pet 0):
  State name: Ocean Export
     status: Export State, object count: 2
 Base name    = Ocean Export
 Status: Base = Ready,  object = Ready
 Proxy        = no
 Root Info (Attributes):
{}     object: 1,name: AB1
            type: ArrayBundle
     object: 2,name: Surface pressure
            type: FieldBundle
  PASS  Printing a State with 1 FieldBundle, ESMF_StateCreateUTest.F90, line 399
  PASS  Logging a State with 1 FieldBundle Test, ESMF_StateCreateUTest.F90, line 408
  PASS  Creating an empty bundle for State Test, ESMF_StateCreateUTest.F90, line 417
  PASS  Adding a second FieldBundle to a State, ESMF_StateCreateUTest.F90, line 425
 ESMF_StatePrint: (pet 0):
  State name: Ocean Export
     status: Export State, object count: 3
 Base name    = Ocean Export
 Status: Base = Ready,  object = Ready
 Proxy        = no
 Root Info (Attributes):
{}     object: 1,name: AB1
            type: ArrayBundle
     object: 2,name: Surface pressure
            type: FieldBundle
     object: 3,name: Temperature
            type: FieldBundle
  PASS  Printing a State with 2 FieldBundles, ESMF_StateCreateUTest.F90, line 433
  PASS  Logging a State with 2 FieldBundles Test, ESMF_StateCreateUTest.F90, line 441
  PASS  Getting a FieldBundle from a State by name, ESMF_StateCreateUTest.F90, line 449
  PASS  Destroying a State, ESMF_StateCreateUTest.F90, line 457
  PASS  Destroying a FieldBundle, ESMF_StateCreateUTest.F90, line 465
  PASS  Destroying a FieldBundle, ESMF_StateCreateUTest.F90, line 473
  PASS  Creating a State, ESMF_StateCreateUTest.F90, line 483
  PASS  Adding a name only, ESMF_StateCreateUTest.F90, line 493
  PASS  Marking an item needed, ESMF_StateCreateUTest.F90, line 503
  PASS  Querying if an item is needed, ESMF_StateCreateUTest.F90, line 512
  PASS  Creating a FieldBundle, ESMF_StateCreateUTest.F90, line 520
  PASS  Replacing a name placeholder with a bundle, ESMF_StateCreateUTest.F90, line 528
  PASS  Destroying a State, ESMF_StateCreateUTest.F90, line 537
  PASS  Destroying a FieldBundle, ESMF_StateCreateUTest.F90, line 545
  PASS  Creating a State for nested State test, ESMF_StateCreateUTest.F90, line 561
  PASS  Creating a State, ESMF_StateCreateUTest.F90, line 570
  PASS  Creating an empty bundle for nested State Test, ESMF_StateCreateUTest.F90, line 579
  PASS  Adding a FieldBundle to a nested State, ESMF_StateCreateUTest.F90, line 587
  PASS  Add a nested State into another State, ESMF_StateCreateUTest.F90, line 595
  PASS  Creating a State, ESMF_StateCreateUTest.F90, line 604
  PASS  Add a second nested State into another State, ESMF_StateCreateUTest.F90, line 612
  PASS  Validating a nested State - single level, ESMF_StateCreateUTest.F90, line 620
  PASS  Validating a nested State - nested, ESMF_StateCreateUTest.F90, line 628
 ESMF_StatePrint: (pet 0):
  State name: Coupler Statelist
     status: Unspecified intent direction, object count: 2
 Base name    = Coupler Statelist
 Status: Base = Ready,  object = Ready
 Proxy        = no
 Root Info (Attributes):
{}     object: 1,name: Atmosphere Import
            type: State, proxy flag: no
     object: 2,name: Ocean Export
            type: State, proxy flag: no
  PASS  Printing a nested State - single level, ESMF_StateCreateUTest.F90, line 636
  PASS  Logging a State with with nested State - flat - Test, ESMF_StateCreateUTest.F90, line 644
 testName: Atmosphere Import
  PASS  Getting a FieldBundle from a nested State, ESMF_StateCreateUTest.F90, line 655
 item count:            2
  PASS  Getting item count from a nested State - single level, ESMF_StateCreateUTest.F90, line 665
  PASS  Getting item name list from a nested State - single level, ESMF_StateCreateUTest.F90, line 675
  PASS  Getting item type list from a nested State - single level, ESMF_StateCreateUTest.F90, line 685
 size(names) =           2
 ESMF_STATEITEM_STATE:       Atmosphere Import
 ESMF_STATEITEM_STATE:       Ocean Export
 ESMF_StatePrint: (pet 0):
  State name: Coupler Statelist
     status: Unspecified intent direction, object count: 2
 Base name    = Coupler Statelist
 Status: Base = Ready,  object = Ready
 Proxy        = no
 Root Info (Attributes):
{}     object: 1,name: Atmosphere Import
            type: State, proxy flag: no
 -> State name: Atmosphere Import
 ->    status: Import State, object count: 1
 -> Base name    = Atmosphere Import
 Status: Base = Ready,  object = Ready
 Proxy        = no
 Root Info (Attributes):
{} ->  ->  object: 1,name: Temperature
 ->           type: FieldBundle, proxy flag: no
     object: 2,name: Ocean Export
            type: State, proxy flag: no
 -> State name: Ocean Export
 ->    status: Export State, object count: 0
 -> Base name    = Ocean Export
 Status: Base = Ready,  object = Ready
 Proxy        = no
 Root Info (Attributes):
{}  PASS  Printing a nested State - nested, ESMF_StateCreateUTest.F90, line 696
  PASS  Logging a State with with nested State - nested - Test, ESMF_StateCreateUTest.F90, line 705
 nested item count:            3
  PASS  Getting item count from a nested State - nested, ESMF_StateCreateUTest.F90, line 716
  PASS  Getting item name list from a nested State - nested, ESMF_StateCreateUTest.F90, line 727
  PASS  Getting item type list from a nested State - nested, ESMF_StateCreateUTest.F90, line 737
 size(names) =           3
 ESMF_STATEITEM_STATE:       Atmosphere Import
 ESMF_STATEITEM_FIELDBUNDLE: Atmosphere Import/Temperature
 ESMF_STATEITEM_STATE:       Ocean Export
  PASS  Getting nested non-existant FieldBundle from a nested State using nestedFlag, ESMF_StateCreateUTest.F90, line 759
  PASS  Getting nested FieldBundle from a nested State using path style, ESMF_StateCreateUTest.F90, line 768
  PASS  Getting nested FieldBundle from a nested State using path style - bad end item, ESMF_StateCreateUTest.F90, line 777
  PASS  Getting nested non-existant FieldBundle from a nested State using path style - bad nested name, ESMF_StateCreateUTest.F90, line 786
  PASS  Destroying a State, ESMF_StateCreateUTest.F90, line 805
  PASS  Destroying a State, ESMF_StateCreateUTest.F90, line 813
  PASS  Destroying a State, ESMF_StateCreateUTest.F90, line 821
  PASS  Create a State, ESMF_StateCreateUTest.F90, line 835
  PASS  Destroying a State, ESMF_StateCreateUTest.F90, line 847
  Ending Test, file ESMF_StateCreateUTest.F90, line 860
  PET           0  Test Elapsed Time    1.7999999999999996       msec.
