2025-05-07 21:14:22
Name: field	  Convention: customconvention2	  Purpose: custompurpose2	

Custom1	Custom2	Custom3	
         	         	         	
