2025-05-08 01:57:18
  Beginning Test, file ESMF_InfoGetInterfaceArrayUTest.F90, line 61
  NUMBER_OF_PROCESSORS           4
  Beginning Test, file ESMF_InfoGetInterfaceArrayUTest.F90, line 61
  NUMBER_OF_PROCESSORS           4
  Beginning Test, file ESMF_InfoGetInterfaceArrayUTest.F90, line 61
  NUMBER_OF_PROCESSORS           4
  Beginning Test, file ESMF_InfoGetInterfaceArrayUTest.F90, line 61
  NUMBER_OF_PROCESSORS           4
  PASS  Get and manipulate an Array attribute, ESMF_InfoGetInterfaceArrayUTest.F90, line 117
  PASS  Deleting a host object and using a handle/view, ESMF_InfoGetInterfaceArrayUTest.F90, line 142
  Ending Test, file ESMF_InfoGetInterfaceArrayUTest.F90, line 149
  PASS  Get and manipulate an Array attribute, ESMF_InfoGetInterfaceArrayUTest.F90, line 117
  PASS  Deleting a host object and using a handle/view, ESMF_InfoGetInterfaceArrayUTest.F90, line 142
  Ending Test, file ESMF_InfoGetInterfaceArrayUTest.F90, line 149
  PASS  Get and manipulate an Array attribute, ESMF_InfoGetInterfaceArrayUTest.F90, line 117
  PASS  Deleting a host object and using a handle/view, ESMF_InfoGetInterfaceArrayUTest.F90, line 142
  Ending Test, file ESMF_InfoGetInterfaceArrayUTest.F90, line 149
  PASS  Get and manipulate an Array attribute, ESMF_InfoGetInterfaceArrayUTest.F90, line 117
  PASS  Deleting a host object and using a handle/view, ESMF_InfoGetInterfaceArrayUTest.F90, line 142
  Ending Test, file ESMF_InfoGetInterfaceArrayUTest.F90, line 149
  PET           2  Test Elapsed Time    33.532000000000004       msec.
  PET           1  Test Elapsed Time    33.604999999999983       msec.
  PET           3  Test Elapsed Time    33.590999999999994       msec.
  PET           0  Test Elapsed Time    33.596999999999987       msec.
