2025-05-07 22:45:08
 --------------------------------------- 
 Start of  System Test ESMF_FieldSharedDeSSISTest
 --------------------------------------- 
  System Test ESMF_FieldSharedDeSSISTest                                        
                                                                                
                                                                                
                     complete.
 
  System Test ESMF_FieldSharedDeSSISTest
  SUCCESS:  System Test ESMF_FieldSharedDeSSISTest finished correctly.
 
 ------------------------------------------------------------
 ------------------------------------------------------------
 Test finished, localPet =            0
 ------------------------------------------------------------
 ------------------------------------------------------------
  PASS  System Test ESMF_FieldSharedDeSSISTest, ESMF_FieldSharedDeSSISTest.F90, 
 line 276
