2025-05-08 07:52:38
  Beginning Test, file ESMF_AttributeUpdateRemoveOnlyUTest.F90, line 533
  NUMBER_OF_PROCESSORS            4
  Beginning Test, file ESMF_AttributeUpdateRemoveOnlyUTest.F90, line 533
  NUMBER_OF_PROCESSORS            4
  Beginning Test, file ESMF_AttributeUpdateRemoveOnlyUTest.F90, line 533
  NUMBER_OF_PROCESSORS            4
  Beginning Test, file ESMF_AttributeUpdateRemoveOnlyUTest.F90, line 533
  NUMBER_OF_PROCESSORS            4
  PASS  Getting an updated deleted Attribute value from a Field test, ESMF_AttributeUpdateRemoveOnlyUTest.F90, line 621
  Ending Test, file ESMF_AttributeUpdateRemoveOnlyUTest.F90, line 646
  PASS  Getting an updated deleted Attribute value from a Field test, ESMF_AttributeUpdateRemoveOnlyUTest.F90, line 621
  Ending Test, file ESMF_AttributeUpdateRemoveOnlyUTest.F90, line 646
  PASS  Getting an updated deleted Attribute value from a Field test, ESMF_AttributeUpdateRemoveOnlyUTest.F90, line 621
  PASS  Getting an updated deleted Attribute value from a Field test, ESMF_AttributeUpdateRemoveOnlyUTest.F90, line 621
  Ending Test, file ESMF_AttributeUpdateRemoveOnlyUTest.F90, line 646
  Ending Test, file ESMF_AttributeUpdateRemoveOnlyUTest.F90, line 646
  PET            3  Test Elapsed Time     59.04698371887207       msec.
  PET            1  Test Elapsed Time     59.05199050903320       msec.
  PET            0  Test Elapsed Time     59.51809883117676       msec.
  PET            2  Test Elapsed Time     59.49807167053223       msec.
