2025-05-10 07:56:55
  Beginning Test, file ESMF_VMBarrierUTest.F90, line 66
  NUMBER_OF_PROCESSORS            4
  Beginning Test, file ESMF_VMBarrierUTest.F90, line 66
  NUMBER_OF_PROCESSORS            4
  Beginning Test, file ESMF_VMBarrierUTest.F90, line 66
  NUMBER_OF_PROCESSORS            4
  Beginning Test, file ESMF_VMBarrierUTest.F90, line 66
  NUMBER_OF_PROCESSORS            4
 timing precision is:    4.8599999999962909E-007
 max timing precision is:    5.4099999999973614E-007
  PASS  Timer Precision test, ESMF_VMBarrierUTest.F90, line 87
 timing precision is:    4.0600000000010419E-007
 max timing precision is:    5.4099999999973614E-007
  PASS  Timer Precision test, ESMF_VMBarrierUTest.F90, line 87
 timing precision is:    5.4099999999973614E-007
 max timing precision is:    5.4099999999973614E-007
  PASS  Timer Precision test, ESMF_VMBarrierUTest.F90, line 87
 timing precision is:    3.8100000000025266E-007
 max timing precision is:    5.4099999999973614E-007
  PASS  Timer Precision test, ESMF_VMBarrierUTest.F90, line 87
 slow Pet=            0 Pet=            0 time delay =  
    1.000163802000000      [  -- should be >=     1.000000000000000      --  ]
 slow Pet=            0 Pet=            2 time delay =  
    1.000175320000000      [  -- should be >=     1.000000000000000      --  ]
 slow Pet=            0 Pet=            1 time delay =  
    1.000113081000000      [  -- should be >=     1.000000000000000      --  ]
 slow Pet=            0 Pet=            3 time delay =  
    1.000084773000000      [  -- should be >=     1.000000000000000      --  ]
 slow Pet=            1 Pet=            1 time delay =  
    1.000065410000000      [  -- should be >=     1.000000000000000      --  ]
 slow Pet=            1 Pet=            2 time delay =  
    1.000067159000000      [  -- should be >=     1.000000000000000      --  ]
 slow Pet=            1 Pet=            0 time delay =  
    1.000077244000000      [  -- should be >=     1.000000000000000      --  ]
 slow Pet=            1 Pet=            3 time delay =  
    1.000066030000000      [  -- should be >=     1.000000000000000      --  ]
 slow Pet=            2 Pet=            1 time delay =  
    1.000031524000000      [  -- should be >=     1.000000000000000      --  ]
 slow Pet=            2 Pet=            2 time delay =  
    1.000033925000000      [  -- should be >=     1.000000000000000      --  ]
 slow Pet=            2 Pet=            0 time delay =  
    1.000043513000000      [  -- should be >=     1.000000000000000      --  ]
 slow Pet=            2 Pet=            3 time delay =  
    1.000048381000000      [  -- should be >=     1.000000000000000      --  ]
 slow Pet=            3 Pet=            2 time delay =  
    1.000104214000000      [  -- should be >=     1.000000000000000      --  ]
  PASS  Barrier Test, ESMF_VMBarrierUTest.F90, line 122
  Ending Test, file ESMF_VMBarrierUTest.F90, line 124
 slow Pet=            3 Pet=            0 time delay =  
    1.000071028000000      [  -- should be >=     1.000000000000000      --  ]
  PASS  Barrier Test, ESMF_VMBarrierUTest.F90, line 122
  Ending Test, file ESMF_VMBarrierUTest.F90, line 124
 slow Pet=            3 Pet=            3 time delay =  
    1.000067702000000      [  -- should be >=     1.000000000000000      --  ]
  PASS  Barrier Test, ESMF_VMBarrierUTest.F90, line 122
  Ending Test, file ESMF_VMBarrierUTest.F90, line 124
 slow Pet=            3 Pet=            1 time delay =  
    1.000118553000001      [  -- should be >=     1.000000000000000      --  ]
  PASS  Barrier Test, ESMF_VMBarrierUTest.F90, line 122
  Ending Test, file ESMF_VMBarrierUTest.F90, line 124
  PET            0  Test Elapsed Time     4053.596019744873       msec.
  PET            2  Test Elapsed Time     4053.790092468262       msec.
  PET            1  Test Elapsed Time     4054.077148437500       msec.
  PET            3  Test Elapsed Time     4054.099082946777       msec.
