2025-05-07 20:37:33
Name: MyArrayBundle	  Convention: customconvention2	  Purpose: custompurpose2	


