2025-05-07 20:37:33
ster_exh() from localPet=            0
 stdout inside mygcomp_setvm()
 stdout inside mygcomp_register_exh() from localPet=            0
 stdout inside mygcomp_setvm()
 stdout inside mygcomp_register_exh() from localPet=            0
 stdout inside mygcomp_setvm()
 stdout inside mygcomp_register_exh() from localPet=            0
 stdout inside mygcomp_setvm()
 stdout inside mygcomp_register_exh() from localPet=            0
 stdout inside mygcomp_setvm()
 stdout inside mygcomp_register_exh() from localPet=            0
 stdout inside mygcomp_setvm()
 stdout inside mygcomp_register_exh() from localPet=            0
 stdout inside mygcomp_setvm()
 stdout inside mygcomp_register_exh() from localPet=            0
 stdout inside mygcomp_setvm()
 stdout inside mygcomp_register_exh() from localPet=            0
 stdout inside mygcomp_setvm()
 stdout inside mygcomp_register_exh() from localPet=            0
 stdout inside mygcomp_setvm()
 stdout inside mygcomp_register_exh() from localPet=            0
 stdout inside mygcomp_setvm()
 stdout inside mygcomp_register_exh() from localPet=            0
 stdout inside mygcomp_setvm()
 stdout inside mygcomp_register_exh() from localPet=            0
 stdout inside mygcomp_setvm()
 stdout inside mygcomp_register_exh() from localPet=            0
 stdout inside mygcomp_setvm()
 stdout inside mygcomp_register_exh() from localPet=            0
 stdout inside mygcomp_setvm()
 stdout inside mygcomp_register_exh() from localPet=            0
 stdout inside mygcomp_setvm()
 stdout inside mygcomp_register_exh() from localPet=            0
 stdout inside mygcomp_setvm()
 stdout inside mygcomp_register_exh() from localPet=            0
 stdout inside mygcomp_setvm()
 stdout inside mygcomp_register_exh() from localPet=            0
 stdout inside mygcomp_setvm()
 stdout inside mygcomp_register_exh() from localPet=            0
 stdout inside mygcomp_setvm()
 stdout inside mygcomp_register_exh() from localPet=            0
 stdout inside mygcomp_setvm()
 stdout inside mygcomp_register_exh() from localPet=            0
 stdout inside mygcomp_setvm()
 stdout inside mygcomp_register_exh() from localPet=            0
 stdout inside mygcomp_setvm()
 stdout inside mygcomp_register_exh() from localPet=            0
 stdout inside mygcomp_setvm()
 stdout inside mygcomp_register_exh() from localPet=            0
 stdout inside mygcomp_setvm()
 stdout inside mygcomp_register_exh() from localPet=            0
 stdout inside mygcomp_setvm()
 stdout inside mygcomp_register_exh() from localPet=            0
 stdout inside mygcomp_setvm()
 stdout inside mygcomp_register_exh() from localPet=            0
 stdout inside mygcomp_setvm()
 stdout inside mygcomp_register_exh() from localPet=            0
 stdout inside mygcomp_setvm()
 stdout inside mygcomp_register_exh() from localPet=            0
 stdout inside mygcomp_setvm()
 stdout inside mygcomp_register_exh() from localPet=            0
 stdout inside mygcomp_setvm()
 stdout inside mygcomp_register_exh() from localPet=            0
 stdout inside mygcomp_setvm()
 stdout inside mygcomp_register_exh() from localPet=            0
 stdout inside mygcomp_setvm()
 stdout inside mygcomp_register_exh() from localPet=            0
 stdout inside mygcomp_setvm()
 stdout inside mygcomp_register_exh() from localPet=            0
 stdout inside mygcomp_setvm()
 stdout inside mygcomp_register_exh() from localPet=            0
 stdout inside mygcomp_setvm()
 stdout inside mygcomp_register_exh() from localPet=            0
 stdout inside mygcomp_setvm()
 stdout inside mygcomp_register_exh() from localPet=            0
 stdout inside mygcomp_setvm()
 stdout inside mygcomp_register_exh() from localPet=            0
 stdout inside mygcomp_setvm()
 stdout inside mygcomp_register_exh() from localPet=            0
 stdout inside mygcomp_setvm()
 stdout inside mygcomp_register_exh() from localPet=            0
 stdout inside mygcomp_setvm()
 stdout inside mygcomp_register_exh() from localPet=            0
 stdout inside mygcomp_setvm()
 stdout inside mygcomp_register_exh() from localP