2025-05-10 07:48:24
Name: DistGrid000	  Convention: customconvention2	  Purpose: custompurpose2	

Custom1	Custom2	Custom3	
