2025-05-08 01:58:01
Beginning Test, file ESMCI_BaseUTest.C, line 143
Beginning Test, file ESMCI_BaseUTest.C, line 143NUMBER_OF_PROCESSORS 4
Beginning Test, file ESMCI_BaseUTest.C, line 143
Beginning Test, file ESMCI_BaseUTest.C, line 143NUMBER_OF_PROCESSORS 4
Beginning Test, file ESMCI_BaseUTest.C, line 143
Beginning Test, file ESMCI_BaseUTest.C, line 143NUMBER_OF_PROCESSORS 4
PASS testSerializeDeserialize, ESMCI_BaseUTest.C, line 150
PASS testSerializeDeserialize, ESMCI_BaseUTest.C, line 150
Ending Test, file ESMCI_BaseUTest.C, line 154
Ending Test, file ESMCI_BaseUTest.C, line 154
PASS testSerializeDeserialize, ESMCI_BaseUTest.C, line 150
Ending Test, file ESMCI_BaseUTest.C, line 154
Beginning Test, file ESMCI_BaseUTest.C, line 143
Beginning Test, file ESMCI_BaseUTest.C, line 143NUMBER_OF_PROCESSORS 4
PASS testSerializeDeserialize, ESMCI_BaseUTest.C, line 150
Ending Test, file ESMCI_BaseUTest.C, line 154
Ending Test, file ESMCI_BaseUTest.C, line 154 PET 1 Test Elapsed Time 6.956 msec.
Ending Test, file ESMCI_BaseUTest.C, line 154 PET 0 Test Elapsed Time 7.643 msec.
Ending Test, file ESMCI_BaseUTest.C, line 154 PET 3 Test Elapsed Time 7.394 msec.
Ending Test, file ESMCI_BaseUTest.C, line 154 PET 2 Test Elapsed Time 7.87 msec.
