2025-05-09 01:57:22
  Beginning Test, file ESMF_LAPACKUTest.F90, line 67
  NUMBER_OF_PROCESSORS           2
   suggested workspace length =        4337
  Beginning Test, file ESMF_LAPACKUTest.F90, line 67
  NUMBER_OF_PROCESSORS           2
   suggested workspace length =        4337
  PASS DGELSY workspace size inquiry test, ESMF_LAPACKUTest.F90, line 87
  PASS DGELSY workspace size inquiry test, ESMF_LAPACKUTest.F90, line 87
  PASS DGELSY computation test, ESMF_LAPACKUTest.F90, line 98
  PASS DGELSY computation test, ESMF_LAPACKUTest.F90, line 98
  Ending Test, file ESMF_LAPACKUTest.F90, line 109
  Ending Test, file ESMF_LAPACKUTest.F90, line 109
  PET           0  Test Elapsed Time    6.8679999999999994       msec.
  PET           1  Test Elapsed Time    7.2559999999999985       msec.
