2025-05-09 01:57:22
 --------------------------------------- 
 Start of  System Test ESMF_ArraySharedDeSSISTest
 --------------------------------------- 
 --------------------------------------- 
 Start of  System Test ESMF_ArraySharedDeSSISTest
 --------------------------------------- 
 --------------------------------------- 
 Start of  System Test ESMF_ArraySharedDeSSISTest
 --------------------------------------- 
 --------------------------------------- 
 Start of  System Test ESMF_ArraySharedDeSSISTest
 --------------------------------------- 
 --------------------------------------- 
 Start of  System Test ESMF_ArraySharedDeSSISTest
 --------------------------------------- 
 --------------------------------------- 
 Start of  System Test ESMF_ArraySharedDeSSISTest
 --------------------------------------- 
  System Test ESMF_ArraySharedDeSSISTest                                                                                                                                                                                                                          complete.
 ------------------------------------------------------------
 ------------------------------------------------------------
 Test finished, localPet =            0
 ------------------------------------------------------------
 ------------------------------------------------------------
 
  System Test ESMF_ArraySharedDeSSISTest
  SUCCESS:  System Test ESMF_ArraySharedDeSSISTest finished correctly.
 
  PASS  System Test ESMF_ArraySharedDeSSISTest, ESMF_ArraySharedDeSSISTest.F90, line 297
  System Test ESMF_ArraySharedDeSSISTest                                                                                                                                                                                                                          complete.
 ------------------------------------------------------------
 ------------------------------------------------------------
 Test finished, localPet =            1
 ------------------------------------------------------------
 ------------------------------------------------------------
  PASS  System Test ESMF_ArraySharedDeSSISTest, ESMF_ArraySharedDeSSISTest.F90, line 297
 
  System Test ESMF_ArraySharedDeSSISTest
  SUCCESS:  System Test ESMF_ArraySharedDeSSISTest finished correctly.
 
  System Test ESMF_ArraySharedDeSSISTest                                                                                                                                                                                                                          complete.
 ------------------------------------------------------------
 ------------------------------------------------------------
 Test finished, localPet =            2
 ------------------------------------------------------------
 ------------------------------------------------------------
  PASS  System Test ESMF_ArraySharedDeSSISTest, ESMF_ArraySharedDeSSISTest.F90, line 297
 
  System Test ESMF_ArraySharedDeSSISTest
  SUCCESS:  System Test ESMF_ArraySharedDeSSISTest finished correctly.
 
  System Test ESMF_ArraySharedDeSSISTest                                                                                                                                                                                                                          complete.
 ------------------------------------------------------------
 ------------------------------------------------------------
 Test finished, localPet =            3
 ------------------------------------------------------------
 ------------------------------------------------------------
  PASS  System Test ESMF_ArraySharedDeSSISTest, ESMF_ArraySharedDeSSISTest.F90, line 297
 
  System Test ESMF_ArraySharedDeSSISTest
  SUCCESS:  System Test ESMF_ArraySharedDeSSISTest finished correctly.
 
  System Test ESMF_ArraySharedDeSSISTest                                                                                                                                                                                                                          complete.
 ------------------------------------------------------------
 ------------------------------------------------------------
 Test finished, localPet =            4
 ------------------------------------------------------------
 ------------------------------------------------------------
  PASS  System Test ESMF_ArraySharedDeSSISTest, ESMF_ArraySharedDeSSISTest.F90, line 297
 
  System Test ESMF_ArraySharedDeSSISTest
  SUCCESS:  System Test ESMF_ArraySharedDeSSISTest finished correctly.
 
  System Test ESMF_ArraySharedDeSSISTest                                                                                                                                                                                                                          complete.
 ------------------------------------------------------------
 ------------------------------------------------------------
 Test finished, localPet =            5
 ------------------------------------------------------------
 ------------------------------------------------------------
  PASS  System Test ESMF_ArraySharedDeSSISTest, ESMF_ArraySharedDeSSISTest.F90, line 297
 
  System Test ESMF_ArraySharedDeSSISTest
  SUCCESS:  System Test ESMF_ArraySharedDeSSISTest finished correctly.
 
MPICH ERROR [Rank 0] [job id d5f8380d-9d96-43e1-a0f9-14180eaf89b3] [Fri May  9 02:24:39 2025] [dec0493] - Abort(806969871) (rank 0 in comm 0): Fatal error in PMPI_Finalize: Other MPI error, error stack:
PMPI_Finalize(214)...............: MPI_Finalize failed
PMPI_Finalize(161)...............: 
MPID_Finalize(710)...............: 
MPIDI_OFI_mpi_finalize_hook(1012): OFI endpoint close failed (ofi_init.c:1012:MPIDI_OFI_mpi_finalize_hook:Device or resource busy)

aborting job:
Fatal error in PMPI_Finalize: Other MPI error, error stack:
PMPI_Finalize(214)...............: MPI_Finalize failed
PMPI_Finalize(161)...............: 
MPID_Finalize(710)...............: 
MPIDI_OFI_mpi_finalize_hook(1012): OFI endpoint close failed (ofi_init.c:1012:MPIDI_OFI_mpi_finalize_hook:Device or resource busy)
MPICH ERROR [Rank 1] [job id d5f8380d-9d96-43e1-a0f9-14180eaf89b3] [Fri May  9 02:24:39 2025] [dec0493] - Abort(806969871) (rank 1 in comm 0): Fatal error in PMPI_Finalize: Other MPI error, error stack:
PMPI_Finalize(214)...............: MPI_Finalize failed
PMPI_Finalize(161)...............: 
MPID_Finalize(710)...............: 
MPIDI_OFI_mpi_finalize_hook(1012): OFI endpoint close failed (ofi_init.c:1012:MPIDI_OFI_mpi_finalize_hook:Device or resource busy)

aborting job:
Fatal error in PMPI_Finalize: Other MPI error, error stack:
PMPI_Finalize(214)...............: MPI_Finalize failed
PMPI_Finalize(161)...............: 
MPID_Finalize(710)...............: 
MPIDI_OFI_mpi_finalize_hook(1012): OFI endpoint close failed (ofi_init.c:1012:MPIDI_OFI_mpi_finalize_hook:Device or resource busy)
MPICH ERROR [Rank 2] [job id d5f8380d-9d96-43e1-a0f9-14180eaf89b3] [Fri May  9 02:24:39 2025] [dec0493] - Abort(806969871) (rank 2 in comm 0): Fatal error in PMPI_Finalize: Other MPI error, error stack:
PMPI_Finalize(214)...............: MPI_Finalize failed
PMPI_Finalize(161)...............: 
MPID_Finalize(710)...............: 
MPIDI_OFI_mpi_finalize_hook(1012): OFI endpoint close failed (ofi_init.c:1012:MPIDI_OFI_mpi_finalize_hook:Device or resource busy)

aborting job:
Fatal error in PMPI_Finalize: Other MPI error, error stack:
PMPI_Finalize(214)...............: MPI_Finalize failed
PMPI_Finalize(161)...............: 
MPID_Finalize(710)...............: 
MPIDI_OFI_mpi_finalize_hook(1012): OFI endpoint close failed (ofi_init.c:1012:MPIDI_OFI_mpi_finalize_hook:Device or resource busy)
MPICH ERROR [Rank 3] [job id d5f8380d-9d96-43e1-a0f9-14180eaf89b3] [Fri May  9 02:24:39 2025] [dec0493] - Abort(806969871) (rank 3 in comm 0): Fatal error in PMPI_Finalize: Other MPI error, error stack:
PMPI_Finalize(214)...............: MPI_Finalize failed
PMPI_Finalize(161)...............: 
MPID_Finalize(710)...............: 
MPIDI_OFI_mpi_finalize_hook(1012): OFI endpoint close failed (ofi_init.c:1012:MPIDI_OFI_mpi_finalize_hook:Device or resource busy)

aborting job:
Fatal error in PMPI_Finalize: Other MPI error, error stack:
PMPI_Finalize(214)...............: MPI_Finalize failed
PMPI_Finalize(161)...............: 
MPID_Finalize(710)...............: 
MPIDI_OFI_mpi_finalize_hook(1012): OFI endpoint close failed (ofi_init.c:1012:MPIDI_OFI_mpi_finalize_hook:Device or resource busy)
MPICH ERROR [Rank 4] [job id d5f8380d-9d96-43e1-a0f9-14180eaf89b3] [Fri May  9 02:24:39 2025] [dec0493] - Abort(806969871) (rank 4 in comm 0): Fatal error in PMPI_Finalize: Other MPI error, error stack:
PMPI_Finalize(214)...............: MPI_Finalize failed
PMPI_Finalize(161)...............: 
MPID_Finalize(710)...............: 
MPIDI_OFI_mpi_finalize_hook(1012): OFI endpoint close failed (ofi_init.c:1012:MPIDI_OFI_mpi_finalize_hook:Device or resource busy)

aborting job:
Fatal error in PMPI_Finalize: Other MPI error, error stack:
PMPI_Finalize(214)...............: MPI_Finalize failed
PMPI_Finalize(161)...............: 
MPID_Finalize(710)...............: 
MPIDI_OFI_mpi_finalize_hook(1012): OFI endpoint close failed (ofi_init.c:1012:MPIDI_OFI_mpi_finalize_hook:Device or resource busy)
MPICH ERROR [Rank 5] [job id d5f8380d-9d96-43e1-a0f9-14180eaf89b3] [Fri May  9 02:24:39 2025] [dec0493] - Abort(806969871) (rank 5 in comm 0): Fatal error in PMPI_Finalize: Other MPI error, error stack:
PMPI_Finalize(214)...............: MPI_Finalize failed
PMPI_Finalize(161)...............: 
MPID_Finalize(710)...............: 
MPIDI_OFI_mpi_finalize_hook(1012): OFI endpoint close failed (ofi_init.c:1012:MPIDI_OFI_mpi_finalize_hook:Device or resource busy)

aborting job:
Fatal error in PMPI_Finalize: Other MPI error, error stack:
PMPI_Finalize(214)...............: MPI_Finalize failed
PMPI_Finalize(161)...............: 
MPID_Finalize(710)...............: 
MPIDI_OFI_mpi_finalize_hook(1012): OFI endpoint close failed (ofi_init.c:1012:MPIDI_OFI_mpi_finalize_hook:Device or resource busy)
dec0493.hsn.de.hpc.ucar.edu: rank 2 exited with code 255
