2025-05-10 07:45:18
Name: LocStream002	  Convention: customconvention2	  Purpose: custompurpose2	

Custom1	Custom2	Custom3	
