2025-05-08 07:39:36
  Beginning Test, file ESMF_IO_MultitileUTest.F90, line 116
  NUMBER_OF_PROCESSORS           8
  Beginning Test, file ESMF_IO_MultitileUTest.F90, line 116
  NUMBER_OF_PROCESSORS           8
  Beginning Test, file ESMF_IO_MultitileUTest.F90, line 116
  NUMBER_OF_PROCESSORS           8
  Beginning Test, file ESMF_IO_MultitileUTest.F90, line 116
  NUMBER_OF_PROCESSORS           8
  Beginning Test, file ESMF_IO_MultitileUTest.F90, line 116
  NUMBER_OF_PROCESSORS           8
  Beginning Test, file ESMF_IO_MultitileUTest.F90, line 116
  NUMBER_OF_PROCESSORS           8
  Beginning Test, file ESMF_IO_MultitileUTest.F90, line 116
  NUMBER_OF_PROCESSORS           8
  Beginning Test, file ESMF_IO_MultitileUTest.F90, line 116
  NUMBER_OF_PROCESSORS           8
  PASS  Create fields for multitile IO tests, ESMF_IO_MultitileUTest.F90, line 129
  PASS  Write a FieldBundle with multi-tile fields, ESMF_IO_MultitileUTest.F90, line 141
  PASS  Read a FieldBundle with multi-tile fields, ESMF_IO_MultitileUTest.F90, line 154
  PASS  Confirm that simple FieldBundle-read fields match originals, ESMF_IO_MultitileUTest.F90, line 170
  PASS  Confirm that FieldBundle-read field with ungridded dim matches original, ESMF_IO_MultitileUTest.F90, line 183
  PASS  Create fields for multitile IO tests, ESMF_IO_MultitileUTest.F90, line 129
  PASS  Write a FieldBundle with multi-tile fields, ESMF_IO_MultitileUTest.F90, line 141
  PASS  Read a FieldBundle with multi-tile fields, ESMF_IO_MultitileUTest.F90, line 154
  PASS  Confirm that simple FieldBundle-read fields match originals, ESMF_IO_MultitileUTest.F90, line 170
  PASS  Confirm that FieldBundle-read field with ungridded dim matches original, ESMF_IO_MultitileUTest.F90, line 183
  PASS  Write a multi-tile Field to existing files, ESMF_IO_MultitileUTest.F90, line 200
  PASS  Rewrite an existing multi-tile Field to existing files, ESMF_IO_MultitileUTest.F90, line 216
  PASS  Read a multi-tile Field, ESMF_IO_MultitileUTest.F90, line 229
  PASS  Write a multi-tile Field to existing files, ESMF_IO_MultitileUTest.F90, line 200
  PASS  Rewrite an existing multi-tile Field to existing files, ESMF_IO_MultitileUTest.F90, line 216
  PASS  Read a multi-tile Field, ESMF_IO_MultitileUTest.F90, line 229
  PASS  Confirm that Field-read field matches original, ESMF_IO_MultitileUTest.F90, line 242
  PASS  Confirm that Field-read field matches original, ESMF_IO_MultitileUTest.F90, line 242
  PASS  Create fields for multitile IO tests, ESMF_IO_MultitileUTest.F90, line 129
  PASS  Write a FieldBundle with multi-tile fields, ESMF_IO_MultitileUTest.F90, line 141
  PASS  Read a FieldBundle with multi-tile fields, ESMF_IO_MultitileUTest.F90, line 154
  PASS  Confirm that simple FieldBundle-read fields match originals, ESMF_IO_MultitileUTest.F90, line 170
  PASS  Confirm that FieldBundle-read field with ungridded dim matches original, ESMF_IO_MultitileUTest.F90, line 183
  PASS  Write a multi-tile Field to existing files, ESMF_IO_MultitileUTest.F90, line 200
  PASS  Rewrite an existing multi-tile Field to existing files, ESMF_IO_MultitileUTest.F90, line 216
  PASS  Read a multi-tile Field, ESMF_IO_MultitileUTest.F90, line 229
  PASS  Confirm that Field-read field matches original, ESMF_IO_MultitileUTest.F90, line 242
  PASS  Create fields for multitile IO tests, ESMF_IO_MultitileUTest.F90, line 129
  PASS  Write a FieldBundle with multi-tile fields, ESMF_IO_MultitileUTest.F90, line 141
  PASS  Read a FieldBundle with multi-tile fields, ESMF_IO_MultitileUTest.F90, line 154
  PASS  Confirm that simple FieldBundle-read fields match originals, ESMF_IO_MultitileUTest.F90, line 170
  PASS  Confirm that FieldBundle-read field with ungridded dim matches original, ESMF_IO_MultitileUTest.F90, line 183
  PASS  Write a multi-tile Field to existing files, ESMF_IO_MultitileUTest.F90, line 200
  PASS  Rewrite an existing multi-tile Field to existing files, ESMF_IO_MultitileUTest.F90, line 216
  PASS  Read a multi-tile Field, ESMF_IO_MultitileUTest.F90, line 229
  PASS  Confirm that Field-read field matches original, ESMF_IO_MultitileUTest.F90, line 242
  PASS  Create fields for multitile IO tests, ESMF_IO_MultitileUTest.F90, line 129
  PASS  Create fields for multitile IO tests, ESMF_IO_MultitileUTest.F90, line 129
  PASS  Create fields for multitile IO tests, ESMF_IO_MultitileUTest.F90, line 129
  PASS  Write a FieldBundle with multi-tile fields, ESMF_IO_MultitileUTest.F90, line 141
  PASS  Write a FieldBundle with multi-tile fields, ESMF_IO_MultitileUTest.F90, line 141
  PASS  Read a FieldBundle with multi-tile fields, ESMF_IO_MultitileUTest.F90, line 154
  PASS  Write a FieldBundle with multi-tile fields, ESMF_IO_MultitileUTest.F90, line 141
  PASS  Read a FieldBundle with multi-tile fields, ESMF_IO_MultitileUTest.F90, line 154
  PASS  Read a FieldBundle with multi-tile fields, ESMF_IO_MultitileUTest.F90, line 154
  PASS  Confirm that simple FieldBundle-read fields match originals, ESMF_IO_MultitileUTest.F90, line 170
  PASS  Confirm that simple FieldBundle-read fields match originals, ESMF_IO_MultitileUTest.F90, line 170
  PASS  Confirm that FieldBundle-read field with ungridded dim matches original, ESMF_IO_MultitileUTest.F90, line 183
  PASS  Confirm that simple FieldBundle-read fields match originals, ESMF_IO_MultitileUTest.F90, line 170
  PASS  Confirm that FieldBundle-read field with ungridded dim matches original, ESMF_IO_MultitileUTest.F90, line 183
  PASS  Confirm that FieldBundle-read field with ungridded dim matches original, ESMF_IO_MultitileUTest.F90, line 183
  PASS  Write a multi-tile Field to existing files, ESMF_IO_MultitileUTest.F90, line 200
  PASS  Create single-tile field for failure testing, ESMF_IO_MultitileUTest.F90, line 251
  PASS  Failure test: try to write fields with different tile counts, ESMF_IO_MultitileUTest.F90, line 263
  PASS  Write a multi-tile Field to existing files, ESMF_IO_MultitileUTest.F90, line 200
  PASS  Rewrite an existing multi-tile Field to existing files, ESMF_IO_MultitileUTest.F90, line 216
  PASS  Read a multi-tile Field, ESMF_IO_MultitileUTest.F90, line 229
  PASS  Create single-tile field for failure testing, ESMF_IO_MultitileUTest.F90, line 251
  PASS  Failure test: try to write fields with different tile counts, ESMF_IO_MultitileUTest.F90, line 263
  PASS  Write a multi-tile Field to existing files, ESMF_IO_MultitileUTest.F90, line 200
  PASS  Rewrite an existing multi-tile Field to existing files, ESMF_IO_MultitileUTest.F90, line 216
  PASS  Read a multi-tile Field, ESMF_IO_MultitileUTest.F90, line 229
  PASS  Confirm that Field-read field matches original, ESMF_IO_MultitileUTest.F90, line 242
  PASS  Rewrite an existing multi-tile Field to existing files, ESMF_IO_MultitileUTest.F90, line 216
  PASS  Read a multi-tile Field, ESMF_IO_MultitileUTest.F90, line 229
  PASS  Confirm that Field-read field matches original, ESMF_IO_MultitileUTest.F90, line 242
  PASS  Confirm that Field-read field matches original, ESMF_IO_MultitileUTest.F90, line 242
  PASS  Create fields for multitile IO tests, ESMF_IO_MultitileUTest.F90, line 129
  PASS  Create arrays for multitile IO tests, ESMF_IO_MultitileUTest.F90, line 272
  PASS  Write a FieldBundle with multi-tile fields, ESMF_IO_MultitileUTest.F90, line 141
  PASS  Create arrays for multitile IO tests, ESMF_IO_MultitileUTest.F90, line 272
  PASS  Read a FieldBundle with multi-tile fields, ESMF_IO_MultitileUTest.F90, line 154
  PASS  Confirm that simple FieldBundle-read fields match originals, ESMF_IO_MultitileUTest.F90, line 170
  PASS  Write an ArrayBundle with multi-tile arrays, ESMF_IO_MultitileUTest.F90, line 284
  PASS  Create single-tile field for failure testing, ESMF_IO_MultitileUTest.F90, line 251
  PASS  Confirm that FieldBundle-read field with ungridded dim matches original, ESMF_IO_MultitileUTest.F90, line 183
  PASS  Write a multi-tile Field to existing files, ESMF_IO_MultitileUTest.F90, line 200
  PASS  Write an ArrayBundle with multi-tile arrays, ESMF_IO_MultitileUTest.F90, line 284
  PASS  Failure test: try to write fields with different tile counts, ESMF_IO_MultitileUTest.F90, line 263
  PASS  Rewrite an existing multi-tile Field to existing files, ESMF_IO_MultitileUTest.F90, line 216
  PASS  Read a multi-tile Field, ESMF_IO_MultitileUTest.F90, line 229
  PASS  Read an ArrayBundle with multi-tile arrays, ESMF_IO_MultitileUTest.F90, line 297
  PASS  Confirm that ArrayBundle-read arrays match originals, ESMF_IO_MultitileUTest.F90, line 312
  PASS  Read an ArrayBundle with multi-tile arrays, ESMF_IO_MultitileUTest.F90, line 297
  PASS  Confirm that ArrayBundle-read arrays match originals, ESMF_IO_MultitileUTest.F90, line 312
  PASS  Confirm that Field-read field matches original, ESMF_IO_MultitileUTest.F90, line 242
  PASS  Write a multi-tile Array to existing files, ESMF_IO_MultitileUTest.F90, line 325
  PASS  Write a multi-tile Array to existing files, ESMF_IO_MultitileUTest.F90, line 325
  PASS  Create arrays for multitile IO tests, ESMF_IO_MultitileUTest.F90, line 272
  PASS  Read a multi-tile Array, ESMF_IO_MultitileUTest.F90, line 338
  PASS  Confirm that Array-read array matches original, ESMF_IO_MultitileUTest.F90, line 351
  PASS  Write a multi-tile Field with uneven DEs per PET, ESMF_IO_MultitileUTest.F90, line 364
  PASS  Read a multi-tile Array, ESMF_IO_MultitileUTest.F90, line 338
  PASS  Confirm that Array-read array matches original, ESMF_IO_MultitileUTest.F90, line 351
  PASS  Write an ArrayBundle with multi-tile arrays, ESMF_IO_MultitileUTest.F90, line 284
  PASS  Read a multi-tile Field with uneven DEs per PET, ESMF_IO_MultitileUTest.F90, line 377
  PASS  Confirm that Field-read field matches original with uneven DEs per PET, ESMF_IO_MultitileUTest.F90, line 403
  PASS  Write a multi-tile Field with uneven DEs per PET, ESMF_IO_MultitileUTest.F90, line 364
  PASS  Read a multi-tile Field with uneven DEs per PET, ESMF_IO_MultitileUTest.F90, line 377
  PASS  Confirm that Field-read field matches original with uneven DEs per PET, ESMF_IO_MultitileUTest.F90, line 403
  PASS  Read an ArrayBundle with multi-tile arrays, ESMF_IO_MultitileUTest.F90, line 297
  PASS  Write a multi-tile Field with uneven DEs per PET and ungridded dims, ESMF_IO_MultitileUTest.F90, line 416
  PASS  Read a multi-tile Field with uneven DEs per PET and ungridded dims, ESMF_IO_MultitileUTest.F90, line 429
  PASS  Confirm that Field-read field matches original with uneven DEs per PET and ungridded dims, ESMF_IO_MultitileUTest.F90, line 455
  PASS  Write a multi-tile Field with uneven DEs per PET and ungridded dims, ESMF_IO_MultitileUTest.F90, line 416
  PASS  Confirm that ArrayBundle-read arrays match originals, ESMF_IO_MultitileUTest.F90, line 312
  Ending Test, file ESMF_IO_MultitileUTest.F90, line 462
  PASS  Read a multi-tile Field with uneven DEs per PET and ungridded dims, ESMF_IO_MultitileUTest.F90, line 429
  PASS  Confirm that Field-read field matches original with uneven DEs per PET and ungridded dims, ESMF_IO_MultitileUTest.F90, line 455
  PASS  Write a multi-tile Array to existing files, ESMF_IO_MultitileUTest.F90, line 325
  PASS  Create single-tile field for failure testing, ESMF_IO_MultitileUTest.F90, line 251
  Ending Test, file ESMF_IO_MultitileUTest.F90, line 462
  PASS  Failure test: try to write fields with different tile counts, ESMF_IO_MultitileUTest.F90, line 263
  PASS  Read a multi-tile Array, ESMF_IO_MultitileUTest.F90, line 338
  PASS  Confirm that Array-read array matches original, ESMF_IO_MultitileUTest.F90, line 351
  PASS  Write a multi-tile Field with uneven DEs per PET, ESMF_IO_MultitileUTest.F90, line 364
  PASS  Read a multi-tile Field with uneven DEs per PET, ESMF_IO_MultitileUTest.F90, line 377
  PASS  Confirm that Field-read field matches original with uneven DEs per PET, ESMF_IO_MultitileUTest.F90, line 403
  PASS  Write a multi-tile Field with uneven DEs per PET and ungridded dims, ESMF_IO_MultitileUTest.F90, line 416
  PASS  Create single-tile field for failure testing, ESMF_IO_MultitileUTest.F90, line 251
  PASS  Read a multi-tile Field with uneven DEs per PET and ungridded dims, ESMF_IO_MultitileUTest.F90, line 429
  PASS  Failure test: try to write fields with different tile counts, ESMF_IO_MultitileUTest.F90, line 263
  PASS  Confirm that Field-read field matches original with uneven DEs per PET and ungridded dims, ESMF_IO_MultitileUTest.F90, line 455
  Ending Test, file ESMF_IO_MultitileUTest.F90, line 462
  PASS  Create single-tile field for failure testing, ESMF_IO_MultitileUTest.F90, line 251
  PASS  Create arrays for multitile IO tests, ESMF_IO_MultitileUTest.F90, line 272
  PASS  Create single-tile field for failure testing, ESMF_IO_MultitileUTest.F90, line 251
  PASS  Failure test: try to write fields with different tile counts, ESMF_IO_MultitileUTest.F90, line 263
  PASS  Failure test: try to write fields with different tile counts, ESMF_IO_MultitileUTest.F90, line 263
  PASS  Write an ArrayBundle with multi-tile arrays, ESMF_IO_MultitileUTest.F90, line 284
  PASS  Read an ArrayBundle with multi-tile arrays, ESMF_IO_MultitileUTest.F90, line 297
  PASS  Create arrays for multitile IO tests, ESMF_IO_MultitileUTest.F90, line 272
  PASS  Confirm that ArrayBundle-read arrays match originals, ESMF_IO_MultitileUTest.F90, line 312
  PASS  Create arrays for multitile IO tests, ESMF_IO_MultitileUTest.F90, line 272
  PASS  Write an ArrayBundle with multi-tile arrays, ESMF_IO_MultitileUTest.F90, line 284
  PASS  Create arrays for multitile IO tests, ESMF_IO_MultitileUTest.F90, line 272
  PASS  Create single-tile field for failure testing, ESMF_IO_MultitileUTest.F90, line 251
  PASS  Write an ArrayBundle with multi-tile arrays, ESMF_IO_MultitileUTest.F90, line 284
  PASS  Read an ArrayBundle with multi-tile arrays, ESMF_IO_MultitileUTest.F90, line 297
  PASS  Confirm that ArrayBundle-read arrays match originals, ESMF_IO_MultitileUTest.F90, line 312
  PASS  Write a multi-tile Array to existing files, ESMF_IO_MultitileUTest.F90, line 325
  PASS  Write an ArrayBundle with multi-tile arrays, ESMF_IO_MultitileUTest.F90, line 284
  PASS  Failure test: try to write fields with different tile counts, ESMF_IO_MultitileUTest.F90, line 263
  PASS  Read a multi-tile Array, ESMF_IO_MultitileUTest.F90, line 338
  PASS  Read an ArrayBundle with multi-tile arrays, ESMF_IO_MultitileUTest.F90, line 297
  PASS  Read an ArrayBundle with multi-tile arrays, ESMF_IO_MultitileUTest.F90, line 297
  PASS  Confirm that ArrayBundle-read arrays match originals, ESMF_IO_MultitileUTest.F90, line 312
  PASS  Confirm that Array-read array matches original, ESMF_IO_MultitileUTest.F90, line 351
  PASS  Write a multi-tile Field with uneven DEs per PET, ESMF_IO_MultitileUTest.F90, line 364
  PASS  Confirm that ArrayBundle-read arrays match originals, ESMF_IO_MultitileUTest.F90, line 312
  PASS  Write a multi-tile Array to existing files, ESMF_IO_MultitileUTest.F90, line 325
  PASS  Read a multi-tile Field with uneven DEs per PET, ESMF_IO_MultitileUTest.F90, line 377
  PASS  Confirm that Field-read field matches original with uneven DEs per PET, ESMF_IO_MultitileUTest.F90, line 403
  PASS  Write a multi-tile Field with uneven DEs per PET and ungridded dims, ESMF_IO_MultitileUTest.F90, line 416
  PASS  Write a multi-tile Array to existing files, ESMF_IO_MultitileUTest.F90, line 325
  PASS  Read a multi-tile Array, ESMF_IO_MultitileUTest.F90, line 338
  PASS  Confirm that Array-read array matches original, ESMF_IO_MultitileUTest.F90, line 351
  PASS  Write a multi-tile Field with uneven DEs per PET, ESMF_IO_MultitileUTest.F90, line 364
  PASS  Read a multi-tile Field with uneven DEs per PET and ungridded dims, ESMF_IO_MultitileUTest.F90, line 429
  PASS  Confirm that Field-read field matches original with uneven DEs per PET and ungridded dims, ESMF_IO_MultitileUTest.F90, line 455
  PASS  Write a multi-tile Array to existing files, ESMF_IO_MultitileUTest.F90, line 325
  PASS  Create arrays for multitile IO tests, ESMF_IO_MultitileUTest.F90, line 272
  PASS  Write an ArrayBundle with multi-tile arrays, ESMF_IO_MultitileUTest.F90, line 284
  PASS  Read a multi-tile Array, ESMF_IO_MultitileUTest.F90, line 338
  PASS  Confirm that Array-read array matches original, ESMF_IO_MultitileUTest.F90, line 351
  PASS  Write a multi-tile Field with uneven DEs per PET, ESMF_IO_MultitileUTest.F90, line 364
  PASS  Read a multi-tile Field with uneven DEs per PET, ESMF_IO_MultitileUTest.F90, line 377
  PASS  Confirm that Field-read field matches original with uneven DEs per PET, ESMF_IO_MultitileUTest.F90, line 403
  PASS  Write a multi-tile Field with uneven DEs per PET and ungridded dims, ESMF_IO_MultitileUTest.F90, line 416
  PASS  Read a multi-tile Field with uneven DEs per PET and ungridded dims, ESMF_IO_MultitileUTest.F90, line 429
  Ending Test, file ESMF_IO_MultitileUTest.F90, line 462
  PASS  Read a multi-tile Array, ESMF_IO_MultitileUTest.F90, line 338
  PASS  Confirm that Array-read array matches original, ESMF_IO_MultitileUTest.F90, line 351
  PASS  Write a multi-tile Field with uneven DEs per PET, ESMF_IO_MultitileUTest.F90, line 364
  PASS  Read a multi-tile Field with uneven DEs per PET, ESMF_IO_MultitileUTest.F90, line 377
  PASS  Read an ArrayBundle with multi-tile arrays, ESMF_IO_MultitileUTest.F90, line 297
  PASS  Confirm that ArrayBundle-read arrays match originals, ESMF_IO_MultitileUTest.F90, line 312
  PASS  Read a multi-tile Field with uneven DEs per PET, ESMF_IO_MultitileUTest.F90, line 377
  PASS  Confirm that Field-read field matches original with uneven DEs per PET, ESMF_IO_MultitileUTest.F90, line 403
  PASS  Write a multi-tile Field with uneven DEs per PET and ungridded dims, ESMF_IO_MultitileUTest.F90, line 416
  PASS  Read a multi-tile Field with uneven DEs per PET and ungridded dims, ESMF_IO_MultitileUTest.F90, line 429
  PASS  Confirm that Field-read field matches original with uneven DEs per PET and ungridded dims, ESMF_IO_MultitileUTest.F90, line 455
  Ending Test, file ESMF_IO_MultitileUTest.F90, line 462
  PASS  Confirm that Field-read field matches original with uneven DEs per PET, ESMF_IO_MultitileUTest.F90, line 403
  PASS  Write a multi-tile Field with uneven DEs per PET and ungridded dims, ESMF_IO_MultitileUTest.F90, line 416
  PASS  Read a multi-tile Field with uneven DEs per PET and ungridded dims, ESMF_IO_MultitileUTest.F90, line 429
  PASS  Confirm that Field-read field matches original with uneven DEs per PET and ungridded dims, ESMF_IO_MultitileUTest.F90, line 455
  PASS  Confirm that Field-read field matches original with uneven DEs per PET and ungridded dims, ESMF_IO_MultitileUTest.F90, line 455
  Ending Test, file ESMF_IO_MultitileUTest.F90, line 462
  Ending Test, file ESMF_IO_MultitileUTest.F90, line 462
  PASS  Write a multi-tile Array to existing files, ESMF_IO_MultitileUTest.F90, line 325
  PASS  Read a multi-tile Array, ESMF_IO_MultitileUTest.F90, line 338
  PASS  Confirm that Array-read array matches original, ESMF_IO_MultitileUTest.F90, line 351
  PASS  Write a multi-tile Field with uneven DEs per PET, ESMF_IO_MultitileUTest.F90, line 364
  PASS  Read a multi-tile Field with uneven DEs per PET, ESMF_IO_MultitileUTest.F90, line 377
  PASS  Confirm that Field-read field matches original with uneven DEs per PET, ESMF_IO_MultitileUTest.F90, line 403
  PASS  Write a multi-tile Field with uneven DEs per PET and ungridded dims, ESMF_IO_MultitileUTest.F90, line 416
  PASS  Read a multi-tile Field with uneven DEs per PET and ungridded dims, ESMF_IO_MultitileUTest.F90, line 429
  PASS  Confirm that Field-read field matches original with uneven DEs per PET and ungridded dims, ESMF_IO_MultitileUTest.F90, line 455
  Ending Test, file ESMF_IO_MultitileUTest.F90, line 462
  PET           1  Test Elapsed Time    7.6519999999999921       msec.
  PET           3  Test Elapsed Time    7.7409999999999979       msec.
  PET           5  Test Elapsed Time    7.6190000000000007       msec.
  PET           7  Test Elapsed Time    7.5839999999999934       msec.
  PET           0  Test Elapsed Time    8.2349999999999923       msec.
  PET           2  Test Elapsed Time    8.4850000000000065       msec.
  PET           6  Test Elapsed Time    8.0940000000000047       msec.
  PET           4  Test Elapsed Time    8.0849999999999955       msec.
