2025-05-10 03:00:37
  Beginning Test, file ESMF_VMBarrierUTest.F90, line 66
  NUMBER_OF_PROCESSORS           4
  Beginning Test, file ESMF_VMBarrierUTest.F90, line 66
  NUMBER_OF_PROCESSORS           4
 timing precision is:   2.309999445060384E-007
 max timing precision is:   3.210000159015181E-007
  PASS  Timer Precision test, ESMF_VMBarrierUTest.F90, line 87
  Beginning Test, file ESMF_VMBarrierUTest.F90, line 66
  NUMBER_OF_PROCESSORS           4
 timing precision is:   3.000000106112566E-007
 max timing precision is:   3.210000159015181E-007
  PASS  Timer Precision test, ESMF_VMBarrierUTest.F90, line 87
  Beginning Test, file ESMF_VMBarrierUTest.F90, line 66
  NUMBER_OF_PROCESSORS           4
 timing precision is:   3.210000159015181E-007
 max timing precision is:   3.210000159015181E-007
  PASS  Timer Precision test, ESMF_VMBarrierUTest.F90, line 87
 timing precision is:   2.210000502600451E-007
 max timing precision is:   3.210000159015181E-007
  PASS  Timer Precision test, ESMF_VMBarrierUTest.F90, line 87
 slow Pet=           0 Pet=           0 time delay =    1.00002262599992      
 [  -- should be >=    1.00000000000000      --  ]
 slow Pet=           0 Pet=           1 time delay =    1.00002224499997      
 [  -- should be >=    1.00000000000000      --  ]
 slow Pet=           0 Pet=           2 time delay =    1.00000833899992      
 [  -- should be >=    1.00000000000000      --  ]
 slow Pet=           0 Pet=           3 time delay =    1.00002290699990      
 [  -- should be >=    1.00000000000000      --  ]
 slow Pet=           1 Pet=           0 time delay =    1.00000910999995      
 [  -- should be >=    1.00000000000000      --  ]
 slow Pet=           1 Pet=           1 time delay =    1.00000921000003      
 [  -- should be >=    1.00000000000000      --  ]
 slow Pet=           1 Pet=           2 time delay =    1.00001001200008      
 [  -- should be >=    1.00000000000000      --  ]
 slow Pet=           1 Pet=           3 time delay =    1.00001038299990      
 [  -- should be >=    1.00000000000000      --  ]
 slow Pet=           2 Pet=           0 time delay =    1.00000703600006      
 [  -- should be >=    1.00000000000000      --  ]
 slow Pet=           2 Pet=           1 time delay =    1.00000737699997      
 [  -- should be >=    1.00000000000000      --  ]
 slow Pet=           2 Pet=           2 time delay =    1.00000746699993      
 [  -- should be >=    1.00000000000000      --  ]
 slow Pet=           2 Pet=           3 time delay =    1.00000784800000      
 [  -- should be >=    1.00000000000000      --  ]
 slow Pet=           3 Pet=           0 time delay =    1.00001295699997      
 [  -- should be >=    1.00000000000000      --  ]
  PASS  Barrier Test, ESMF_VMBarrierUTest.F90, line 122
 slow Pet=           3 Pet=           1 time delay =    1.00001287700002      
 [  -- should be >=    1.00000000000000      --  ]
  PASS  Barrier Test, ESMF_VMBarrierUTest.F90, line 122
  Ending Test, file ESMF_VMBarrierUTest.F90, line 124
 slow Pet=           3 Pet=           2 time delay =    1.00001291699994      
 [  -- should be >=    1.00000000000000      --  ]
  PASS  Barrier Test, ESMF_VMBarrierUTest.F90, line 122
  Ending Test, file ESMF_VMBarrierUTest.F90, line 124
 slow Pet=           3 Pet=           3 time delay =    1.00001277700005      
 [  -- should be >=    1.00000000000000      --  ]
  PASS  Barrier Test, ESMF_VMBarrierUTest.F90, line 122
  Ending Test, file ESMF_VMBarrierUTest.F90, line 124
  Ending Test, file ESMF_VMBarrierUTest.F90, line 124
  PET           1  Test Elapsed Time    4000.05100000000       msec.
  PET           2  Test Elapsed Time    4000.16900000000       msec.
  PET           0  Test Elapsed Time    3999.70400000000       msec.
  PET           3  Test Elapsed Time    4000.27000000000       msec.
