2025-05-08 22:41:45
  Beginning Test, file ESMF_VMOpenMPUTest.F90, line 57
  Beginning Test, file ESMF_VMOpenMPUTest.F90, line 57
  NUMBER_OF_PROCESSORS           4
  Beginning Test, file ESMF_VMOpenMPUTest.F90, line 57
  NUMBER_OF_PROCESSORS           4
  NUMBER_OF_PROCESSORS           4
 tid =            0
  PASS  Check that OpenMP functions correctly if it is available, ESMF_VMOpenMPU
 Test.F90, line 84
  Beginning Test, file ESMF_VMOpenMPUTest.F90, line 57
  NUMBER_OF_PROCESSORS           4
 tid =            0
  PASS  Check that OpenMP functions correctly if it is available, ESMF_VMOpenMPU
 Test.F90, line 84
 tid =            0
  PASS  Check that OpenMP functions correctly if it is available, ESMF_VMOpenMPU
 Test.F90, line 84
 ESMF was compiled with OpenMP
 tid =            0
  PASS  Check that OpenMP functions correctly if it is available, ESMF_VMOpenMPU
 Test.F90, line 84
 ESMF was compiled with OpenMP
  PASS  Determine whether ESMF library was compiled with OpenMP, ESMF_VMOpenMPUT
 est.F90, line 97
  Ending Test, file ESMF_VMOpenMPUTest.F90, line 101
 ESMF was compiled with OpenMP
  PASS  Determine whether ESMF library was compiled with OpenMP, ESMF_VMOpenMPUT
 est.F90, line 97
  Ending Test, file ESMF_VMOpenMPUTest.F90, line 101
 ESMF was compiled with OpenMP
  PASS  Determine whether ESMF library was compiled with OpenMP, ESMF_VMOpenMPUT
 est.F90, line 97
  Ending Test, file ESMF_VMOpenMPUTest.F90, line 101
  PASS  Determine whether ESMF library was compiled with OpenMP, ESMF_VMOpenMPUT
 est.F90, line 97
  Ending Test, file ESMF_VMOpenMPUTest.F90, line 101
  PET           3  Test Elapsed Time    5.98799999999999       msec.
  PET           1  Test Elapsed Time    6.18099999999999       msec.
  PET           2  Test Elapsed Time    6.03900000000002       msec.
  PET           0  Test Elapsed Time    6.17499999999999       msec.
