2025-05-09 07:51:29
nside mygcomp_setvm()
 stdout inside mygcomp_register_exh() from localPet=            0
 stdout inside mygcomp_setvm()
 stdout inside mygcomp_register_exh() from localPet=            0
 stdout inside mygcomp_setvm()
 stdout inside mygcomp_register_exh() from localPet=            0
 stdout inside mygcomp_setvm()
 stdout inside mygcomp_register_exh() from localPet=            0
 stdout inside mygcomp_setvm()
 stdout inside mygcomp_register_exh() from localPet=            0
 stdout inside mygcomp_setvm()
 stdout inside mygcomp_register_exh() from localPet=            0
 stdout inside mygcomp_setvm()
 stdout inside mygcomp_register_exh() from localPet=            0
 stdout inside mygcomp_setvm()
 stdout inside mygcomp_register_exh() from localPet=            0
 stdout inside mygcomp_setvm()
 stdout inside mygcomp_register_exh() from localPet=            0
 stdout inside mygcomp_setvm()
 stdout inside mygcomp_register_exh() from localPet=            0
 stdout inside mygcomp_setvm()
 stdout inside mygcomp_register_exh() from localPet=            0
 stdout inside mygcomp_setvm()
 stdout inside mygcomp_register_exh() from localPet=            0
 stdout inside mygcomp_setvm()
 stdout inside mygcomp_register_exh() from localPet=            0
 stdout inside mygcomp_setvm()
 stdout inside mygcomp_register_exh() from localPet=            0
 stdout inside mygcomp_setvm()
 stdout inside mygcomp_register_exh() from localPet=            0
 stdout inside mygcomp_setvm()
 stdout inside mygcomp_register_exh() from localPet=            0
 stdout inside mygcomp_setvm()
 stdout inside mygcomp_register_exh() from localPet=            0
 stdout inside mygcomp_setvm()
 stdout inside mygcomp_register_exh() from localPet=            0
 stdout inside mygcomp_setvm()
 stdout inside mygcomp_register_exh() from localPet=            0
 stdout inside mygcomp_setvm()
 stdout inside mygcomp_register_exh() from localPet=            0
 stdout inside mygcomp_setvm()
 stdout inside mygcomp_register_exh() from localPet=            0
 stdout inside mygcomp_setvm()
 stdout inside mygcomp_register_exh() from localPet=            0
 stdout inside mygcomp_setvm()
 stdout inside mygcomp_register_exh() from localPet=            0
 stdout inside mygcomp_setvm()
 stdout inside mygcomp_register_exh() from localPet=            0
 stdout inside mygcomp_setvm()
 stdout inside mygcomp_register_exh() from localPet=            0
 stdout inside mygcomp_setvm()
 stdout inside mygcomp_register_exh() from localPet=            0
 stdout inside mygcomp_setvm()
 stdout inside mygcomp_register_exh() from localPet=            0
 stdout inside mygcomp_setvm()
 stdout inside mygcomp_register_exh() from localPet=            0
 stdout inside mygcomp_setvm()
 stdout inside mygcomp_register_exh() from localPet=            0
 stdout inside mygcomp_setvm()
 stdout inside mygcomp_register_exh() from localPet=            0
 stdout inside mygcomp_setvm()
 stdout inside mygcomp_register_exh() from localPet=            0
 stdout inside mygcomp_setvm()
 stdout inside mygcomp_register_exh() from localPet=            0
 stdout inside mygcomp_setvm()
 stdout inside mygcomp_register_exh() from localPet=            0
 stdout inside mygcomp_setvm()
 stdout inside mygcomp_register_exh() from localPet=            0
 stdout inside mygcomp_setvm()
 stdout inside mygcomp_register_exh() from localPet=            0
 stdout inside mygcomp_setvm()
 stdout inside mygcomp_register_exh() from localPet=            0
 stdout inside mygcomp_setvm()
 stdout inside mygcomp_register_exh() from localPet=            0
 stdout inside mygcomp_setvm()
 stdout inside mygcomp_register_exh() from localPet=            0
 stdout inside mygcomp_setvm()
 stdout inside mygcomp_register_exh() from localPet=            0
 stdout inside mygcomp_setvm()
 stdout inside mygcomp_register_exh() from localPet=            0
 stdout inside mygcomp_setvm()
 stdout inside mygcomp_register_exh() from localPet=            0
 stdout inside mygcomp_setvm()
 stdout inside mygcomp_register_exh() from localPet=            0
 stdout inside mygcomp_setvm()
 stdout inside mygcomp_register_exh() from localPet=            0
 stdout inside mygcomp_setvm()
 stdout inside mygcomp_register_exh() from localPet=            0
 stdout inside mygcomp_setvm()
 stdout inside mygcomp_register_exh() from localPet=            0
 stdout inside mygcomp_setvm()
 stdout inside mygcomp_register_exh() from localPet=            0
 stdout inside mygcomp_setvm()
 stdout inside mygcomp_register_exh() from localPet=            0
 stdout inside mygcomp_setvm()
 stdout inside mygcomp_register_exh() from localPet=            0
 stdout inside mygcomp_setvm()
 stdout inside mygcomp_register_exh() from localPet=            0
 stdout inside mygcomp_setvm()
 stdout inside mygcomp_register_exh() from localPet=            0
 stdout inside mygcomp_setvm()
 stdout inside mygcomp_register_exh() from localPet=            0
 stdout inside mygcomp_setvm()
 stdout inside mygcomp_register_exh() from localPet=            0
 stdout inside mygcomp_setvm()
 stdout inside mygcomp_register_exh() from localPet=            0
 stdout inside mygcomp_setvm()
 stdout inside mygcomp_register_exh() from localPet=            0
 stdout inside mygcomp_setvm()
 stdout inside mygcomp_register_exh() from localPet=            0
 stdout inside mygcomp_setvm()
 stdout inside mygcomp_register_exh() from localPet=            0
 stdout inside mygcomp_setvm()
 stdout inside mygcomp_register_exh() from localPet=            0
 stdout inside mygcomp_setvm()
 stdout inside mygcomp_register_exh() from localPet=            0
 stdout inside mygcomp_setvm()
 stdout inside mygcomp_register_exh() from localPet=            0
 stdout inside mygcomp_setvm()
 stdout inside mygcomp_register_exh() from localPet=            0
 stdout inside mygcomp_setvm()
 stdout inside mygcomp_register_exh() from localPet=            0
 stdout inside mygcomp_setvm()
 stdout inside mygcomp_register_exh() from localPet=            0
 stdout inside mygcomp_setvm()
 stdout inside mygcomp_register_exh() from localPet=            0
 stdout inside mygcomp_setvm()
 stdout inside mygcomp_register_exh() from localPet=            0
 stdout inside mygcomp_setvm()
 stdout inside mygcomp_register_exh() from localPet=            0
 stdout inside mygcomp_setvm()
 stdout inside mygcomp_register_exh() from localPet=            0
 stdout inside mygcomp_setvm()
 stdout inside mygcomp_register_exh() from localPet=            0
 stdout inside mygcomp_setvm()
 stdout inside mygcomp_register_exh() from localPet=            0
 stdout inside mygcomp_setvm()
 stdout inside mygcomp_register_exh() from localPet=            0
 stdout inside mygcomp_setvm()
 stdout inside mygcomp_register_exh() from localPet=            0
 stdout inside mygcomp_setvm()
 stdout inside mygcomp_register_exh() from localPet=            0
 stdout inside mygcomp_setvm()
 stdout inside mygcomp_register_exh() from localPet=            0
 stdout inside mygcomp_setvm()
 stdout inside mygcomp_register_exh() from localPet=            0
 stdout inside mygcomp_setvm()
 stdout inside mygcomp_register_exh() from localPet=            0
 stdout inside mygcomp_setvm()
 stdout inside mygcomp_register_exh() from localPet=            0
 stdout inside mygcomp_setvm()
 stdout inside mygcomp_register_exh() from localPet=            0
 stdout inside mygcomp_setvm()
 stdout inside mygcomp_register_exh() from localPet=            0
 stdout inside mygcomp_setvm()
 stdout inside mygcomp_register_exh() from localPet=            0
 stdout inside mygcomp_setvm()
 stdout inside mygcomp_register_exh() from localPet=            0
 stdout inside mygcomp_setvm()
 stdout inside mygcomp_register_exh() from localPet=            0
 stdout inside mygcomp_setvm()
 stdout inside mygcomp_register_exh() from localPet=            0
 stdout inside mygcomp_setvm()
 stdout inside mygcomp_register_exh() from localPet=            0
 stdout inside mygcomp_setvm()
 stdout inside mygcomp_register_exh() from localPet=            0
 stdout inside mygcomp_setvm()
 stdout inside mygcomp_register_exh() from localPet=            0
 stdout inside mygcomp_setvm()
 stdout inside mygcomp