2025-05-07 23:26:14
  Beginning Test, file ESMF_InfoCacheUTest.F90, line 60
  NUMBER_OF_PROCESSORS           4
  Beginning Test, file ESMF_InfoCacheUTest.F90, line 60
  NUMBER_OF_PROCESSORS           4
  Beginning Test, file ESMF_InfoCacheUTest.F90, line 60
  NUMBER_OF_PROCESSORS           4
  Beginning Test, file ESMF_InfoCacheUTest.F90, line 60
  NUMBER_OF_PROCESSORS           4
  PASS  Initialize + Destroy, ESMF_InfoCacheUTest.F90, line 82
  PASS  Initialize + Destroy, ESMF_InfoCacheUTest.F90, line 82
  PASS  Initialize + Destroy, ESMF_InfoCacheUTest.F90, line 82
  PASS  Initialize + Destroy, ESMF_InfoCacheUTest.F90, line 82
  PASS  Update for State, ESMF_InfoCacheUTest.F90, line 164
  PASS  Update for State, ESMF_InfoCacheUTest.F90, line 164
  PASS  Update for State, ESMF_InfoCacheUTest.F90, line 164
  PASS  Update for State, ESMF_InfoCacheUTest.F90, line 164
  Ending Test, file ESMF_InfoCacheUTest.F90, line 194
  Ending Test, file ESMF_InfoCacheUTest.F90, line 194
  Ending Test, file ESMF_InfoCacheUTest.F90, line 194
  Ending Test, file ESMF_InfoCacheUTest.F90, line 194
  PET           0  Test Elapsed Time    3.7289999999999996       msec.
  PET           1  Test Elapsed Time    3.6960000000000015       msec.
  PET           2  Test Elapsed Time    3.8069999999999977       msec.
  PET           3  Test Elapsed Time    3.9429999999999987       msec.
